data/data sets/avocado0915.csv
region,Timeframe,Date,type,AveragePrice,Total Volume,4046,4225,4770,Total Bags,Small Bags,Large Bags,XLarge Bags
Albany,Weekly,1/6/2020,conventional,0.92,185688.43,4038.61,163629.86,193.31,17826.65,7098.37,9384.95,1343.33
Albany,Weekly,1/12/2020,conventional,0.97,134040.63,3934.24,106147.5,209.81,23749.08,8715.36,13781.5,1252.22
Albany,Weekly,1/19/2020,conventional,1.03,158753.71,5475.8,127139.63,319.44,25818.84,10230.82,14368.02,1220
Albany,Weekly,1/26/2020,conventional,1.11,119807.77,4411.65,83404.51,272,31719.61,11175.72,18697.23,1846.66
Albany,Weekly,2/2/2020,conventional,0.95,211532.44,5355.48,179942.09,224.47,26010.4,12207.97,12379.1,1423.33
Albany,Weekly,2/9/2020,conventional,1.14,128069.92,4697.68,97662.45,118.37,25591.42,10923.15,13096.05,1572.22
Albany,Weekly,2/16/2020,conventional,1.17,111113.13,4818.5,80974.81,123.97,25195.85,10232.17,13425.91,1537.77
Albany,Weekly,2/23/2020,conventional,1.27,137400.43,4595.03,108727.95,123.45,23954,10464.84,11904.72,1584.44
Albany,Weekly,3/1/2020,conventional,1.24,116416.8,11008.46,81542.65,80.23,23785.46,16697.49,5533.88,1554.09
Albany,Weekly,3/8/2020,conventional,1.03,156156.46,7738.14,115974.31,113.97,32330.04,18802.68,12114.03,1413.33
Albany,Weekly,3/15/2020,conventional,1.22,153814.51,14049.32,102561.28,118.47,37085.44,20883.61,14777.39,1424.44
Albany,Weekly,3/22/2020,conventional,1.29,182491.92,13928.75,131063.16,197,37303.01,22595.9,13209.33,1497.78
Albany,Weekly,4/19/2020,conventional,1.38,138887.32,17740.21,91618.97,200.34,29327.8,15732.49,11937.53,1657.78
Albany,Weekly,4/12/2020,conventional,1.22,149128.13,20314.9,98707.73,195.97,29909.53,19106.42,9243.11,1560
Albany,Weekly,4/5/2020,conventional,1.2,142597.55,18591.22,91346.12,208.09,32452.12,17673.66,13320.69,1457.77
Albany,Weekly,3/29/2020,conventional,1.08,161994.75,25379.38,109799.57,197.88,26617.92,15653.14,9547.01,1417.77
Albany,Weekly,5/17/2020,conventional,1.46,177787.45,10167.44,132059.98,204,35356.03,19124.16,15009.65,1222.22
Albany,Weekly,5/10/2020,conventional,1.12,214311.71,13190.62,164035.15,237,36848.94,19766.35,14782.6,2299.99
Albany,Weekly,5/3/2020,conventional,1.24,167927,10472.86,121998.95,260.22,35194.97,18671.7,14959.93,1563.34
Albany,Weekly,4/26/2020,conventional,1.05,185207.02,11041.33,141804.21,129.22,32232.26,17298.32,13218.38,1715.56
Albany,Weekly,6/14/2020,conventional,0.97,225804,11376,179430,499,34498,18750,13875,1873
Albany,Weekly,6/7/2020,conventional,1.22,165016,10362,118228,185,36241,18289,15647,2306
Albany,Weekly,5/31/2020,conventional,1.47,209089,12068,162696,312,34012,16886,15177,1950
Albany,Weekly,5/24/2020,conventional,1.4,178294,10704,127652,287,39651,19750,17923,1978
Albany,Weekly,7/12/2020,conventional,1.48,158747.18,7553.38,124381.69,346.11,26466,17392.83,7333.17,1740
Albany,Weekly,7/5/2020,conventional,1.41,159709.66,11425.42,125209.9,354.33,22720.01,16068.7,5501.31,1150
Albany,Weekly,6/28/2020,conventional,1.09,162991.94,11482.52,133755.29,266.6,17487.53,14528.15,2422.72,536.66
Albany,Weekly,6/21/2020,conventional,1.28,150850.26,11202.65,118629.64,307.38,20710.59,12768.43,6888.83,1053.33
Atlanta,Weekly,1/6/2020,conventional,0.89,812755.45,355460.73,37303.12,2905.78,417085.82,371318.63,45627.67,139.52
Atlanta,Weekly,1/12/2020,conventional,0.88,844402.2,372120.95,37790.11,2637.07,431854.07,370512.24,61173.39,168.44
Atlanta,Weekly,1/19/2020,conventional,0.88,824648.09,381041.13,34983.18,3683.86,404939.92,351862.68,52910.96,166.28
Atlanta,Weekly,1/26/2020,conventional,0.93,827996.78,388506.03,35682.99,2772.47,401035.29,331555.58,69328.18,151.53
Atlanta,Weekly,2/2/2020,conventional,0.88,1011539.76,436791.05,67601.63,774.14,506372.94,359763.03,146579.82,30.09
Atlanta,Weekly,2/9/2020,conventional,0.95,874514.64,328125.6,67151.85,149.94,479087.25,292118.48,186950.58,18.19
Atlanta,Weekly,2/16/2020,conventional,0.92,759742.93,287470.61,49706.62,52,422513.7,289811.73,132667.96,34.01
Atlanta,Weekly,2/23/2020,conventional,0.92,739776.91,325105.51,35129.69,88.03,379453.68,312524.97,66903.63,25.08
Atlanta,Weekly,3/1/2020,conventional,1.04,760479.78,307733.92,30567,73.24,422105.62,359261.45,62664.75,179.42
Atlanta,Weekly,3/8/2020,conventional,1.06,802451.89,333544.07,29009.96,82.1,439815.76,389723.33,49769.47,322.96
Atlanta,Weekly,3/15/2020,conventional,1.04,1003594.68,414204.98,32773.76,103.61,556512.33,482696.46,73754.76,61.11
Atlanta,Weekly,3/22/2020,conventional,1.02,907780.4,387374.32,31124.3,80.13,489201.65,418455.7,70715.7,30.25
Atlanta,Weekly,4/19/2020,conventional,1.07,927544.06,427949.17,30216.25,93.51,469285.13,425543.91,43520.44,220.78
Atlanta,Weekly,4/12/2020,conventional,1.08,860374.38,394493.66,34119.74,99.31,431661.67,379885.92,51415.73,360.02
Atlanta,Weekly,4/5/2020,conventional,1.07,1012971.16,467667.61,27644.62,141.21,517517.72,470013.68,47357.6,146.44
Atlanta,Weekly,3/29/2020,conventional,1.08,900903.61,405382.91,31148.87,125.72,464246.11,421742.94,42453.46,49.71
Atlanta,Weekly,5/17/2020,conventional,1.02,985535.06,446801.91,25881.36,115.81,512735.98,466167.52,46251.8,316.66
Atlanta,Weekly,5/10/2020,conventional,1.04,988167.29,429514.66,26092.02,164.11,532396.5,481794.96,49989.21,612.33
Atlanta,Weekly,5/3/2020,conventional,0.99,1132758.55,547532.02,30228.9,865.91,554131.72,509262.16,44675.55,194.01
Atlanta,Weekly,4/26/2020,conventional,1.09,934465.64,428672.55,28654.04,67.1,477071.95,439454.17,37537.56,80.22
Atlanta,Weekly,6/14/2020,conventional,0.91,975319,410520,23947,70,540783,485742,54732,309
Atlanta,Weekly,6/7/2020,conventional,1.01,930674,407414,27622,60,495579,440403,55005,171
Atlanta,Weekly,5/31/2020,conventional,1.04,938204,429734,28379,99,479992,427790,51807,394
Atlanta,Weekly,5/24/2020,conventional,0.96,1057753,497966,29154,107,530525,481032,49290,203
Atlanta,Weekly,7/12/2020,conventional,0.87,894123.79,369450.99,30124.5,75.7,494472.6,439562.76,53119.84,1790
Atlanta,Weekly,7/5/2020,conventional,0.94,939336.59,405223.32,27736.69,97.44,506279.14,447831.11,56072.95,2375.08
Atlanta,Weekly,6/28/2020,conventional,0.95,880416.25,361866.51,25170.86,51.45,493327.43,441505.98,50298.92,1522.53
Atlanta,Weekly,6/21/2020,conventional,0.91,944439.77,379384.84,24514.3,38.53,540502.1,485673.47,51990.84,2837.79
Baltimore/Washington,Weekly,1/6/2020,conventional,1.13,1040583.36,120288.69,522244.65,6213.88,391836.14,239052.24,152663.9,120
Baltimore/Washington,Weekly,1/12/2020,conventional,1.26,948410.14,98296.04,412765.32,4715.95,432632.83,263850.85,168535.31,246.67
Baltimore/Washington,Weekly,1/19/2020,conventional,1.23,1077672.01,120998.35,443795.34,4901.79,507976.53,350912.36,156830.84,233.33
Baltimore/Washington,Weekly,1/26/2020,conventional,1.2,1123603.36,105729.94,454790.78,5323.04,557759.6,311589.05,246019.44,151.11
Baltimore/Washington,Weekly,2/2/2020,conventional,1.13,1282598.37,141042.32,486626.63,3356.63,651572.79,397500.37,253922.42,150
Baltimore/Washington,Weekly,2/9/2020,conventional,1.08,1196450.98,122987.76,577234.27,1811.11,494417.84,312869.36,176335.14,5213.34
Baltimore/Washington,Weekly,2/16/2020,conventional,1.32,947108.57,120999.81,402550.86,1635.51,421922.39,267827.44,148824.95,5270
Baltimore/Washington,Weekly,2/23/2020,conventional,1.31,971156.57,122418.49,436182.38,2127.36,410428.34,254683.56,151608.12,4136.66
Baltimore/Washington,Weekly,3/1/2020,conventional,1.26,1059786.04,125931.42,487310.14,5410.48,441134,245125.44,191022.3,4986.26
Baltimore/Washington,Weekly,3/8/2020,conventional,1.42,1004867.97,128890.88,434938.66,2158.42,438880.01,279422.51,156397.5,3060
Baltimore/Washington,Weekly,3/15/2020,conventional,1.46,1161981.01,180243.74,442905.57,1658.46,537173.24,324804.38,206242.19,6126.67
Baltimore/Washington,Weekly,3/22/2020,conventional,1.41,1194384.67,235185.65,428390.7,1296.84,529511.48,291960.08,232007.81,5543.59
Baltimore/Washington,Weekly,4/19/2020,conventional,1.4,1190966.77,233989.88,405008.61,2432.5,549535.78,311767.75,231680.45,6087.58
Baltimore/Washington,Weekly,4/12/2020,conventional,1.34,1259048.49,244883.23,419206.54,2002.87,592955.85,308505.11,277068.09,7382.65
Baltimore/Washington,Weekly,4/5/2020,conventional,1.2,1308030.42,302310.21,481532.87,1672.33,522515.01,277161.72,240182.18,5171.11
Baltimore/Washington,Weekly,3/29/2020,conventional,1.4,1177873.26,249515.22,427211.91,1559.11,499587.02,238289.75,255074.95,6222.32
Baltimore/Washington,Weekly,5/17/2020,conventional,1.31,1229791.33,164176.71,489929.56,4252.6,571432.46,322309.67,242289.66,6833.13
Baltimore/Washington,Weekly,5/10/2020,conventional,1.14,1548164.82,189219.68,688437.72,3531.05,666976.37,372584.2,287902.97,6489.2
Baltimore/Washington,Weekly,5/3/2020,conventional,1.2,1535357.81,191727.34,556794.15,3888.87,782947.45,438586.2,338031.25,6330
Baltimore/Washington,Weekly,4/26/2020,conventional,1.41,1264401.98,162709.87,544454.73,4257.44,552979.94,323473.44,223719.59,5786.91
Baltimore/Washington,Weekly,6/14/2020,conventional,1.31,1265031,142114,490604,5938,626376,395981,225983,4412
Baltimore/Washington,Weekly,6/7/2020,conventional,1.31,1274389,149205,506814,5568,612802,384215,224937,3650
Baltimore/Washington,Weekly,5/31/2020,conventional,1.31,1293431,163797,525924,4198,599513,358814,233825,6873
Baltimore/Washington,Weekly,5/24/2020,conventional,1.28,1338522,170651,502655,4191,661026,395043,259084,6899
Baltimore/Washington,Weekly,7/12/2020,conventional,1.28,1150834.2,127548.9,450125.45,5548.02,567611.83,270202.49,291056.99,6352.35
Baltimore/Washington,Weekly,7/5/2020,conventional,1.29,1230513.48,133383.8,482396.4,5343.66,609389.62,301819.58,301856.7,5713.34
Baltimore/Washington,Weekly,6/28/2020,conventional,1.35,1136183.95,127966.78,462802.17,5593.79,539821.21,321787.76,216076.79,1956.66
Baltimore/Washington,Weekly,6/21/2020,conventional,1.33,1203033.08,133151,474775.72,4578.81,590527.55,357292.51,227245.04,5990
Boise,Weekly,1/6/2020,conventional,1.09,121921.1,35816.52,8749.59,1834.52,75520.47,39530.82,31962.59,4027.06
Boise,Weekly,1/12/2020,conventional,1.02,141505.85,41313.77,9217.38,1231.79,89742.91,44381.25,34285.52,11076.14
Boise,Weekly,1/19/2020,conventional,0.92,148024.21,49737.45,5048.91,1146.98,92090.87,55834.87,25556.53,10699.47
Boise,Weekly,1/26/2020,conventional,1.05,122496.42,43258.55,5324.44,1227.73,72685.7,39893.16,21490.7,11301.84
Boise,Weekly,2/2/2020,conventional,0.92,157296.29,51155.66,7015.17,2956.78,96168.68,60132.55,26333.46,9702.67
Boise,Weekly,2/9/2020,conventional,0.97,138762.65,54658.92,5782.57,1831.26,76489.9,36876.99,31295.55,8317.36
Boise,Weekly,2/16/2020,conventional,1.09,121103.74,41861.86,4913.93,1148.64,73179.31,39449.58,23091.19,10638.54
Boise,Weekly,2/23/2020,conventional,1,140135.72,40579.74,6573.85,1274.04,91708.09,52155.7,27723.6,11828.79
Boise,Weekly,3/1/2020,conventional,1.12,130061.11,37536.83,5845.14,1043.19,85635.95,49793.8,25158.79,10683.36
Boise,Weekly,3/8/2020,conventional,1.12,135166.3,38848.44,5125.17,1141.66,90051.03,62427.91,17172.83,10450.29
Boise,Weekly,3/15/2020,conventional,1.38,131063.13,38266.83,5298.54,1581.82,85915.94,46255.24,25058.81,14601.89
Boise,Weekly,3/22/2020,conventional,1.17,143357.23,39581.01,7286.63,1217.3,95272.29,55214.66,28368,11689.63
Boise,Weekly,4/19/2020,conventional,1.46,120090.94,38423.72,7704.85,2751.74,71210.63,32991.7,29167.98,9050.95
Boise,Weekly,4/12/2020,conventional,1.31,134663.82,44804.11,9019.85,2154.91,78684.95,36416.93,33273.54,8994.48
Boise,Weekly,4/5/2020,conventional,1.26,132580.15,45099.5,8609.94,1771.99,77098.72,34745.79,27026.73,15326.2
Boise,Weekly,3/29/2020,conventional,1.39,123897.01,39639.72,8073.74,1970.06,74213.49,37029.48,22679.91,14504.1
Boise,Weekly,5/17/2020,conventional,1.25,140793.36,39494.95,7862.48,1570.01,91865.92,41595.17,40359.13,9911.62
Boise,Weekly,5/10/2020,conventional,1.22,156546.54,45425.78,10734.28,1679.96,98706.52,46859.22,44213.33,7633.97
Boise,Weekly,5/3/2020,conventional,1.27,158650.96,41211.74,11034.68,2036.87,104367.67,48228.33,46981.88,9157.46
Boise,Weekly,4/26/2020,conventional,1.41,123545.44,35484.45,7137.89,2449.72,78473.38,34494.79,34599.5,9379.09
Boise,Weekly,6/14/2020,conventional,1.17,147422,30639,9937,1862,104984,41990,42821,20173
Boise,Weekly,6/7/2020,conventional,1.24,143387,36870,8249,1755,96513,41185,39323,16005
Boise,Weekly,5/31/2020,conventional,1.26,145267,36193,8901,1627,98546,39891,46560,12095
Boise,Weekly,5/24/2020,conventional,1.28,148185,36879,8117,1629,101560,45367,44365,11829
Boise,Weekly,7/12/2020,conventional,1.03,157940.68,39794.76,8887.81,1480.97,107777.14,54077.1,39451,14249.04
Boise,Weekly,7/5/2020,conventional,1.2,147715.31,39815.5,7492.43,1932.74,98474.64,41543.85,35607.36,21323.43
Boise,Weekly,6/28/2020,conventional,1.17,140317.37,34915.46,7507.54,1332.35,96562.02,48933.36,32838.28,14790.38
Boise,Weekly,6/21/2020,conventional,1.21,137261.52,32447.64,10276.48,1386.13,93151.27,42914.84,35591.79,14644.64
Boston,Weekly,1/6/2020,conventional,1.18,762475.92,11242.17,494342.34,1486.19,255405.22,110420.12,144661.77,323.33
Boston,Weekly,1/12/2020,conventional,1.27,712912.97,13429.49,439759.93,1387.48,258336.07,149663.12,108292.95,380
Boston,Weekly,1/19/2020,conventional,1.23,804999.29,17036.72,478246.46,2442.27,307273.84,153783.71,153160.13,330
Boston,Weekly,1/26/2020,conventional,1.2,756344.44,14627.17,402936.03,2032.79,336748.45,140249.77,195772.01,726.67
Boston,Weekly,2/2/2020,conventional,1.19,859319.82,17581.35,556855.87,1270.45,283612.15,139883.29,143712.2,16.66
Boston,Weekly,2/9/2020,conventional,1.24,820684.32,18612.56,518689.86,729.1,282652.8,119126.61,161666.19,1860
Boston,Weekly,2/16/2020,conventional,1.35,682139.78,16834.48,441847.3,652.46,222805.54,131393.44,87515.43,3896.67
Boston,Weekly,2/23/2020,conventional,1.31,741423.57,20153.02,440355.31,858.24,280057,152839.78,125047.22,2170
Boston,Weekly,3/1/2020,conventional,1.4,734100.47,24190.87,466174.18,645.25,243090.17,181780.48,57329.69,3980
Boston,Weekly,3/8/2020,conventional,1.35,786793.48,20458.13,457686.35,582.12,308066.88,190601.57,47918.67,69546.64
Boston,Weekly,3/15/2020,conventional,1.49,822209.27,31703.23,507073.25,536.68,282896.11,222334.26,51352.35,9209.5
Boston,Weekly,3/22/2020,conventional,1.52,824190.42,29147.28,518502.49,509.82,276030.83,207859.21,64742.29,3429.33
Boston,Weekly,4/19/2020,conventional,1.48,870968.42,30731.31,486327.77,543.59,353365.75,228986.49,122592.59,1786.67
Boston,Weekly,4/12/2020,conventional,1.46,902950.91,28177.46,518161.87,632.57,355979.01,256803.65,95988.56,3186.8
Boston,Weekly,4/5/2020,conventional,1.52,876892.76,27653.13,555404.94,565.15,293269.54,239241.89,51505.58,2522.07
Boston,Weekly,3/29/2020,conventional,1.49,849725.83,34269.14,521465.62,574.88,293416.19,192770.63,97725.56,2920
Boston,Weekly,5/17/2020,conventional,1.5,941667.98,22010.56,574986.18,533.76,344137.48,237353.97,102717.96,4065.55
Boston,Weekly,5/10/2020,conventional,1.43,1124288.41,27003.57,716906.87,597.73,379780.24,281283.46,94554.55,3942.23
Boston,Weekly,5/3/2020,conventional,1.46,972719.16,23285.1,561487.66,685.01,387261.39,266713.58,117063.37,3484.44
Boston,Weekly,4/26/2020,conventional,1.42,846157.24,22502.69,468481.95,555.37,354617.23,246327.54,104983.03,3306.66
Boston,Weekly,6/14/2020,conventional,1.1,1306611,21880,714382,465,569884,217846,349930,2108
Boston,Weekly,6/7/2020,conventional,1.43,965477,24579,575049,470,365379,266435,96554,2390
Boston,Weekly,5/31/2020,conventional,1.49,990999,24829,598268,586,367316,245559,117143,4613
Boston,Weekly,5/24/2020,conventional,1.48,985927,27087,581966,622,376251,262484,109905,3862
Boston,Weekly,7/12/2020,conventional,1.42,874941.9,19804.48,552510.03,502.03,302125.36,271615.42,27473.27,3036.67
Boston,Weekly,7/5/2020,conventional,1.45,880795.48,19933.57,605617.41,572.26,254672.24,235126.39,17135.85,2410
Boston,Weekly,6/28/2020,conventional,1.42,873073.27,21550.2,569855.15,638.64,281029.28,256628.69,23840.59,560
Boston,Weekly,6/21/2020,conventional,1.42,860481.99,20247.33,546750.12,375.13,293109.41,218680.27,71918.04,2511.1
