data/data sets/avocado0915.csv
region,Timeframe,Date,type,AveragePrice,Total Volume,4046,4225,4770,Total Bags,Small Bags,Large Bags,XLarge Bags
Buffalo/Rochester,Weekly,1/6/2020,conventional,1.15,193953.89,11768.48,78719.55,371.44,103094.42,40150.31,60710.78,2233.33
Buffalo/Rochester,Weekly,1/12/2020,conventional,1,215290.66,10160.93,69702.04,338.45,135089.24,95824.35,36928.23,2336.66
Buffalo/Rochester,Weekly,1/19/2020,conventional,1.01,222502.62,10395.37,74571.41,270.23,137265.61,64728.51,70180.44,2356.66
Buffalo/Rochester,Weekly,1/26/2020,conventional,0.97,223188.79,8963.54,67462.59,345.17,146417.49,62211.65,80948.06,3257.78
Buffalo/Rochester,Weekly,2/2/2020,conventional,0.97,258671.76,10021,110138.63,104.47,138407.66,67986.96,67682.92,2737.78
Buffalo/Rochester,Weekly,2/9/2020,conventional,1.01,202013.58,10265.37,75793.18,67.53,115887.5,47896.03,64811.47,3180
Buffalo/Rochester,Weekly,2/16/2020,conventional,1.17,164631.78,9953.46,74399.32,36.68,80242.32,61374.32,16519.11,2348.89
Buffalo/Rochester,Weekly,2/23/2020,conventional,1.14,176173.75,11596.24,65284.89,30,99262.62,79815.33,16555.07,2892.22
Buffalo/Rochester,Weekly,3/1/2020,conventional,1.22,198992.12,16696.56,63545.69,212.73,118537.14,98920.59,17113.22,2503.33
Buffalo/Rochester,Weekly,3/8/2020,conventional,1.2,221595.57,14346.51,63386.8,2119.57,141742.69,103483.24,36075,2184.45
Buffalo/Rochester,Weekly,3/15/2020,conventional,1.2,255471.62,22625.06,70184.86,2547.78,160113.92,134178.7,23965.22,1970
Buffalo/Rochester,Weekly,3/22/2020,conventional,1.23,199662.94,15230.87,54033.05,2326.57,128072.45,96734.57,28832.33,2505.55
Buffalo/Rochester,Weekly,4/19/2020,conventional,1.15,221134.52,17683.83,49841.27,2695.63,150913.79,107160.95,40251.73,3501.11
Buffalo/Rochester,Weekly,4/12/2020,conventional,1.14,256728.6,35977.24,58565.82,2841.39,159344.15,135507.02,21367.13,2470
Buffalo/Rochester,Weekly,4/5/2020,conventional,1.19,230068.4,14976.08,58460.54,2983.91,153647.87,123636.65,27411.22,2600
Buffalo/Rochester,Weekly,3/29/2020,conventional,1.25,195425.7,18927.54,54867.3,2925.66,118705.2,103933.12,12400.97,2371.11
Buffalo/Rochester,Weekly,5/17/2020,conventional,1.17,244330.8,31694.98,58668.83,2837,151129.99,127816.05,20162.83,3151.11
Buffalo/Rochester,Weekly,5/10/2020,conventional,1.11,314029.33,66681.9,67565.82,3333.59,176448.02,149814.43,22300.26,4333.33
Buffalo/Rochester,Weekly,5/3/2020,conventional,1.16,257398.02,22113.9,62433.61,3444.73,169405.78,131353.8,34729.76,3322.22
Buffalo/Rochester,Weekly,4/26/2020,conventional,1.18,247270.33,38813.21,61844.76,2940.43,143671.93,119247.6,21257.66,3166.67
Buffalo/Rochester,Weekly,6/14/2020,conventional,1.06,288382,32052,68426,3521,184382,157111,23533,3738
Buffalo/Rochester,Weekly,6/7/2020,conventional,0.91,328970,22955,63341,3310,239364,143958,91949,3457
Buffalo/Rochester,Weekly,5/31/2020,conventional,1.15,266812,31112,59451,3221,173028,145108,24750,3170
Buffalo/Rochester,Weekly,5/24/2020,conventional,1.16,268649,26477,61161,3639,177372,149274,24618,3480
Buffalo/Rochester,Weekly,7/12/2020,conventional,0.99,263269.95,26128.71,56691.64,2991.04,177458.56,111365.61,63256.28,2836.67
Buffalo/Rochester,Weekly,7/5/2020,conventional,1.05,264688.16,43471.26,65240.33,3388.87,152587.7,115664.27,34456.77,2466.66
Buffalo/Rochester,Weekly,6/28/2020,conventional,1.08,228977.83,25089.35,61450.21,3397.21,139041.06,120437.51,17540.21,1063.34
Buffalo/Rochester,Weekly,6/21/2020,conventional,1.09,245620.6,26802.28,68533.86,3528.59,146755.87,125445.44,18953.76,2356.67
California,Weekly,1/6/2020,conventional,1.12,6728876.94,2002909.6,969150.02,205572.28,3551245.04,1691083.77,1448494.6,411666.67
California,Weekly,1/12/2020,conventional,1.1,6950084.14,2080166,942003.48,142502.03,3785412.63,1720900.19,1797140.43,267372.01
California,Weekly,1/19/2020,conventional,1.05,7351356.83,1908457.08,1130507.83,194792.64,4117599.28,1546783.47,2188705.92,382109.89
California,Weekly,1/26/2020,conventional,1.23,6059624.68,1839168.44,751362.98,175012.01,3294081.25,1702774.56,1381892.67,209414.02
California,Weekly,2/2/2020,conventional,0.85,11197432.54,3138004.82,1448450.08,309766.52,6301211.12,3349847.78,2389749.5,561613.84
California,Weekly,2/9/2020,conventional,1.11,6851596.06,2112905.16,674538.79,291473.83,3772678.28,1822860.18,1470506.95,479311.15
California,Weekly,2/16/2020,conventional,1.11,6697917.24,1745495.46,1059151.82,151496.93,3741773.03,1621638.26,1795543.97,324590.8
California,Weekly,2/23/2020,conventional,1.1,7583526.37,1941571.88,842197.74,162816.05,4636940.7,2828626.54,1526732.97,281581.19
California,Weekly,3/1/2020,conventional,1.27,6169881.84,1775466.81,783024.37,130871.09,3480519.57,1874027.23,1439945.3,166547.04
California,Weekly,3/8/2020,conventional,1.27,6460193.8,2125581.08,712281.29,79617.12,3542714.31,1902812.56,1486025.06,153876.69
California,Weekly,3/15/2020,conventional,1.34,7667912.03,1947227.42,937630.95,113897.64,4669156.02,2757616.76,1684585.72,226953.54
California,Weekly,3/22/2020,conventional,1.39,6076217.22,1849049.45,743511.25,112215.16,3371441.36,1733154.07,1493964.86,144322.43
California,Weekly,4/19/2020,conventional,1.24,7608704.18,2176738.63,1109732.55,135338,4186895,2058034.48,1693640.43,435220.09
California,Weekly,4/12/2020,conventional,1.4,6706501.88,2045827.22,919321.72,162524.8,3578828.14,2043608.31,1138683.74,396536.09
California,Weekly,4/5/2020,conventional,1.3,7469315,2363222.97,1074858.51,162865.87,3868367.65,2163728.21,1461182.26,243457.18
California,Weekly,3/29/2020,conventional,1.39,6561189.97,2066325.12,825073.41,127258.15,3542533.29,1835617.41,1442748.09,264167.79
California,Weekly,5/17/2020,conventional,1.31,7674526.73,2392574.12,967918.2,213959.22,4100075.19,2280878.01,1489406.8,329790.38
California,Weekly,5/10/2020,conventional,1.27,8199325.26,2547072.77,1028993.75,212883.87,4410374.87,2511060.9,1623038.38,276275.59
California,Weekly,5/3/2020,conventional,1.05,9970110.89,2940920.53,1543540.31,161994.15,5323655.9,3027575.14,2001045.23,295035.53
California,Weekly,4/26/2020,conventional,1.35,7242801.45,2245671.63,1010973,132395.78,3853761.04,2222312.28,1320571.09,310877.67
California,Weekly,6/14/2020,conventional,1.21,8019954,2382528,1198734,304919,4133773,2207167,1334802,591803
California,Weekly,6/7/2020,conventional,1.25,8180834,2311329,1195403,442834,4231267,2170638,1608253,452377
California,Weekly,5/31/2020,conventional,1.19,8794352,2208421,1308142,336132,4941657,2232274,2021825,687558
California,Weekly,5/24/2020,conventional,1.28,8094351,2374904,1135931,178973,4404542,2233463,1571349,599731
California,Weekly,7/12/2020,conventional,1.17,7955981.79,2039524.56,1202767.86,246134.16,4467555.21,2092544.81,1917417.23,457593.17
California,Weekly,7/5/2020,conventional,1.26,8526732.78,2803677.84,929650.39,321515.4,4471889.15,2342049.45,1399006.41,730833.29
California,Weekly,6/28/2020,conventional,1.14,8076619.86,1982718.79,1263005.43,263645.52,4567250.12,2099139.3,1853178.56,614932.26
California,Weekly,6/21/2020,conventional,1.25,7782805.53,2227043.3,992483.11,263989.43,4299289.69,2066228.23,1539688.85,693372.61
Charlotte,Weekly,1/6/2020,conventional,1.04,336572.71,117562.68,59910.78,4009.71,155089.54,118035.71,36873.83,180
Charlotte,Weekly,1/12/2020,conventional,1.11,333879.89,115483.39,59263.17,2803.73,156329.6,113814.53,42295.26,219.81
Charlotte,Weekly,1/19/2020,conventional,0.95,399349.37,123956.22,51839.61,2271.02,221282.52,182676.65,38332.54,273.33
Charlotte,Weekly,1/26/2020,conventional,1.11,331725.23,120108.28,54073.82,2772.01,154771.12,113095.06,41522.72,153.34
Charlotte,Weekly,2/2/2020,conventional,0.82,488751.85,193582.35,70191.27,3084.16,221894.07,182620.21,39130.52,143.34
Charlotte,Weekly,2/9/2020,conventional,1.03,337217.22,131357.11,42966.89,1967.96,160925.26,127156.72,33746.32,22.22
Charlotte,Weekly,2/16/2020,conventional,1.09,323782.36,117530.59,45433.28,2035.01,158783.48,119115.84,39658.75,8.89
Charlotte,Weekly,2/23/2020,conventional,1.1,339522.04,144429.81,57425.31,2714.16,134952.76,99857.86,35069.25,25.65
Charlotte,Weekly,3/1/2020,conventional,0.97,371896.41,127039.43,103053.11,6350.84,135453.03,93362.67,42081.47,8.89
Charlotte,Weekly,3/8/2020,conventional,1.18,327171.64,141525.33,53879.53,2276.81,129489.97,99615.34,29653.22,221.41
Charlotte,Weekly,3/15/2020,conventional,1.17,418874.21,187496.3,63226.65,1922.5,166228.76,121877.31,44304.79,46.66
Charlotte,Weekly,3/22/2020,conventional,1.24,366466.57,154244.15,58300.77,1715.39,152206.26,110647.76,41512.71,45.79
Charlotte,Weekly,4/19/2020,conventional,1.22,399171.08,173187.19,61904.32,3470.48,160609.09,129154.9,30807.53,646.66
Charlotte,Weekly,4/12/2020,conventional,1.26,372769.3,160575.64,57238.55,2564.11,152391,122128.6,30250.5,11.9
Charlotte,Weekly,4/5/2020,conventional,1.27,379109.87,163389.81,58128.04,2624.71,154967.31,122623.5,32336.98,6.83
Charlotte,Weekly,3/29/2020,conventional,1.28,370128.61,158243.44,57413.81,2309.69,152161.67,116859.36,35277.87,24.44
Charlotte,Weekly,5/17/2020,conventional,1.19,423464.87,201045.83,66650.47,6251.16,149517.41,122183.7,27302.6,31.11
Charlotte,Weekly,5/10/2020,conventional,1.19,397009.34,190917.82,60982.65,5161.57,139947.3,117059.66,22868.75,18.89
Charlotte,Weekly,5/3/2020,conventional,0.95,614520.35,260974.46,85159.34,4839.15,263547.4,234038.56,29467.73,41.11
Charlotte,Weekly,4/26/2020,conventional,1.19,402867.22,167963.94,61232.72,5358.79,168311.77,133610.98,34466.35,234.44
Charlotte,Weekly,6/14/2020,conventional,1.22,410145,178354,67317,6263,158212,123799,33962,450
Charlotte,Weekly,6/7/2020,conventional,1.23,418393,183938,66070,7022,161363,125275,36068,20
Charlotte,Weekly,5/31/2020,conventional,1.2,430425,202042,68865,6460,153059,122296,30725,38
Charlotte,Weekly,5/24/2020,conventional,1.17,432854,202089,66316,5809,158639,130333,28213,93
Charlotte,Weekly,7/12/2020,conventional,1.19,399669.37,172764.47,68432.69,6768.03,151704.18,80495.31,66838.87,4370
Charlotte,Weekly,7/5/2020,conventional,1.22,398254.25,178666.48,70719.25,6557.8,142310.72,97018.21,39715.85,5576.66
Charlotte,Weekly,6/28/2020,conventional,1.2,378754.57,182457.8,61503.23,6477.76,128315.78,103473,22412.78,2430
Charlotte,Weekly,6/21/2020,conventional,1.24,378244.75,168512.71,62430.07,5667.48,141634.49,112731.44,25124.12,3778.93
Chicago,Weekly,1/6/2020,conventional,1.08,807582.31,101085.9,278621.64,42010.95,385863.82,128566.57,257233.8,63.45
Chicago,Weekly,1/12/2020,conventional,1.36,667264.67,91168.61,201653.97,42938.03,331504.06,167801.21,163519.45,183.4
Chicago,Weekly,1/19/2020,conventional,1.21,777961.96,75278.34,357668.42,38029.4,306985.8,128932.03,177884.4,169.37
Chicago,Weekly,1/26/2020,conventional,1.2,791837.62,100295.25,270822.13,34316.11,386404.13,239313.6,146922.93,167.6
Chicago,Weekly,2/2/2020,conventional,0.73,1507323.36,147781.19,560271.73,29954.77,769315.67,594049.98,175128.18,137.51
Chicago,Weekly,2/9/2020,conventional,0.98,819224.47,88789.03,339700.08,18747.95,371987.41,255612.32,116037.4,337.69
Chicago,Weekly,2/16/2020,conventional,1.2,713673.83,87767.03,188977.54,21696.19,415233.07,193806.79,221296.99,129.29
Chicago,Weekly,2/23/2020,conventional,1.33,699283.03,88318.79,197881.81,31871.22,381211.21,148107.01,232948.51,155.69
Chicago,Weekly,3/1/2020,conventional,1.38,698076.03,103815.8,159985.09,39462.19,394812.95,171713.2,223024.17,75.58
Chicago,Weekly,3/8/2020,conventional,1.33,743084.2,105388.49,162754.97,33136.67,441804.07,244421.95,197261.34,120.78
Chicago,Weekly,3/15/2020,conventional,1.51,843714.88,121050.09,197798.73,31245.08,493620.98,183264.75,309942.79,413.44
Chicago,Weekly,3/22/2020,conventional,1.49,821435.41,132120.62,211761.62,32990.38,444562.79,198579.37,245921.1,62.32
Chicago,Weekly,4/19/2020,conventional,1.66,868184.45,127137.93,196603.82,49153.41,495289.29,156404.76,270199.39,68685.14
Chicago,Weekly,4/12/2020,conventional,1.67,893700.41,131629.84,199198.66,58028.69,504843.22,146816.68,296019.3,62007.24
Chicago,Weekly,4/5/2020,conventional,1.5,838147.95,133557.31,231651.6,46032.56,426906.48,165038.46,205049.23,56818.79
Chicago,Weekly,3/29/2020,conventional,1.46,848440.26,124856.02,197715.75,39890.38,485978.11,164160.54,265161.99,56655.58
Chicago,Weekly,5/17/2020,conventional,1.52,983203.96,130303.69,190481.87,59359.54,603058.86,208547.07,268248.3,126263.49
Chicago,Weekly,5/10/2020,conventional,1.39,1063940.98,202343.54,215183.8,69339.48,577074.16,241393.62,210203.99,125476.55
Chicago,Weekly,5/3/2020,conventional,0.87,2025925.36,339266.2,325003.11,70084.77,1291571.28,1062836.85,81201.32,147533.11
Chicago,Weekly,4/26/2020,conventional,1.61,898129.35,134487.36,201278.74,54912.36,507450.89,209807.9,191013.94,106629.05
Chicago,Weekly,6/14/2020,conventional,1.43,993788,140164,210454,50489,592681,321290,150976,120415
Chicago,Weekly,6/7/2020,conventional,1.21,1192494,181157,199570,57040,754726,249765,369236,135726
Chicago,Weekly,5/31/2020,conventional,1.06,1552615,143088,281493,60737,1067297,315270,613997,138030
Chicago,Weekly,5/24/2020,conventional,1.39,1177753,206634,210375,65902,694842,221762,367665,105415
Chicago,Weekly,7/12/2020,conventional,1.2,1060222.11,127534.48,170159.54,47892.54,714635.55,265981.74,354533.76,94120.05
Chicago,Weekly,7/5/2020,conventional,1.26,1179580.81,164575.21,166947.16,48941.09,799117.35,537171.6,84623.38,177322.37
Chicago,Weekly,6/28/2020,conventional,0.84,1732687.57,271648.02,202931.85,47375.22,1210732.48,938948.56,93908.54,177875.38
Chicago,Weekly,6/21/2020,conventional,1.49,925141.41,126396.3,192125.18,44874.08,561745.85,311533.29,107365.74,142846.82
Cincinnati/Dayton,Weekly,1/6/2020,conventional,0.73,356146.76,93137.63,21602.44,10971.84,230434.85,209011.94,20838.85,584.06
Cincinnati/Dayton,Weekly,1/12/2020,conventional,0.74,407672.05,90021.93,13103.61,10048.46,294498.05,271751.84,14820.47,7925.74
Cincinnati/Dayton,Weekly,1/19/2020,conventional,0.71,381314.44,86382.49,41325.15,10226.89,243379.91,226208.45,14963.15,2208.31
Cincinnati/Dayton,Weekly,1/26/2020,conventional,1.01,310883.68,66070.03,13145.45,8772.1,222896.1,184992.96,32981.39,4921.75
Cincinnati/Dayton,Weekly,2/2/2020,conventional,0.75,472906.72,67612.78,31185.89,31335.3,342772.75,282787.52,42637.09,17348.14
Cincinnati/Dayton,Weekly,2/9/2020,conventional,0.8,411678.83,56954.64,21874.51,37067.86,295781.82,248902.13,39855.83,7023.86
Cincinnati/Dayton,Weekly,2/16/2020,conventional,1.01,279529.1,56829.28,10742.3,16406.25,195551.27,173358.72,19374.78,2817.77
Cincinnati/Dayton,Weekly,2/23/2020,conventional,1.03,316744.15,69447,29913.42,7220.2,210163.53,189468.21,19107.54,1587.78
Cincinnati/Dayton,Weekly,3/1/2020,conventional,0.92,359194.73,85076.38,12388,7741.46,253988.89,228323.58,20289.11,5376.2
Cincinnati/Dayton,Weekly,3/8/2020,conventional,0.99,374686.02,77613.76,10162.18,8230.85,278679.23,252199.66,22039.95,4439.62
Cincinnati/Dayton,Weekly,3/15/2020,conventional,1.33,368203.59,82688.27,14576.94,9564.5,261373.88,230662.23,29517.96,1193.69
Cincinnati/Dayton,Weekly,3/22/2020,conventional,1.12,378854.12,83659.76,14582.81,7986.82,272624.73,232692.64,39682.38,249.71
Cincinnati/Dayton,Weekly,4/19/2020,conventional,1.24,338682.46,104847.69,13169.72,9881.4,210783.65,191864.89,18534.87,383.89
Cincinnati/Dayton,Weekly,4/12/2020,conventional,1.08,376994.7,115449.02,13419.26,9263.02,238863.4,222683.45,11386.46,4793.49
Cincinnati/Dayton,Weekly,4/5/2020,conventional,0.83,442996.84,124403.87,17275.42,10567.59,290749.96,268927.19,15840.77,5982
Cincinnati/Dayton,Weekly,3/29/2020,conventional,0.84,384240.78,97834.74,13712.24,8201.85,264491.95,241601.59,19897.24,2993.12
Cincinnati/Dayton,Weekly,5/17/2020,conventional,1.23,383538.12,114071.15,13776.3,12775.13,242915.54,228190.87,13214.09,1510.58
Cincinnati/Dayton,Weekly,5/10/2020,conventional,1.02,496504.9,153975.35,21060.71,13406.8,308062.04,292782.29,10987.47,4292.28
Cincinnati/Dayton,Weekly,5/3/2020,conventional,1.03,456925.51,142595.83,15362.65,10441.65,288525.38,275516.58,9718.11,3290.69
Cincinnati/Dayton,Weekly,4/26/2020,conventional,1.27,388909.21,119047.04,15227.5,10004.99,244629.68,238288.87,6285.29,55.52
Cincinnati/Dayton,Weekly,6/14/2020,conventional,1.06,391189,101473,15928,11330,262458,231843,17085,13530
Cincinnati/Dayton,Weekly,6/7/2020,conventional,0.97,439233,136590,18341,12043,272259,241770,17099,13390
Cincinnati/Dayton,Weekly,5/31/2020,conventional,1.06,427257,125056,14818,12395,274988,258896,14908,1184
Cincinnati/Dayton,Weekly,5/24/2020,conventional,1.21,416096,122279,18760,13997,261060,246042,14752,266
Cincinnati/Dayton,Weekly,7/12/2020,conventional,1.04,353022.93,83154.89,24528.68,10166.29,235173.07,222510.39,3807.39,8855.29
Cincinnati/Dayton,Weekly,7/5/2020,conventional,0.9,441156.97,104936.83,21617.16,10400.24,304202.74,292527.26,8981.96,2693.52
Cincinnati/Dayton,Weekly,6/28/2020,conventional,0.84,455284.76,116079.97,20840.37,9703.34,308661.08,295653.62,5960.33,7047.13
Cincinnati/Dayton,Weekly,6/21/2020,conventional,1.07,385737.55,95571.54,19341.82,11313.02,259511.17,240591.96,14738.19,4181.02
