data/data sets/avocado0915.csv
region,Timeframe,Date,type,AveragePrice,Total Volume,4046,4225,4770,Total Bags,Small Bags,Large Bags,XLarge Bags
Columbus,Weekly,1/6/2020,conventional,0.73,251781,78509.61,18725.55,2124.19,152421.65,130665.08,21493.02,263.55
Columbus,Weekly,1/12/2020,conventional,0.74,285629.64,79911.69,11710.44,2031.19,191976.32,164567.04,27167.69,241.59
Columbus,Weekly,1/19/2020,conventional,0.7,281703.84,80080.91,35878.65,2641.76,163102.52,136007.37,26066.03,1029.12
Columbus,Weekly,1/26/2020,conventional,0.94,221323.9,56772.44,11600.46,2550.27,150400.73,104993.25,44495.88,911.6
Columbus,Weekly,2/2/2020,conventional,0.66,345776.34,87043.18,27405.23,2442.18,228885.75,189506.45,38138.75,1240.55
Columbus,Weekly,2/9/2020,conventional,0.75,273894.07,78837.4,19593.75,2159.49,173303.43,145882.13,26770.76,650.54
Columbus,Weekly,2/16/2020,conventional,0.98,201903.66,57580.52,11388.88,1724.39,131209.87,107201.3,23673.99,334.58
Columbus,Weekly,2/23/2020,conventional,0.95,228210.17,61318.96,28146.81,2139.06,136605.34,113304.61,23050.4,250.33
Columbus,Weekly,3/1/2020,conventional,0.87,270229.7,73334.97,11112.27,1530.15,184252.31,159782.96,23493.74,975.61
Columbus,Weekly,3/8/2020,conventional,0.92,285307.29,69205.88,10609.96,1680.46,203810.99,174408.14,28742.93,659.92
Columbus,Weekly,3/15/2020,conventional,1.21,285293.29,71904.89,14401.46,2039.35,196947.59,165755.27,30753.12,439.2
Columbus,Weekly,3/22/2020,conventional,1.07,276681.77,74110.82,12105.8,1825.55,188639.6,161440.28,26848.15,351.17
Columbus,Weekly,4/19/2020,conventional,1.15,269016.51,88423.17,10975.17,2376.63,167241.54,160329.49,6744.03,168.02
Columbus,Weekly,4/12/2020,conventional,1.08,279614.43,89821.14,12542.85,2447.16,174803.28,167094.68,6488.27,1220.33
Columbus,Weekly,4/5/2020,conventional,0.95,311225.2,103192.68,15023.61,1873,191135.91,183926.46,6574.93,634.52
Columbus,Weekly,3/29/2020,conventional,0.95,284082.42,80421.83,12176.23,1762.49,189721.87,182190.56,6155.6,1375.71
Columbus,Weekly,5/17/2020,conventional,1.15,291886.57,99237.33,11907.31,2351.08,178390.85,170366.55,6651.11,1373.19
Columbus,Weekly,5/10/2020,conventional,0.97,365034.75,131660.28,18240.6,2576.26,212557.61,200831.05,10254.84,1471.72
Columbus,Weekly,5/3/2020,conventional,0.95,363311.52,120598.21,12513.25,2377.16,227822.9,218507.49,8815.15,500.26
Columbus,Weekly,4/26/2020,conventional,1.18,290912.22,95450.21,12683.55,2478.41,180300.05,175894.69,4405.36,0
Columbus,Weekly,6/14/2020,conventional,0.99,299491,84387,14419,3000,197685,188612,7216,1858
Columbus,Weekly,6/7/2020,conventional,0.9,335877,112925,16017,2887,204048,194169,8582,1297
Columbus,Weekly,5/31/2020,conventional,0.91,329587,109414,13315,2635,204222,196530,6866,826
Columbus,Weekly,5/24/2020,conventional,1.07,307671,104659,16768,2582,183663,174522,8302,839
Columbus,Weekly,7/12/2020,conventional,0.94,278835.69,75394.83,19275.16,2635.09,181530.61,174494.5,3255.1,3781.01
Columbus,Weekly,7/5/2020,conventional,0.86,336073.59,90734.52,20008.35,2835.03,222495.69,215457.57,5850,1188.12
Columbus,Weekly,6/28/2020,conventional,0.81,355157.25,98896.21,19842.2,2416.08,234002.76,225263.54,5221.47,3517.75
Columbus,Weekly,6/21/2020,conventional,0.99,289923.03,77862.28,16829.15,2762.62,192468.98,185694.73,4385.12,2389.13
Dallas/Ft. Worth,Weekly,1/6/2020,conventional,0.71,1600871.66,664611.03,201597.18,13711.05,720952.4,415972.63,304522.94,456.83
Dallas/Ft. Worth,Weekly,1/12/2020,conventional,0.72,1666475.07,657589.73,207742.84,10656.84,790485.66,450864.81,338958.08,662.77
Dallas/Ft. Worth,Weekly,1/19/2020,conventional,0.66,1685126.21,721313.89,166249.78,11677.52,785885.02,509585.07,275651.18,648.77
Dallas/Ft. Worth,Weekly,1/26/2020,conventional,0.65,1728276.49,787118.76,145521.78,12066.52,783569.43,568751.54,214379.44,438.45
Dallas/Ft. Worth,Weekly,2/2/2020,conventional,0.62,2165376.03,843800,219408.71,26684.09,1075483.23,633285.37,441816.9,380.96
Dallas/Ft. Worth,Weekly,2/9/2020,conventional,0.68,1847053.36,794869.24,202406.36,10145.81,839631.95,447046.39,392322.29,263.27
Dallas/Ft. Worth,Weekly,2/16/2020,conventional,0.73,1660163.44,704238.51,143654.29,12054.5,800216.14,461310.14,338580.48,325.52
Dallas/Ft. Worth,Weekly,2/23/2020,conventional,0.74,1693283.99,736577.13,173493.38,9532.51,773680.97,452455.14,320795.74,430.09
Dallas/Ft. Worth,Weekly,3/1/2020,conventional,0.8,1728694.75,719841.7,167285.93,6566.04,835001.08,544589.74,290035.54,375.8
Dallas/Ft. Worth,Weekly,3/8/2020,conventional,0.88,1643955.23,729944.6,144162.63,5157.33,764690.67,518641.28,245819.12,230.27
Dallas/Ft. Worth,Weekly,3/15/2020,conventional,0.9,1986094.8,871696.41,181235.11,7668.05,925495.23,644035.41,281231.45,228.37
Dallas/Ft. Worth,Weekly,3/22/2020,conventional,0.89,2019907.18,892447.39,200250.5,5895.1,921314.19,640930.88,280257.32,125.99
Dallas/Ft. Worth,Weekly,4/19/2020,conventional,0.82,1967582.29,762501.25,252858.92,12976.58,939245.54,684497.3,254275.18,473.06
Dallas/Ft. Worth,Weekly,4/12/2020,conventional,0.9,1749550.51,798105.04,217868.66,6594.11,726982.7,486871.78,239654.23,456.69
Dallas/Ft. Worth,Weekly,4/5/2020,conventional,0.9,1793380.76,769030.49,234551.78,6852.11,782946.38,536844.12,245789.67,312.59
Dallas/Ft. Worth,Weekly,3/29/2020,conventional,0.93,1687570.78,665067.9,227851.8,5660.62,788990.46,467677.39,321143.03,170.04
Dallas/Ft. Worth,Weekly,5/17/2020,conventional,0.88,1873640.05,784884.49,199052.86,20126.45,869576.25,579803.81,288810.28,962.16
Dallas/Ft. Worth,Weekly,5/10/2020,conventional,0.81,2117214.71,817008.5,225274.34,14442.09,1060489.78,756856.86,302486.27,1146.65
Dallas/Ft. Worth,Weekly,5/3/2020,conventional,0.87,1917926.87,661738.18,269229.29,18134.18,968825.22,616116.8,349574.54,3133.88
Dallas/Ft. Worth,Weekly,4/26/2020,conventional,0.9,1787658.42,632204.73,297444.01,15549.17,842460.51,538481.11,302725.42,1253.98
Dallas/Ft. Worth,Weekly,6/14/2020,conventional,0.78,1928419,741294,178228,23053,985843,655079,330255,509
Dallas/Ft. Worth,Weekly,6/7/2020,conventional,0.72,2061940,852157,217459,24951,967374,637943,328765,666
Dallas/Ft. Worth,Weekly,5/31/2020,conventional,0.75,2109665,728917,219450,22914,1138384,814991,322625,769
Dallas/Ft. Worth,Weekly,5/24/2020,conventional,0.85,2073742,802486,199694,25412,1046150,716392,328554,1204
Dallas/Ft. Worth,Weekly,7/12/2020,conventional,0.73,1896670.2,670372.34,173201.94,34092.25,1019003.67,721453.98,296916.21,633.48
Dallas/Ft. Worth,Weekly,7/5/2020,conventional,0.75,2073026.05,780725.21,194818.91,39802.07,1057679.86,637777.78,419347.23,554.85
Dallas/Ft. Worth,Weekly,6/28/2020,conventional,0.74,1804126.94,625382.41,207176.23,23794.11,947774.19,582973.9,364281.5,518.79
Dallas/Ft. Worth,Weekly,6/21/2020,conventional,0.79,1966963.25,724131.48,190964.3,26615.57,1025251.9,700632.58,323941.86,677.46
Denver,Weekly,1/6/2020,conventional,0.95,1037906.96,197120.84,165448.03,4322.79,671015.3,182894.87,477921.99,10198.44
Denver,Weekly,1/12/2020,conventional,1.07,843040.7,206629.28,103376.22,3909.59,529125.61,203294.84,310622.35,15208.42
Denver,Weekly,1/19/2020,conventional,0.84,1129506.04,202819.36,165783.99,3077.37,757825.32,243454.01,502996.55,11374.76
Denver,Weekly,1/26/2020,conventional,0.96,1060946.24,208756.18,141652.53,3678.52,706859.01,221467.28,471526.4,13865.33
Denver,Weekly,2/2/2020,conventional,0.93,1384951.69,235574.42,199539.86,4523.15,945314.26,344777.19,588992.9,11544.17
Denver,Weekly,2/9/2020,conventional,0.94,1131741.25,232323.72,152931.87,3353.33,743132.33,221146.44,508968.9,13016.99
Denver,Weekly,2/16/2020,conventional,1.13,940026.13,200253.76,126120.84,3016.72,610634.81,232465.14,364674.24,13495.43
Denver,Weekly,2/23/2020,conventional,1.1,1054022.18,195544.82,128870.6,3002.06,726604.7,275557.57,440497.85,10549.28
Denver,Weekly,3/1/2020,conventional,0.97,1131613.12,197944.51,147962.96,3381.09,782324.56,189720.71,577145.1,15458.75
Denver,Weekly,3/8/2020,conventional,1,1197552.97,192429.64,162590.87,2239.96,840292.5,323418.92,503383.96,13489.62
Denver,Weekly,3/15/2020,conventional,1.13,1264191.57,237735.84,139127.07,3811.58,883517.08,258381.5,605477.01,19658.57
Denver,Weekly,3/22/2020,conventional,1.18,1176425.17,232973.65,120924.01,3421.35,819106.16,222242.78,579404.9,17458.48
Denver,Weekly,4/19/2020,conventional,1.15,1097187.76,203993.9,94190.77,60267.04,738736.05,283280.57,403922.78,51532.7
Denver,Weekly,4/12/2020,conventional,1.15,1114310.34,252040.41,146816.39,1878.21,713575.33,294172.86,412040.27,7362.2
Denver,Weekly,4/5/2020,conventional,1.09,1100058.13,245503.75,156088.89,701.45,697764.04,332677.53,363791.31,1295.2
Denver,Weekly,3/29/2020,conventional,1.26,1075444.36,217395.43,119767.11,1824.87,736456.95,313759.2,413388.48,9309.27
Denver,Weekly,5/17/2020,conventional,1.14,1135066.7,240770.7,130819.03,7407.7,756069.27,313068.3,428518.82,14482.15
Denver,Weekly,5/10/2020,conventional,1.04,1492248.7,309314.68,188340.42,9134.86,985458.74,373035.18,599018.04,13405.52
Denver,Weekly,5/3/2020,conventional,1.15,1314788.65,270825.86,160312.77,12853.52,870796.5,337960.11,516973.58,15862.81
Denver,Weekly,4/26/2020,conventional,1.16,1150875.87,250992.81,103720.73,62381.59,733780.74,318605.64,326893.99,88281.11
Denver,Weekly,6/14/2020,conventional,1.02,1106608,199413,135871,5969,765355,333835,407826,23694
Denver,Weekly,6/7/2020,conventional,1.1,1112217,234704,132334,6212,738967,318287,397939,22741
Denver,Weekly,5/31/2020,conventional,1.01,1287246,256825,148119,5789,876514,387177,470308,19030
Denver,Weekly,5/24/2020,conventional,1.12,1267678,247045,145987,7709,866936,322654,525121,19161
Denver,Weekly,7/12/2020,conventional,0.96,1119611.81,202950.79,163503.94,7599.8,745557.28,338688.83,384117.97,22750.48
Denver,Weekly,7/5/2020,conventional,1.07,1163251.63,213700.95,140632.4,8201.65,800716.63,389832,386459.4,24425.23
Denver,Weekly,6/28/2020,conventional,1.08,1031720.25,191636.92,116873.24,6292.12,716917.97,344748.49,351415.63,20753.85
Denver,Weekly,6/21/2020,conventional,0.99,1108791.47,209838.41,145016.88,5906.72,748029.46,341211.42,384795.84,22022.2
Detroit,Weekly,1/6/2020,conventional,0.82,527800.24,141345.14,51567.73,79314.16,255573.21,231551.54,18144.61,5877.06
Detroit,Weekly,1/12/2020,conventional,0.8,645737.1,153854.08,39839.62,45375.29,406668.11,379707.18,20315.86,6645.07
Detroit,Weekly,1/19/2020,conventional,0.86,622423.15,122634.89,72828.44,114357.99,312601.83,249611.28,49631.53,13359.02
Detroit,Weekly,1/26/2020,conventional,0.91,557814.72,78373.26,35068.33,38535.97,405837.16,353626.3,47169.69,5041.17
Detroit,Weekly,2/2/2020,conventional,0.68,899959.89,153639.36,84941.34,123630.11,537749.08,487647.26,33798.33,16303.49
Detroit,Weekly,2/9/2020,conventional,0.88,543880.81,122225.74,49767.15,61002.34,310885.58,279929.18,24998.31,5958.09
Detroit,Weekly,2/16/2020,conventional,1.06,443582.22,85101.27,36739.46,35728.57,286012.92,256772.24,24329.61,4911.07
Detroit,Weekly,2/23/2020,conventional,0.86,631269.19,110893.01,72463.14,105294.76,342618.28,308103.53,22897.73,11617.02
Detroit,Weekly,3/1/2020,conventional,1,520239.12,104175.45,34610.9,36491.84,344960.93,310865.9,29665.28,4429.75
Detroit,Weekly,3/8/2020,conventional,1.05,586137.82,82269.44,33918.72,35122.85,434826.81,404626.46,25859.9,4340.45
Detroit,Weekly,3/15/2020,conventional,1.29,581216.34,129777.28,37283.55,42342.72,371812.79,334419.08,32961.62,4432.09
Detroit,Weekly,3/22/2020,conventional,1.13,616455.72,153344.29,41828.63,38478.96,382803.84,352261.61,28552.83,1989.4
Detroit,Weekly,4/19/2020,conventional,1.18,566541.88,162393.38,33904.38,41925.91,328318.21,313196.98,10272.41,4848.82
Detroit,Weekly,4/12/2020,conventional,1.22,593486,164984.95,37175.29,42952.64,348373.12,334308.54,8762.78,5301.8
Detroit,Weekly,4/5/2020,conventional,1.03,573957.32,167536.4,37949,36196.91,332275.01,321779.53,6195.9,4299.58
Detroit,Weekly,3/29/2020,conventional,0.97,604554.83,141486.31,35626.68,32207.7,395234.14,382882.6,9126.08,3225.46
Detroit,Weekly,5/17/2020,conventional,1.29,549106.06,146184.92,38205.5,46429.88,318285.76,298963.74,13729.87,5592.15
Detroit,Weekly,5/10/2020,conventional,1.03,780573.99,246557.18,56384.11,77425.29,400207.41,377029.36,14644.6,8533.45
Detroit,Weekly,5/3/2020,conventional,1.03,674960.04,203333.03,39502.81,48634.28,383489.92,368798.94,11121.45,3569.53
Detroit,Weekly,4/26/2020,conventional,1.13,627178.32,181362.06,39166.75,45281.55,361367.96,347604.32,9239.9,4523.74
Detroit,Weekly,6/14/2020,conventional,1.11,560392,136605,37125,55805,330858,310717,12457,7684
Detroit,Weekly,6/7/2020,conventional,0.98,711551,236351,50339,71891,352971,329096,13309,10566
Detroit,Weekly,5/31/2020,conventional,1.06,640486,178269,40048,52671,369497,348949,15296,5252
Detroit,Weekly,5/24/2020,conventional,1.12,660786,190470,52011,81253,337052,318558,12312,6181
Detroit,Weekly,7/12/2020,conventional,1.07,528749.34,128429.61,34373.34,44006.86,321939.53,301803.16,9723.08,10413.29
Detroit,Weekly,7/5/2020,conventional,0.93,690274.97,182701.35,36558.11,47663.66,423351.85,401080.57,14773.5,7497.78
Detroit,Weekly,6/28/2020,conventional,0.87,784478.31,216098,42837.29,60237.67,465305.35,443692.2,13975.65,7637.5
Detroit,Weekly,6/21/2020,conventional,1.1,573324.19,139108.58,39059.42,61007.11,334149.08,312993.28,15102.97,6052.83
Grand Rapids,Weekly,1/6/2020,conventional,1.13,220500.51,4684.77,83359.2,84719.36,47737.18,27827.45,4958.43,14951.3
Grand Rapids,Weekly,1/12/2020,conventional,1.43,183161.26,5848.55,64138.62,49148.25,64025.84,48216.69,6114.16,9694.99
Grand Rapids,Weekly,1/19/2020,conventional,1.14,247192.6,4615.63,84297.77,104035.36,54243.84,26839.12,5649.69,21755.03
Grand Rapids,Weekly,1/26/2020,conventional,1.05,218922.97,5116.95,42352.16,41156.05,130297.81,116732.28,5589.27,7976.26
Grand Rapids,Weekly,2/2/2020,conventional,0.78,404414.31,6294.51,122625.63,129362.36,146131.81,113633.89,5773.97,26723.95
Grand Rapids,Weekly,2/9/2020,conventional,1.35,181904.25,6359.38,60999.14,62236.75,52308.98,33254.12,7329.79,11725.07
Grand Rapids,Weekly,2/16/2020,conventional,1.42,153339.65,6499.32,62201.2,41048.58,43590.55,28469.44,7161.94,7959.17
Grand Rapids,Weekly,2/23/2020,conventional,1.41,199948.45,6581.16,68714.94,73429.4,51222.95,29292.14,6616.27,15314.54
Grand Rapids,Weekly,3/1/2020,conventional,1.72,133344.95,6257.57,44458.11,36843.15,45786.12,31893.52,6504.63,7387.97
Grand Rapids,Weekly,3/8/2020,conventional,1.24,219214.21,6666.44,44634.13,37398.01,130515.63,115592.9,6849.52,8073.21
Grand Rapids,Weekly,3/15/2020,conventional,1.58,216748.14,48941.28,52663.55,44172.59,70970.72,54410.26,6683.61,9876.85
Grand Rapids,Weekly,3/22/2020,conventional,1.55,212203.19,47071.13,59397.9,42130.47,63603.69,49750.04,6613.63,7240.02
Grand Rapids,Weekly,4/19/2020,conventional,1.6,187338.87,27259.61,61518.17,42288.15,56272.94,41017.56,6377.03,8878.35
Grand Rapids,Weekly,4/12/2020,conventional,1.67,197898.58,35136.25,54769.29,45654.44,62338.6,48239.28,6464.1,7635.22
Grand Rapids,Weekly,4/5/2020,conventional,1.27,208105.87,46142.64,54274.44,40286.15,67402.64,54398.59,3599.36,9404.69
Grand Rapids,Weekly,3/29/2020,conventional,1.17,241777.31,39805.89,60286.72,34181.01,107503.69,93516.19,5064.78,8922.72
Grand Rapids,Weekly,5/17/2020,conventional,1.41,233453.56,32276.45,85359.17,46214.75,69603.19,51659.96,9132.56,8810.67
Grand Rapids,Weekly,5/10/2020,conventional,1.25,329754.89,83578.94,79274.56,82607.51,84293.88,59043.56,11130.18,14120.14
Grand Rapids,Weekly,5/3/2020,conventional,1.55,219273.5,35503.09,66681.31,46889.34,70199.76,57100.05,5658.78,7440.93
Grand Rapids,Weekly,4/26/2020,conventional,1.64,206167.97,34100.41,54937.15,49270.21,67860.2,53987.12,6336.88,7536.2
Grand Rapids,Weekly,6/14/2020,conventional,1.49,214254,29276,57322,57824,69832,51203,7288,11340
Grand Rapids,Weekly,6/7/2020,conventional,1.26,295057,78460,68992,78174,69431,50696,6189,12546
Grand Rapids,Weekly,5/31/2020,conventional,1.53,236080,32376,74844,52808,76053,55921,7336,12795
Grand Rapids,Weekly,5/24/2020,conventional,1.31,289641,58788,68132,87696,75025,51549,8431,15045
Grand Rapids,Weekly,7/12/2020,conventional,1.4,203706.54,26441.85,52630.12,47986.95,76647.62,58437.3,5268.44,12941.88
Grand Rapids,Weekly,7/5/2020,conventional,1.4,233918.17,37862.14,62138.98,55043.86,78873.19,58728.22,7603.79,12541.18
Grand Rapids,Weekly,6/28/2020,conventional,1.29,249194.22,46751.54,63156.72,67965.03,71320.93,51705.68,7255.45,12359.8
Grand Rapids,Weekly,6/21/2020,conventional,1.35,238614.31,28736.05,79636.12,61057.2,69184.94,51620.57,6697.14,10867.23
