data/data sets/avocado0915.csv
region,Timeframe,Date,type,AveragePrice,Total Volume,4046,4225,4770,Total Bags,Small Bags,Large Bags,XLarge Bags
Great Lakes,Weekly,1/6/2020,conventional,0.89,4498529.52,949568.49,880856.09,370879.95,2297224.99,1581935.33,668199.79,47089.87
Great Lakes,Weekly,1/12/2020,conventional,0.93,4726454.07,981127.81,673015.44,241973.86,2830336.96,2166106.07,617586.29,46644.6
Great Lakes,Weekly,1/19/2020,conventional,0.91,4936833.2,904418.57,1159011.14,493120.76,2380282.73,1680235.9,623997.36,76049.47
Great Lakes,Weekly,1/26/2020,conventional,0.99,4416435.78,760788.49,685319.62,205299.16,2765028.51,2043371.53,682694.51,38962.47
Great Lakes,Weekly,2/2/2020,conventional,0.72,7046734.2,1131463.36,1380279.9,530981.39,4004009.55,3139069.62,755153.63,109786.3
Great Lakes,Weekly,2/9/2020,conventional,0.9,4602190.37,884984.73,896740.63,298160.83,2522304.18,1901348.01,569253.79,51702.38
Great Lakes,Weekly,2/16/2020,conventional,1.08,3698254.13,736441.84,611498.37,193851.52,2156462.4,1519679.3,601295.51,35487.59
Great Lakes,Weekly,2/23/2020,conventional,1.04,4361002.54,842042.02,814215.69,378105.23,2326639.6,1622535.85,641157.7,62946.05
Great Lakes,Weekly,3/1/2020,conventional,1.08,4224206.96,914676.22,571615.69,192646.01,2545269.04,1852774.21,649477.2,43017.63
Great Lakes,Weekly,3/8/2020,conventional,1.07,4682886.34,846548.45,561846.83,186704.4,3087786.66,2380881.68,667829.67,39075.31
Great Lakes,Weekly,3/15/2020,conventional,1.28,4830621.81,1064981.6,674083.02,217222.67,2874334.52,2040386.12,794392.61,39555.79
Great Lakes,Weekly,3/22/2020,conventional,1.2,4943041.42,1126878.49,728451.62,207752.51,2879958.8,2092330.21,760705.43,26923.16
Great Lakes,Weekly,4/19/2020,conventional,1.27,4665970.34,1181558.69,693066.99,227007.84,2564336.82,1904958.62,539192.24,120185.96
Great Lakes,Weekly,4/12/2020,conventional,1.25,4902536.4,1235849.52,691713.97,245289.59,2729683.32,2031671.89,583388.47,114622.96
Great Lakes,Weekly,4/5/2020,conventional,1.08,5064441.71,1322848.95,764053.9,211239.39,2766299.47,2141958.32,510779.28,113561.87
Great Lakes,Weekly,3/29/2020,conventional,1.07,4874615.78,1111520.78,677621.09,182996.06,2902477.85,2249164.94,546564.79,106748.12
Great Lakes,Weekly,5/17/2020,conventional,1.24,5196474,1289042.79,770281.51,258357.54,2878792.16,2076849.88,622919.91,179022.37
Great Lakes,Weekly,5/10/2020,conventional,1.09,6337662.89,1840976.97,911976.65,392004.79,3192704.48,2396633.51,594848.75,201222.22
Great Lakes,Weekly,5/3/2020,conventional,0.99,6939755.9,1769951.54,926948.3,269744.22,3973111.84,3366002.44,412310.49,194798.91
Great Lakes,Weekly,4/26/2020,conventional,1.27,5037503.84,1300012.62,737647.97,254668.85,2745174.4,2170575.28,424347.22,150251.9
Great Lakes,Weekly,6/14/2020,conventional,1.15,5193534,1162772,732705,289954,3008103,2323915,454986,229202
Great Lakes,Weekly,6/7/2020,conventional,1.04,6063117,1646967,830213,354720,3231216,2265901,728494,236822
Great Lakes,Weekly,5/31/2020,conventional,1.06,6177779,1391298,863086,281045,3642350,2464018,982133,196200
Great Lakes,Weekly,5/24/2020,conventional,1.16,5877196,1529329,845531,403298,3099038,2189646,743138,166254
Great Lakes,Weekly,7/12/2020,conventional,1.07,5034040.69,1068032.22,694999.9,254621.3,3016387.27,2198219.26,628627.18,189540.83
Great Lakes,Weekly,7/5/2020,conventional,1.04,5885856.34,1339600.2,712490.13,272661.53,3561104.48,2880969.38,421860.23,258274.87
Great Lakes,Weekly,6/28/2020,conventional,0.9,6661002.71,1547595.55,750591.46,308564.24,4054251.46,3374657.17,411121.04,268473.25
Great Lakes,Weekly,6/21/2020,conventional,1.15,5171180.03,1169657.29,760355.71,296283.34,2944883.69,2294830.83,421035.38,229017.48
Harrisburg/Scranton,Weekly,1/6/2020,conventional,0.99,394956.19,66879.49,226458.48,598.35,101019.87,81236.56,16452.2,3331.11
Harrisburg/Scranton,Weekly,1/12/2020,conventional,0.98,392328.45,61102.94,185881.78,536.55,144807.18,121206.14,19758.82,3842.22
Harrisburg/Scranton,Weekly,1/19/2020,conventional,1.01,386397.87,75036.54,177894.77,963.35,132503.21,110748.25,17301.62,4453.34
Harrisburg/Scranton,Weekly,1/26/2020,conventional,0.93,403323.15,68397.2,201123.05,771.61,133031.29,107699.55,21273.96,4057.78
Harrisburg/Scranton,Weekly,2/2/2020,conventional,1.01,415435.12,78854.79,199246.33,399.33,136934.67,115148.36,17940.75,3845.56
Harrisburg/Scranton,Weekly,2/9/2020,conventional,0.96,477559.64,78039.12,267301.22,200.04,132019.26,107074.85,20476.63,4467.78
Harrisburg/Scranton,Weekly,2/16/2020,conventional,1.03,381911.91,80585.27,173953.33,135.82,127237.49,104597.43,18641.59,3998.47
Harrisburg/Scranton,Weekly,2/23/2020,conventional,1.11,352589.3,74291.7,153392.51,268.05,124637.04,99645.26,21075.12,3916.66
Harrisburg/Scranton,Weekly,3/1/2020,conventional,1.18,333975.56,91629.02,125798.09,136.69,116411.76,98085.7,14289.14,4036.92
Harrisburg/Scranton,Weekly,3/8/2020,conventional,1.1,381910.08,116573.24,129289.99,147.3,135899.55,116240.97,15751.91,3906.67
Harrisburg/Scranton,Weekly,3/15/2020,conventional,1.11,429187.39,135787,143139.76,196.03,150064.6,121484.78,25486.49,3093.33
Harrisburg/Scranton,Weekly,3/22/2020,conventional,1.13,423734.22,129650.43,153514.61,261.11,140308.07,102041.97,34732.77,3533.33
Harrisburg/Scranton,Weekly,4/19/2020,conventional,1.2,375191.47,124009.2,125179.38,396.85,125606.04,108652.03,14212.9,2741.11
Harrisburg/Scranton,Weekly,4/12/2020,conventional,1.13,419160.21,132852.72,136129.91,379.52,149798.06,130997.45,15991.72,2808.89
Harrisburg/Scranton,Weekly,4/5/2020,conventional,1.14,404766.83,123975.43,137065.96,199.52,143525.92,117049.75,22642.84,3833.33
Harrisburg/Scranton,Weekly,3/29/2020,conventional,1.15,375614.4,118144.13,134242.45,326.94,122900.88,90516.81,29355.18,3028.89
Harrisburg/Scranton,Weekly,5/17/2020,conventional,1.18,463717.23,159417.51,150612.75,185.43,153501.54,116862.13,31047.19,5592.22
Harrisburg/Scranton,Weekly,5/10/2020,conventional,1.16,540467.66,194037.68,166695.35,296.51,179438.12,146825.96,27512.81,5099.35
Harrisburg/Scranton,Weekly,5/3/2020,conventional,1.17,459038.31,157144.6,149326.61,284.6,152282.5,125074.36,23592.58,3615.56
Harrisburg/Scranton,Weekly,4/26/2020,conventional,1.14,444283.99,133209.42,158024.68,140.67,152909.22,127621.97,21671.7,3615.55
Harrisburg/Scranton,Weekly,6/14/2020,conventional,1.06,526402,197064,175304,1319,152714,133796,12411,6508
Harrisburg/Scranton,Weekly,6/7/2020,conventional,1.07,518831,190919,176650,209,151053,126386,19584,5083
Harrisburg/Scranton,Weekly,5/31/2020,conventional,1.1,569935,213652,204778,195,151308,119396,26679,5233
Harrisburg/Scranton,Weekly,5/24/2020,conventional,1.11,530762,189866,164205,269,176422,138967,31771,5684
Harrisburg/Scranton,Weekly,7/12/2020,conventional,1.05,455111.24,173561.89,130691.52,351.99,150505.84,104923.34,39542.83,6039.67
Harrisburg/Scranton,Weekly,7/5/2020,conventional,1.09,480838.93,190031.41,154422.93,402.44,135982.15,103555.47,27820.02,4606.66
Harrisburg/Scranton,Weekly,6/28/2020,conventional,1.1,446820.81,182050.73,145195.54,925.89,118648.65,110110.69,6491.29,2046.67
Harrisburg/Scranton,Weekly,6/21/2020,conventional,1.12,472367.22,179537.14,154219.77,247.37,138362.94,125206.06,7943.55,5213.33
Hartford/Springfield,Weekly,1/6/2020,conventional,1.38,395520.35,8256.41,317659.39,713.51,68891.04,48984.24,18413.47,1493.33
Hartford/Springfield,Weekly,1/12/2020,conventional,1.41,357414.94,7798.07,266175.83,634.64,82806.4,56898.48,24190.15,1717.77
Hartford/Springfield,Weekly,1/19/2020,conventional,1.39,357087.88,8394.92,272171.62,1143.16,75378.18,58441.96,15052.88,1883.34
Hartford/Springfield,Weekly,1/26/2020,conventional,1.37,348108.88,7519.14,254872.55,835.42,84881.77,58984.56,24127.21,1770
Hartford/Springfield,Weekly,2/2/2020,conventional,1.22,504436.46,9467.39,411735.48,728.76,82504.83,64182.61,16886.67,1435.55
Hartford/Springfield,Weekly,2/9/2020,conventional,1.42,419147.98,10103.71,317540.95,334.21,91169.11,65896.89,23058.89,2213.33
Hartford/Springfield,Weekly,2/16/2020,conventional,1.43,345687.55,8662.15,259350.48,302.51,77372.41,57651.34,17073.29,2647.78
Hartford/Springfield,Weekly,2/23/2020,conventional,1.42,348730.58,10208.22,250785,330.41,87406.95,62089.63,23571.77,1745.55
Hartford/Springfield,Weekly,3/1/2020,conventional,1.48,340980.27,12583.39,249717.89,251.06,78427.93,61352.69,14600.93,2474.31
Hartford/Springfield,Weekly,3/8/2020,conventional,1.46,391865.28,11300.57,292261.96,272.6,88030.15,64610.6,21465.11,1954.44
Hartford/Springfield,Weekly,3/15/2020,conventional,1.49,434088.92,13931.88,328791.92,303.41,91061.71,68780.02,20502.8,1778.89
Hartford/Springfield,Weekly,3/22/2020,conventional,1.5,429038.43,13085.37,326107.29,324.03,89521.74,65666.04,22043.48,1812.22
Hartford/Springfield,Weekly,4/19/2020,conventional,1.53,409971.49,12316.1,300233.13,98.84,97323.42,85212.27,10985.59,1125.56
Hartford/Springfield,Weekly,4/12/2020,conventional,1.49,408507.79,12754.76,287841.23,234.92,107676.88,90011.83,15497.16,2167.89
Hartford/Springfield,Weekly,4/5/2020,conventional,1.51,439570,14168.09,319153.53,236.78,106011.6,85350.73,18407.55,2253.32
Hartford/Springfield,Weekly,3/29/2020,conventional,1.5,387971.32,12022.07,301382.79,235.29,74331.17,59660.52,13029.54,1641.11
Hartford/Springfield,Weekly,5/17/2020,conventional,1.52,457906.84,13839.8,342794.32,217.37,101055.35,83664.46,14564.22,2826.67
Hartford/Springfield,Weekly,5/10/2020,conventional,1.46,507245.67,16075.34,388199.73,266.3,102704.3,83635.44,16268.05,2800.81
Hartford/Springfield,Weekly,5/3/2020,conventional,1.45,485155.65,14988.39,371575.25,288.26,98303.75,81748.25,14632.76,1922.74
Hartford/Springfield,Weekly,4/26/2020,conventional,1.37,467536.06,12578.21,348918.21,284.62,105755.02,90321.72,13600.67,1832.63
Hartford/Springfield,Weekly,6/14/2020,conventional,1.35,525105,17135,402148,11467,94355,85330,6971,2053
Hartford/Springfield,Weekly,6/7/2020,conventional,1.44,475682,15827,344997,2720,112138,97259,12353,2527
Hartford/Springfield,Weekly,5/31/2020,conventional,1.4,533079,15482,408746,747,108103,89921,14948,3234
Hartford/Springfield,Weekly,5/24/2020,conventional,1.51,478405,15720,345129,195,117362,98514,15742,3106
Hartford/Springfield,Weekly,7/12/2020,conventional,1.4,451435.9,12978.32,348588.78,1918.95,87949.85,70420.23,14926.28,2603.34
Hartford/Springfield,Weekly,7/5/2020,conventional,1.41,479657.14,14513.46,380482.31,4894.88,79766.49,67777.51,10262.32,1726.66
Hartford/Springfield,Weekly,6/28/2020,conventional,1.47,426906.22,14630.9,341277.57,5235.54,65762.21,60662.93,4272.86,826.42
Hartford/Springfield,Weekly,6/21/2020,conventional,1.48,438859.12,16215.23,335965.97,4467.69,82210.23,72324.58,8212.32,1673.33
Houston,Weekly,1/6/2020,conventional,0.7,1441237.76,602142.82,339235.27,1222.9,498636.77,274664.88,213659.44,10312.45
Houston,Weekly,1/12/2020,conventional,0.7,1501410.36,600480.98,226169.56,1302.71,673457.11,307721.52,353461.57,12274.02
Houston,Weekly,1/19/2020,conventional,0.68,1474122.53,514989.56,207755.96,1161.25,750215.76,542119.44,195876.12,12220.2
Houston,Weekly,1/26/2020,conventional,0.7,1365359.58,536849.38,168787.66,1306.17,658416.37,301266.43,344175.15,12974.79
Houston,Weekly,2/2/2020,conventional,0.63,1844743.02,628438.33,237810.33,1439.47,977054.89,334563.35,632051.54,10440
Houston,Weekly,2/9/2020,conventional,0.62,1643929.09,631435.75,211778.88,1291.83,799422.63,272215.98,516709.99,10496.66
Houston,Weekly,2/16/2020,conventional,0.7,1317948.42,546670.39,171862.59,1092.79,598322.65,265081.73,323340.93,9899.99
Houston,Weekly,2/23/2020,conventional,0.7,1486884.53,567594.46,210551.98,1171.1,707566.99,182347.36,515716.3,9503.33
Houston,Weekly,3/1/2020,conventional,0.7,1530534.01,648075.84,173220.76,409.67,708827.74,150075.53,549596.23,9155.98
Houston,Weekly,3/8/2020,conventional,0.8,1399514.72,614140.16,150349.49,352.84,634672.23,157160.03,468211.01,9301.19
Houston,Weekly,3/15/2020,conventional,0.82,1765194.4,797236.98,158052.73,1245.53,808659.16,245389.27,552077.5,11192.39
Houston,Weekly,3/22/2020,conventional,0.86,1742649.52,773304.2,199792.26,1423.46,768129.6,360182.97,399572.58,8374.05
Houston,Weekly,4/19/2020,conventional,0.8,1898693.37,791066.02,284316.62,11074.39,812236.34,441596.23,337636.27,33003.84
Houston,Weekly,4/12/2020,conventional,0.86,1819577.23,888257.64,261553.91,3024.75,666740.93,380042.47,267691.14,19007.32
Houston,Weekly,4/5/2020,conventional,0.86,1813357.04,729848.77,296559.97,2658.4,784289.9,428889.7,343096.52,12303.68
Houston,Weekly,3/29/2020,conventional,0.9,1608774.66,540716.85,234133.45,4331.99,829592.37,396359.43,421296.23,11936.71
Houston,Weekly,5/17/2020,conventional,0.94,1682407.38,691236.99,250541.11,7081.97,733547.31,427146.22,281926.95,24474.14
Houston,Weekly,5/10/2020,conventional,0.8,1999550.94,770290.04,309010.58,6970.36,913279.96,566357.27,322750.66,24172.03
Houston,Weekly,5/3/2020,conventional,0.85,1885116.02,650250.62,371304.94,7474.42,856086.04,409649.8,423716.77,22719.47
Houston,Weekly,4/26/2020,conventional,0.92,1769655.3,541622.96,422230.52,13942.56,791859.26,375390.37,376485.23,39983.66
Houston,Weekly,6/14/2020,conventional,0.82,1681921,719590,190010,5257,767064,483168,260765,23131
Houston,Weekly,6/7/2020,conventional,0.75,1943014,780784,310808,6620,844802,478393,343772,22637
Houston,Weekly,5/31/2020,conventional,0.81,1990923,654250,354557,7266,974850,536994,410119,27736
Houston,Weekly,5/24/2020,conventional,0.92,1887425,780849,280631,7397,818548,488592,306102,23854
Houston,Weekly,7/12/2020,conventional,0.81,1653627.19,668170.1,188651.28,6331.99,790473.82,525436.46,244006.85,21030.51
Houston,Weekly,7/5/2020,conventional,0.77,1899768.67,782464.89,237981.88,7426.59,871895.31,472977.48,377496.1,21421.73
Houston,Weekly,6/28/2020,conventional,0.8,1596978.09,532706.16,255899.46,4627.32,803745.15,472114.41,311766.68,19864.06
Houston,Weekly,6/21/2020,conventional,0.84,1694196.58,693277.88,208255.34,5683.75,786979.61,520207.99,244789.1,21982.52
Indianapolis,Weekly,1/6/2020,conventional,0.76,289110.15,82921.74,40007.7,4887.4,161293.31,151150.46,9542.14,600.71
Indianapolis,Weekly,1/12/2020,conventional,0.78,309427.72,85065.04,27665.7,4050.2,192646.78,183240.08,8292.21,1114.49
Indianapolis,Weekly,1/19/2020,conventional,0.74,331424.49,83627.42,67946.38,5553.27,174297.42,162388.61,11644.11,264.7
Indianapolis,Weekly,1/26/2020,conventional,0.9,279908.91,69234.01,27993.05,4066.17,178615.68,147772.73,29474.43,1368.52
Indianapolis,Weekly,2/2/2020,conventional,0.69,398754.54,96314.99,53935.67,3782.57,244721.31,224599.67,17931.08,2190.56
Indianapolis,Weekly,2/9/2020,conventional,0.76,289232.95,83237.75,41886.07,3663,160446.13,151706.57,7588.26,1151.3
Indianapolis,Weekly,2/16/2020,conventional,0.98,220644.81,63198.62,26563.55,3046.82,127835.82,120820.31,6485.14,530.37
Indianapolis,Weekly,2/23/2020,conventional,0.86,268717.73,76561.66,47016.9,3782.34,141356.83,132733.09,6962.82,1660.92
Indianapolis,Weekly,3/1/2020,conventional,0.95,266776.18,80779.38,25990.31,3215.39,156791.1,148372.8,5986.36,2431.94
Indianapolis,Weekly,3/8/2020,conventional,1.08,273900.06,72333.59,25686.3,3355.25,172524.92,163699.42,7594.91,1230.59
Indianapolis,Weekly,3/15/2020,conventional,1.19,314322.28,87595.1,33690.68,4333.29,188703.21,174736.95,12231.2,1735.06
Indianapolis,Weekly,3/22/2020,conventional,1.06,329262.47,97264.59,30960.62,4159.27,196877.99,182880.64,13494.18,503.17
Indianapolis,Weekly,4/19/2020,conventional,1.12,279648.39,93672.63,25239.01,3786.63,156950.12,151077.85,5269.87,602.4
Indianapolis,Weekly,4/12/2020,conventional,1.01,315138.94,103357.48,26850.35,3635.79,181295.32,175001.09,4169.65,2124.58
Indianapolis,Weekly,4/5/2020,conventional,0.94,324191.05,104152.14,29698.13,3314.78,187026,179569.77,4682.48,2773.75
Indianapolis,Weekly,3/29/2020,conventional,0.95,291479.47,86709.95,26213.3,3227.33,175328.89,167523.16,4769.86,3035.87
Indianapolis,Weekly,5/17/2020,conventional,1.15,309411.82,101545.11,26431.66,5275.43,176159.62,166791.04,9016.51,352.07
Indianapolis,Weekly,5/10/2020,conventional,1,369636.47,136667.1,38125.46,5312.23,189531.68,174208.08,13816.21,1507.39
Indianapolis,Weekly,5/3/2020,conventional,1.01,360027.43,126104.78,31433.75,4192.32,198296.58,185433.37,12343.75,519.46
Indianapolis,Weekly,4/26/2020,conventional,1.18,317154.18,107033.16,27913.1,4330.95,177876.97,172395.03,5417.6,64.34
Indianapolis,Weekly,6/14/2020,conventional,1.02,315534,95984,28172,5620,185757,174994,6528,4235
Indianapolis,Weekly,6/7/2020,conventional,0.95,346851,125206,33078,4891,183675,173238,7220,3218
Indianapolis,Weekly,5/31/2020,conventional,1.04,343686,122220,27950,5731,187784,179944,7708,132
Indianapolis,Weekly,5/24/2020,conventional,1.12,335436,114322,34976,6244,179894,169581,10192,121
Indianapolis,Weekly,7/12/2020,conventional,0.95,292673.08,90234.79,31717.05,4672.49,166048.75,159231.34,5159.73,1657.68
Indianapolis,Weekly,7/5/2020,conventional,0.91,357539.33,114683.46,27477.67,5292.33,210085.87,201035.64,7632.35,1417.88
Indianapolis,Weekly,6/28/2020,conventional,0.85,358210.32,113045.84,27175.68,4406.91,213581.89,203402.91,7653.52,2525.46
Indianapolis,Weekly,6/21/2020,conventional,1.02,316798.04,99015.83,28280.66,4896.97,184604.58,174658.34,8147.04,1799.2
