data/data sets/avocado0915.csv
region,Timeframe,Date,type,AveragePrice,Total Volume,4046,4225,4770,Total Bags,Small Bags,Large Bags,XLarge Bags
Jacksonville,Weekly,1/6/2020,conventional,0.9,302972.47,133727.65,10458.28,1061.91,157724.63,46967.54,110757.09,0
Jacksonville,Weekly,1/12/2020,conventional,0.91,296838.69,111435.27,10739.6,1030.15,173633.67,106181.58,67452.09,0
Jacksonville,Weekly,1/19/2020,conventional,0.9,303720.63,134659.53,10924.29,1171.82,156964.99,47738.92,109222.74,3.33
Jacksonville,Weekly,1/26/2020,conventional,0.91,308177.73,109216.78,10557.46,1304.22,187099.27,48546.94,138552.33,0
Jacksonville,Weekly,2/2/2020,conventional,0.88,371039.8,165392.98,15287.84,441.9,189917.08,43135.73,146781.35,0
Jacksonville,Weekly,2/9/2020,conventional,1.01,269266.19,104719.24,9956.99,301.05,154288.91,43494.36,110790.11,4.44
Jacksonville,Weekly,2/16/2020,conventional,1,242995.59,95836.03,8769.73,186.75,138203.08,47608.47,90587.94,6.67
Jacksonville,Weekly,2/23/2020,conventional,1.02,237364.01,93978.41,7942.45,233.38,135209.77,46151.22,89048.55,10
Jacksonville,Weekly,3/1/2020,conventional,1.21,235537.82,90053.3,9572.77,256.6,135655.15,45099.05,90556.1,0
Jacksonville,Weekly,3/8/2020,conventional,1.26,231188.73,83313.89,6048.3,87.33,141739.21,47169.28,94519.94,49.99
Jacksonville,Weekly,3/15/2020,conventional,1.08,277685.72,105335.78,9203.64,185.64,162960.66,51200.25,111737.12,23.29
Jacksonville,Weekly,3/22/2020,conventional,1.11,290118.36,118739.36,9098.67,231.21,162049.12,49100.85,112941.6,6.67
Jacksonville,Weekly,4/19/2020,conventional,1.26,266140.19,101120.08,41803.25,88,123128.86,61321.77,61798.2,8.89
Jacksonville,Weekly,4/12/2020,conventional,1.3,237887.07,79565.87,29355.77,100.85,128864.58,53845.62,74948.97,69.99
Jacksonville,Weekly,4/5/2020,conventional,1.26,279372.31,98772,22117.85,146.71,158335.75,63068.43,90952.88,4314.44
Jacksonville,Weekly,3/29/2020,conventional,1.29,271480.6,113686.3,7923.88,212.95,149657.47,131470.69,17706.78,480
Jacksonville,Weekly,5/17/2020,conventional,1.22,251389.17,104165.42,16227.54,208.4,130787.81,110924.3,19860.18,3.33
Jacksonville,Weekly,5/10/2020,conventional,1.2,242051.77,97185.34,18147.81,234.18,126484.44,106505.71,19970.96,7.77
Jacksonville,Weekly,5/3/2020,conventional,1.06,330664.01,116729.46,60266.09,279.89,153388.57,71845.94,81518.19,24.44
Jacksonville,Weekly,4/26/2020,conventional,1.23,287022.2,94313.77,36055.42,254.46,156398.55,74081.9,82309.99,6.66
Jacksonville,Weekly,6/14/2020,conventional,1.18,242135,108594,11791,224,121526,96656,24149,721
Jacksonville,Weekly,6/7/2020,conventional,1.14,245509,125285,13807,270,106146,82977,23155,14
Jacksonville,Weekly,5/31/2020,conventional,1.18,238443,122561,14045,226,101610,79009,22597,4
Jacksonville,Weekly,5/24/2020,conventional,1.06,291155,115295,15633,217,160010,137088,22882,40
Jacksonville,Weekly,7/12/2020,conventional,1.2,211874.35,101779.95,11916.03,222.65,97955.72,87075.99,6456.4,4423.33
Jacksonville,Weekly,7/5/2020,conventional,1.08,251663.73,121500.02,14406.51,207.4,115549.8,95380.94,15458.86,4710
Jacksonville,Weekly,6/28/2020,conventional,1.1,253402.69,128515.55,14191.54,200.71,110494.89,79414.25,26363.97,4716.67
Jacksonville,Weekly,6/21/2020,conventional,1.22,234260.71,105052.13,12929.01,165.13,116114.44,87455.75,25562.03,3096.66
Las Vegas,Weekly,1/6/2020,conventional,0.92,386024.55,62806.47,55204.41,663.88,267349.79,68297.25,197942.54,1110
Las Vegas,Weekly,1/12/2020,conventional,0.96,390807,63853.47,51976.55,705.28,274271.7,79962.12,194298.95,10.63
Las Vegas,Weekly,1/19/2020,conventional,0.73,527011.95,73866.77,152454.98,804.54,299885.66,97451.41,202399.35,34.9
Las Vegas,Weekly,1/26/2020,conventional,1.05,306793.82,68324.14,56618.91,746.98,181103.79,83259.65,97803.01,41.13
Las Vegas,Weekly,2/2/2020,conventional,0.94,456825.9,85862.8,69430.07,332.68,301200.35,74617.68,226573.52,9.15
Las Vegas,Weekly,2/9/2020,conventional,0.88,415438.55,91777.15,54405.71,122.13,269133.56,76748.05,192284.4,101.11
Las Vegas,Weekly,2/16/2020,conventional,0.96,413785.01,76579.48,54033.95,46.98,283124.6,67352.34,214182.26,1590
Las Vegas,Weekly,2/23/2020,conventional,0.85,403049.63,58008,50785.95,81.15,294174.53,70039.39,223865.76,269.38
Las Vegas,Weekly,3/1/2020,conventional,1.12,302824.73,62481.18,31211.48,31.51,209100.56,87354.4,121619.81,126.35
Las Vegas,Weekly,3/8/2020,conventional,1.1,341073.99,66299.38,28133.96,32.09,246608.56,109707.79,136867.44,33.33
Las Vegas,Weekly,3/15/2020,conventional,0.98,485946.36,67779.58,51397.17,55.35,366714.26,116204.22,249190.81,1319.23
Las Vegas,Weekly,3/22/2020,conventional,1.03,420565.2,78235.13,48968.97,70.75,293290.35,87188.05,195715.96,10386.34
Las Vegas,Weekly,4/19/2020,conventional,1.01,463740.96,71878.89,57937.95,134.27,333789.85,102878.19,225302.16,5609.5
Las Vegas,Weekly,4/12/2020,conventional,1.14,400297.1,80949.22,45434.69,157.58,273755.61,120922.22,147113.79,5719.6
Las Vegas,Weekly,4/5/2020,conventional,1.04,437332.41,82761.47,54350.04,123.95,300096.95,122426.38,171728.55,5942.02
Las Vegas,Weekly,3/29/2020,conventional,1.03,364151.98,73800.75,44135.82,91.63,246123.78,95212.32,144759.05,6152.41
Las Vegas,Weekly,5/17/2020,conventional,1.01,443235.06,78932.86,38765.89,134.08,325402.23,113746.47,204918.55,6737.21
Las Vegas,Weekly,5/10/2020,conventional,1,521134.48,98691.42,52676.55,153.21,369613.3,124360.53,240472.21,4780.56
Las Vegas,Weekly,5/3/2020,conventional,1.02,504348.3,83344.41,60934.03,118.71,359951.15,118634.83,237770.56,3545.76
Las Vegas,Weekly,4/26/2020,conventional,0.92,534971.61,80346.9,79399.17,170.21,375055.33,123928.17,246372.33,4754.83
Las Vegas,Weekly,6/14/2020,conventional,0.95,462851,64268,48239,56,350288,113195,233372,3722
Las Vegas,Weekly,6/7/2020,conventional,1.03,431082,75886,45939,77,309180,107081,198695,3404
Las Vegas,Weekly,5/31/2020,conventional,1.04,426611,75365,37479,66,313700,132826,177156,3719
Las Vegas,Weekly,5/24/2020,conventional,0.92,517399,79034,46634,99,391632,104245,282087,5299
Las Vegas,Weekly,7/12/2020,conventional,1,457865.95,66012.04,47904.34,137.13,343812.44,109204.36,231137.44,3470.64
Las Vegas,Weekly,7/5/2020,conventional,1.01,478587.31,70330.79,44805.67,205.99,363244.86,122123.67,237196.33,3924.86
Las Vegas,Weekly,6/28/2020,conventional,0.88,459429.25,63847.5,42203.95,77.09,353300.71,117455.12,232112.71,3732.88
Las Vegas,Weekly,6/21/2020,conventional,0.97,411323.46,68613.29,44722.13,82.25,297905.79,137523.56,156075.51,4306.72
Los Angeles,Weekly,1/6/2020,conventional,1.05,3067211.9,913991.69,62160.47,154399.03,1936660.71,970448.74,624012.51,342199.46
Los Angeles,Weekly,1/12/2020,conventional,1.09,3125806.23,929495.05,65983.52,106686.72,2023640.94,1035672.99,765986.23,221981.72
Los Angeles,Weekly,1/19/2020,conventional,0.94,3550567.39,912777,94768.97,144701.6,2398319.82,925745.22,1155547.03,317027.57
Los Angeles,Weekly,1/26/2020,conventional,1.14,2875214.61,924713.45,67657.52,129678.17,1753165.47,966418.27,630555.66,156191.54
Los Angeles,Weekly,2/2/2020,conventional,0.79,5383597.9,1688992.46,115192.13,243289.68,3336123.63,2010671.28,846378.82,479073.53
Los Angeles,Weekly,2/9/2020,conventional,1.04,3419597.99,978147.4,75145.36,225266.42,2141038.81,1093146.19,651430.92,396461.7
Los Angeles,Weekly,2/16/2020,conventional,1.14,2835062.56,860317.9,61977.28,117118.74,1795648.64,961689.31,558228.77,275730.56
Los Angeles,Weekly,2/23/2020,conventional,0.98,3747775.07,978437.83,60012.12,131080.46,2578244.66,1667212.93,665498.66,245533.07
Los Angeles,Weekly,3/1/2020,conventional,1.19,2831311.5,777870.36,99355.92,97657.32,1856427.9,1078550.1,649685.21,128192.59
Los Angeles,Weekly,3/8/2020,conventional,1.27,2797533.92,920850.56,58054.49,58246.06,1760382.81,1126193.01,576526.13,57663.67
Los Angeles,Weekly,3/15/2020,conventional,1.24,3552073.74,890592.23,91771.74,87468.29,2482241.48,1626507.22,734792.03,120942.23
Los Angeles,Weekly,3/22/2020,conventional,1.3,2843211.59,925188.84,80038.24,84063.3,1753921.21,986882.09,657873.35,109165.77
Los Angeles,Weekly,4/19/2020,conventional,1.24,3587854.83,1026898.32,169835.92,104073.32,2287047.27,1193782.07,797847.8,295417.4
Los Angeles,Weekly,4/12/2020,conventional,1.33,3286615.74,1030319.61,118229.01,121162.49,2016904.63,1227352.03,507046.89,282505.71
Los Angeles,Weekly,4/5/2020,conventional,1.29,3241375.94,1074451.93,96051.17,121843.48,1949029.36,1205754.24,591694.51,151580.61
Los Angeles,Weekly,3/29/2020,conventional,1.34,2955287.84,908891.75,101701.78,95156.38,1849537.93,1029612.68,631966.93,187958.32
Los Angeles,Weekly,5/17/2020,conventional,1.22,3568521.93,1123786.33,80386.26,164325.44,2200023.9,1306381.29,731759.12,161883.49
Los Angeles,Weekly,5/10/2020,conventional,1.17,3969631.89,1303194.93,93296.11,160579.26,2412561.59,1425825.86,827419.79,159315.94
Los Angeles,Weekly,5/3/2020,conventional,1.11,4338079.29,1345256.76,110892.13,123287.58,2758642.82,1717599.38,913000.29,128043.15
Los Angeles,Weekly,4/26/2020,conventional,1.28,3373838.53,1040823.88,121637.8,98815.27,2112561.58,1236576.88,640097.13,235887.57
Los Angeles,Weekly,6/14/2020,conventional,1.17,3639362,1179802,65352,229854,2164354,1273336,517766,373253
Los Angeles,Weekly,6/7/2020,conventional,1.13,3900386,1214539,88098,346605,2251143,1256354,752408,242381
Los Angeles,Weekly,5/31/2020,conventional,1.09,4146415,1164372,112387,254002,2615654,1322371,873295,419989
Los Angeles,Weekly,5/24/2020,conventional,1.2,3810100,1247655,84554,135385,2342507,1272358,742591,327557
Los Angeles,Weekly,7/12/2020,conventional,1.08,3809833.5,1076744.96,102806.67,189205.26,2441076.61,1160678.86,929286.59,351111.16
Los Angeles,Weekly,7/5/2020,conventional,1.08,4361247.7,1614401.75,77322.7,252654.16,2416869.09,1310057.13,611417.97,495393.99
Los Angeles,Weekly,6/28/2020,conventional,1.17,3423905.01,1054721.33,63932.39,204369.71,2100881.58,1217688.57,537671.69,345521.32
Los Angeles,Weekly,6/21/2020,conventional,1.15,3749949.13,1186823.15,70740.09,202024.73,2290361.16,1167627.34,745122.42,377611.4
Louisville,Weekly,1/6/2020,conventional,0.91,133723.06,37889.03,12970.92,235.26,82627.85,63615.48,19005.7,6.67
Louisville,Weekly,1/12/2020,conventional,0.8,153618.29,47379.72,10750.19,218.51,95269.87,75156.83,20107.74,5.3
Louisville,Weekly,1/19/2020,conventional,0.82,164601.85,42205.51,20208.21,288.32,101899.81,81295.7,20588.56,15.55
Louisville,Weekly,1/26/2020,conventional,0.99,131426.15,31673.97,10369.95,92.7,89289.53,65384.58,23904.95,0
Louisville,Weekly,2/2/2020,conventional,0.83,172561.58,33355.17,28129.2,172,110905.21,54100.71,56804.5,0
Louisville,Weekly,2/9/2020,conventional,0.93,141569.26,28059.43,22626.46,97.64,90785.73,38219.44,52566.29,0
Louisville,Weekly,2/16/2020,conventional,0.97,121175.95,37249.79,11274.02,60.45,72591.69,47073.64,25501.39,16.66
Louisville,Weekly,2/23/2020,conventional,0.91,134478.23,39081.03,15136.63,143.73,80116.84,61406.06,18694.04,16.74
Louisville,Weekly,3/1/2020,conventional,1.06,123527.39,33278.41,9699.71,69.61,80479.66,59492.2,20975.4,12.06
Louisville,Weekly,3/8/2020,conventional,0.98,132024.05,35667.23,8479.11,96.82,87780.89,68444.99,19335.9,0
Louisville,Weekly,3/15/2020,conventional,1.04,155342.41,41416.48,10083.9,96.94,103745.09,81022.91,22718.85,3.33
Louisville,Weekly,3/22/2020,conventional,1.09,143601.96,41131.91,10119.46,117.85,92232.74,71238.43,20983.11,11.2
Louisville,Weekly,4/19/2020,conventional,1.08,129956.39,40494.8,11394.89,97.04,77969.66,62355.7,15601.29,12.67
Louisville,Weekly,4/12/2020,conventional,1.04,146425.39,49409.91,11270.78,152.87,85591.83,70030.13,15555.03,6.67
Louisville,Weekly,4/5/2020,conventional,0.9,166873.49,50375.77,10331.52,118.64,106047.56,91850.07,14197.49,0
Louisville,Weekly,3/29/2020,conventional,0.84,158840.06,44864.02,8741.84,98.43,105135.77,92881.35,12254.42,0
Louisville,Weekly,5/17/2020,conventional,1.06,157037.49,50530.51,12158.85,84.15,94263.98,76757.85,17502.8,3.33
Louisville,Weekly,5/10/2020,conventional,0.96,182400.95,64268.82,15347.98,124.03,102660.12,84198.19,18460.6,1.33
Louisville,Weekly,5/3/2020,conventional,0.95,176375.34,58693.98,12055.19,114.84,105511.33,89558.44,15949.56,3.33
Louisville,Weekly,4/26/2020,conventional,1.09,138486.17,43829.38,12791.05,41.82,81823.92,64562.12,17260.69,1.11
Louisville,Weekly,6/14/2020,conventional,0.91,186199,55178,11712,50,119260,102732,16497,30
Louisville,Weekly,6/7/2020,conventional,1.02,159816,51016,14611,90,94100,74924,19162,14
Louisville,Weekly,5/31/2020,conventional,0.86,175577,56877,12358,52,106290,87298,18987,4
Louisville,Weekly,5/24/2020,conventional,0.82,198489,64111,14923,99,119356,101197,18159,0
Louisville,Weekly,7/12/2020,conventional,0.87,171086.37,43906.66,12365.5,55.86,114758.35,99277.41,12908.72,2572.22
Louisville,Weekly,7/5/2020,conventional,1,156069.56,41126.89,12419.9,75.88,102446.89,82951.66,17298.57,2196.66
Louisville,Weekly,6/28/2020,conventional,1,140591.8,38035.25,11127.2,47.21,91382.14,74256.6,16182.21,943.33
Louisville,Weekly,6/21/2020,conventional,0.92,170908.41,47467.03,11249.32,81.27,112110.79,95781.88,14762.24,1566.67
Miami/Ft. Lauderdale,Weekly,1/6/2020,conventional,0.9,1285675.89,485437.81,37424.37,4562.05,758251.66,203973.38,554262.06,16.22
Miami/Ft. Lauderdale,Weekly,1/12/2020,conventional,0.9,1243129.55,485948.99,38688.68,4508.81,713983.07,157103.39,556861.91,17.77
Miami/Ft. Lauderdale,Weekly,1/19/2020,conventional,0.92,1257729.06,514169.79,37948.22,5544.74,700066.31,145738.94,552614.04,1713.33
Miami/Ft. Lauderdale,Weekly,1/26/2020,conventional,0.91,1258435.5,529801.85,43559.31,5362.31,679712.03,167858.07,511840.63,13.33
Miami/Ft. Lauderdale,Weekly,2/2/2020,conventional,0.9,1515888.74,631429.02,57976.19,1785.83,824697.7,199010.31,625651.44,35.95
Miami/Ft. Lauderdale,Weekly,2/9/2020,conventional,1.04,1084311.24,458758.8,39343.29,510.19,585698.96,209591.01,376094.82,13.13
Miami/Ft. Lauderdale,Weekly,2/16/2020,conventional,1.01,1068544.17,406230.68,35261.82,356.08,626695.59,171939.11,454753.25,3.23
Miami/Ft. Lauderdale,Weekly,2/23/2020,conventional,1.05,1013154.96,428469.89,35881.47,450.09,548353.51,152341.94,395994.9,16.67
Miami/Ft. Lauderdale,Weekly,3/1/2020,conventional,1.21,988464.5,416981.19,41285.9,282.47,529914.94,158000.33,371721.28,193.33
Miami/Ft. Lauderdale,Weekly,3/8/2020,conventional,1.26,987532.15,401680.88,31975.7,327.52,553548.05,195633.2,357478.19,436.66
Miami/Ft. Lauderdale,Weekly,3/15/2020,conventional,1.09,1229956.2,529842.7,48237.29,366.09,651510.12,197982.14,453468.09,59.89
Miami/Ft. Lauderdale,Weekly,3/22/2020,conventional,1.11,1308921.25,585953.33,45060.7,679.81,677227.41,198337.23,478862.89,27.29
Miami/Ft. Lauderdale,Weekly,4/19/2020,conventional,1.26,1157184.75,585365.62,41098.66,347.72,530310.26,495723.08,34558.29,28.89
Miami/Ft. Lauderdale,Weekly,4/12/2020,conventional,1.31,1050040.91,539754.3,40092.22,523.82,469666.38,422360.39,43013.93,4292.06
Miami/Ft. Lauderdale,Weekly,4/5/2020,conventional,1.29,1201964.92,732861.73,52261.7,752.26,416089.23,352476.94,51372.72,12239.57
Miami/Ft. Lauderdale,Weekly,3/29/2020,conventional,1.29,1168465.86,529350.61,40260.6,710.54,598141.86,548254.8,45663.05,4224.01
Miami/Ft. Lauderdale,Weekly,5/17/2020,conventional,1.24,1056626.99,499321,40090.08,301.06,516751.82,468514.99,48199.05,37.78
Miami/Ft. Lauderdale,Weekly,5/10/2020,conventional,1.24,1082709.47,554825.57,41668.99,456.46,485758.45,437983.43,47721.69,53.33
Miami/Ft. Lauderdale,Weekly,5/3/2020,conventional,1.08,1356496.17,681592.2,48151.85,531.47,626220.65,587607.86,38582.79,30
Miami/Ft. Lauderdale,Weekly,4/26/2020,conventional,1.23,1215213.19,588880.56,50656.05,300.58,575376,528995.64,46348.14,32.22
Miami/Ft. Lauderdale,Weekly,6/14/2020,conventional,1.2,994261,531013,42613,353,420283,362986,57264,32
Miami/Ft. Lauderdale,Weekly,6/7/2020,conventional,1.18,1032904,534848,45067,312,452677,401114,51519,44
Miami/Ft. Lauderdale,Weekly,5/31/2020,conventional,1.19,1059330,568533,51482,360,438954,388967,49955,32
Miami/Ft. Lauderdale,Weekly,5/24/2020,conventional,1.07,1221161,590159,41774,341,588886,532843,56007,36
Miami/Ft. Lauderdale,Weekly,7/12/2020,conventional,1.17,993626.37,514413.71,42776.08,540.32,435896.26,411132.95,22630.94,2132.37
Miami/Ft. Lauderdale,Weekly,7/5/2020,conventional,1.03,1216625.25,642990.01,52590.37,590.34,520454.53,473895.4,41925.8,4633.33
Miami/Ft. Lauderdale,Weekly,6/28/2020,conventional,1.05,1172941.56,629472.28,45042.92,398.98,498027.38,436834.06,60562.22,631.1
Miami/Ft. Lauderdale,Weekly,6/21/2020,conventional,1.17,1030699.35,517813.63,47760.5,282.87,464842.35,395230.59,63643.98,5967.78
