data/data sets/avocado0915.csv
region,Timeframe,Date,type,AveragePrice,Total Volume,4046,4225,4770,Total Bags,Small Bags,Large Bags,XLarge Bags
Midsouth,Weekly,1/6/2020,conventional,0.97,4219760.75,1270816.41,1038403.45,26093.88,1884447.01,1348348.83,529261.39,6836.79
Midsouth,Weekly,1/12/2020,conventional,1.02,4183793.45,1161391.39,861895.98,20223.3,2140282.78,1548896.35,582323.13,9063.3
Midsouth,Weekly,1/19/2020,conventional,0.98,4587929.47,1242617.68,916600.43,18909.85,2409801.51,1839442.77,562314.1,8044.64
Midsouth,Weekly,1/26/2020,conventional,1.05,4280577.67,1158028.26,900107.29,20263.37,2202178.75,1498664.37,694687.99,8826.39
Midsouth,Weekly,2/2/2020,conventional,0.88,5587643.76,1641961.27,1186038.18,21386.19,2738258.12,1723937.81,1004715.36,9604.95
Midsouth,Weekly,2/9/2020,conventional,0.99,4554970.16,1157402.96,1146374.25,16587.5,2234605.45,1343277.51,869252.46,22075.48
Midsouth,Weekly,2/16/2020,conventional,1.07,4011493.92,1146947.13,854183.62,12161.86,1998201.31,1360340.67,616554.94,21305.7
Midsouth,Weekly,2/23/2020,conventional,1.06,4184513.76,1323529.13,921808.53,12508.63,1926667.47,1369637.26,538371.64,18658.57
Midsouth,Weekly,3/1/2020,conventional,1.05,4337792.67,1231988.31,1096390.17,26915.15,1982499.04,1370039.56,590365.83,22093.65
Midsouth,Weekly,3/8/2020,conventional,1.14,4197082.81,1304672,896001.13,11213.87,1985195.81,1444506.62,525557.52,15131.67
Midsouth,Weekly,3/15/2020,conventional,1.13,5118659.54,1684182.37,983391.45,10105.65,2440980.07,1732008.7,686494.82,22476.55
Midsouth,Weekly,3/22/2020,conventional,1.17,4770988.98,1554008.04,929421.02,8066.66,2279493.26,1584181.25,675863.42,19448.59
Midsouth,Weekly,4/19/2020,conventional,1.17,4785192.32,1639147.6,922872.66,14671.04,2208501.02,1644873.58,540836.12,22791.32
Midsouth,Weekly,4/12/2020,conventional,1.16,4884481.74,1637071.33,944071.29,11772.31,2291566.81,1659676.23,607470.33,24420.25
Midsouth,Weekly,4/5/2020,conventional,1.09,5148227.49,1782262.8,1009663.83,11005.24,2345295.62,1743673.91,581625.8,19995.91
Midsouth,Weekly,3/29/2020,conventional,1.17,4650922.87,1567337.72,908531.89,9111,2165942.26,1564359.93,580420.81,21161.52
Midsouth,Weekly,5/17/2020,conventional,1.12,5250442.03,1782239.54,1046908.47,24849.87,2396444.15,1794766.43,576088.05,25589.67
Midsouth,Weekly,5/10/2020,conventional,1.06,5733286.02,1814834.56,1280474.81,21866.7,2616109.95,1938258.65,650971.62,26879.68
Midsouth,Weekly,5/3/2020,conventional,0.99,6469663.94,2240405.61,1187599.42,20570.34,3021088.57,2315000.16,681923.41,24165
Midsouth,Weekly,4/26/2020,conventional,1.17,5060392.09,1598280.51,1101691.98,21851.44,2338568.16,1717570.92,595419.96,25577.28
Midsouth,Weekly,6/14/2020,conventional,1.1,5388208,1704123,1043712,28473,2611900,2006225,581945,23731
Midsouth,Weekly,6/7/2020,conventional,1.13,5337228,1748935,1093427,29596,2465270,1859978,584317,20975
Midsouth,Weekly,5/31/2020,conventional,1.1,5433607,1844079,1112679,24787,2452062,1840514,584930,26618
Midsouth,Weekly,5/24/2020,conventional,1.08,5648412,1892255,1053973,24068,2678115,2049749,601115,27252
Midsouth,Weekly,7/12/2020,conventional,1.07,4989737.71,1562848.46,980050.94,27815.12,2419023.19,1592775.95,768961.65,57285.59
Midsouth,Weekly,7/5/2020,conventional,1.11,5200962.25,1661039.11,1058266.47,29268.36,2452388.31,1704701.69,692257.78,55428.84
Midsouth,Weekly,6/28/2020,conventional,1.11,4834966.96,1648177.8,966278.46,29045.89,2191464.81,1661642.71,505051.91,24770.19
Midsouth,Weekly,6/21/2020,conventional,1.11,5070753.21,1613706.36,993273.5,24549.53,2439223.82,1847641.93,550172.32,41409.57
Nashville,Weekly,1/6/2020,conventional,0.82,287253.98,117532.7,9292.82,556.25,159872.21,134373.08,25054.95,444.18
Nashville,Weekly,1/12/2020,conventional,0.8,292711.82,114278.28,7937.44,652.81,169843.29,146086.41,23408.34,348.54
Nashville,Weekly,1/19/2020,conventional,0.79,345846.03,134780.11,7188.1,309.71,203568.11,179792.47,23234.74,540.9
Nashville,Weekly,1/26/2020,conventional,0.82,311469.94,130795.42,7401.62,401.17,172871.73,147486.59,24903.99,481.15
Nashville,Weekly,2/2/2020,conventional,0.78,370280.16,143237.57,20268.5,155.24,206618.85,135725.3,70868.06,25.49
Nashville,Weekly,2/9/2020,conventional,0.86,312298.91,109830.98,16884.03,5.17,185578.73,116793.45,68757.79,27.49
Nashville,Weekly,2/16/2020,conventional,0.85,283345.8,106897.27,8101.51,39.95,168307.07,136973.91,31287.59,45.57
Nashville,Weekly,2/23/2020,conventional,0.84,307392.93,117904.67,7744.98,17.69,181725.59,153611.88,28032.78,80.93
Nashville,Weekly,3/1/2020,conventional,0.92,301015.16,111438.35,6354.13,13.35,183209.33,154475.64,28721.99,11.7
Nashville,Weekly,3/8/2020,conventional,0.96,302142.88,110161.39,6091.57,15.18,185874.74,162528.75,23238,107.99
Nashville,Weekly,3/15/2020,conventional,0.96,372081.93,137090.81,8303.13,11.99,226676,199324.87,27325.03,26.1
Nashville,Weekly,3/22/2020,conventional,0.97,353686.02,132525.33,7680.31,30.75,213449.63,187445.2,25972.24,32.19
Nashville,Weekly,4/19/2020,conventional,0.99,336740.47,142148.61,12857.34,36.93,181697.59,166475.66,15183.04,38.89
Nashville,Weekly,4/12/2020,conventional,0.99,325901.17,148374.02,12267.63,25.13,165234.39,147982.9,17214.03,37.46
Nashville,Weekly,4/5/2020,conventional,0.97,346272.8,145005.12,8906.47,41.57,192319.64,175799.81,16470.53,49.3
Nashville,Weekly,3/29/2020,conventional,0.99,314494.79,130239,7244.45,24.26,176987.08,164360.07,12607.39,19.62
Nashville,Weekly,5/17/2020,conventional,0.99,363037.81,152720.21,9553.52,43.4,200720.68,183147.1,17522.11,51.47
Nashville,Weekly,5/10/2020,conventional,0.95,382650.07,156591.46,10466.84,24.72,215567.05,195956.02,19569.64,41.39
Nashville,Weekly,5/3/2020,conventional,0.93,394513.48,178483.61,10800.83,32.72,205196.32,189038.77,16121.99,35.56
Nashville,Weekly,4/26/2020,conventional,1.02,345858.95,145529.97,9452.02,49.79,190827.17,172970.52,16574.82,1281.83
Nashville,Weekly,6/14/2020,conventional,0.87,365330,146529,9242,48,209511,188301,20437,773
Nashville,Weekly,6/7/2020,conventional,0.97,370407,150908,9910,87,209502,190124,19357,21
Nashville,Weekly,5/31/2020,conventional,0.94,373752,155590,9212,29,208922,189818,19067,38
Nashville,Weekly,5/24/2020,conventional,0.9,402362,167811,9954,47,224550,206407,18131,13
Nashville,Weekly,7/12/2020,conventional,0.85,336278.14,133962.64,9411.99,15.73,192887.78,171482.07,17272.82,4132.89
Nashville,Weekly,7/5/2020,conventional,0.89,365052.86,154229.74,9619.38,34.73,201169.01,176012,20518.52,4638.49
Nashville,Weekly,6/28/2020,conventional,0.91,330138.05,136513.09,8977.09,6,184641.87,163618.09,17819.26,3204.52
Nashville,Weekly,6/21/2020,conventional,0.86,363120.18,150702.61,8725.36,50.18,203642.03,180720.8,18353.44,4567.79
New Orleans/Mobile,Weekly,1/6/2020,conventional,0.86,340228.52,173426.91,19824.52,442,146535.09,95450.26,43998.17,7086.66
New Orleans/Mobile,Weekly,1/12/2020,conventional,0.82,366937.73,183926.84,18366.07,408,164236.82,112065.29,44188.2,7983.33
New Orleans/Mobile,Weekly,1/19/2020,conventional,0.87,386974.51,191942.06,19973.68,459.41,174599.36,114261.98,50940.71,9396.67
New Orleans/Mobile,Weekly,1/26/2020,conventional,0.83,421091.55,199711.95,22535.16,443,198401.44,128768.82,59729.29,9903.33
New Orleans/Mobile,Weekly,2/2/2020,conventional,0.6,572910.37,280765.88,39463.74,70.41,252610.34,176193.44,68103.57,8313.33
New Orleans/Mobile,Weekly,2/9/2020,conventional,0.86,367921.31,192872.83,18092.08,5,156951.4,103724.67,44363.4,8863.33
New Orleans/Mobile,Weekly,2/16/2020,conventional,0.85,349225.49,174098.39,16639.84,10,158477.26,105706.74,45023.86,7746.66
New Orleans/Mobile,Weekly,2/23/2020,conventional,0.94,301006.74,148983.85,9143.65,11,142868.24,93398.53,42396.38,7073.33
New Orleans/Mobile,Weekly,3/1/2020,conventional,0.93,358790.72,177419.53,15845.28,12.88,165513.03,115459.66,42845.72,7207.65
New Orleans/Mobile,Weekly,3/8/2020,conventional,1,329544.08,170302.14,10557.61,5,148679.33,97012.74,44129.47,7537.12
New Orleans/Mobile,Weekly,3/15/2020,conventional,1,423012.36,199354.63,14232.63,7,209418.1,153951.31,47100.13,8366.66
New Orleans/Mobile,Weekly,3/22/2020,conventional,0.97,369923.68,193083.93,13684.59,13.06,163142.1,116518.65,38746.79,7876.66
New Orleans/Mobile,Weekly,4/19/2020,conventional,0.93,412109.35,191687.71,29072.78,363.69,190985.17,148426.78,33403.95,9154.44
New Orleans/Mobile,Weekly,4/12/2020,conventional,1.02,342378.93,173906.73,17598.28,56.58,150817.34,105566.28,35542.98,9708.08
New Orleans/Mobile,Weekly,4/5/2020,conventional,0.99,366356.64,187601.56,18725.96,21.26,160007.86,123820.81,26497.05,9690
New Orleans/Mobile,Weekly,3/29/2020,conventional,1.01,328687.51,160806.67,12473.97,29,155377.87,134483.61,13894.26,7000
New Orleans/Mobile,Weekly,5/17/2020,conventional,1.03,419846.24,201186.73,21483.97,488.61,196686.93,171006.68,12540.26,13139.99
New Orleans/Mobile,Weekly,5/10/2020,conventional,0.95,479668.8,213037.39,27706.66,263.26,238661.49,211442.68,14281.74,12937.07
New Orleans/Mobile,Weekly,5/3/2020,conventional,0.92,490030.4,219535.67,46914.44,333.65,223246.64,148982.15,60911.16,13353.33
New Orleans/Mobile,Weekly,4/26/2020,conventional,0.98,403805.97,184406.52,28800.93,446.62,190151.9,131443.46,44712.88,13995.56
New Orleans/Mobile,Weekly,6/14/2020,conventional,0.98,410229,177983,24614,541,207092,177897,18107,11089
New Orleans/Mobile,Weekly,6/7/2020,conventional,0.9,442872,208901,23921,582,209469,184071,13452,11946
New Orleans/Mobile,Weekly,5/31/2020,conventional,0.89,473329,203099,19631,562,250037,226466,11160,12411
New Orleans/Mobile,Weekly,5/24/2020,conventional,0.93,476714,205006,21757,492,249459,221388,13909,14162
New Orleans/Mobile,Weekly,7/12/2020,conventional,0.88,422054.34,167544.94,24998.49,1155.97,228354.94,192665.82,22336.9,13352.22
New Orleans/Mobile,Weekly,7/5/2020,conventional,0.9,438073.42,185287.62,23633.41,1222.71,227929.68,196091.26,20908.42,10930
New Orleans/Mobile,Weekly,6/28/2020,conventional,0.9,413368.82,178254.31,22474.49,633.81,212006.21,176590.58,25157.85,10257.78
New Orleans/Mobile,Weekly,6/21/2020,conventional,0.93,438167.06,181461.84,27674.06,732.57,228298.59,193667.83,22218.54,12412.22
New York,Weekly,1/6/2020,conventional,1.41,2295745.27,42892.09,1637672.42,20553.05,593193.11,442704.95,146043.72,4444.44
New York,Weekly,1/12/2020,conventional,1.35,1903612.81,33900.28,1014009.73,10300.69,843950.13,572143.42,266543.38,5263.33
New York,Weekly,1/19/2020,conventional,1.36,1843608.5,38949.36,1079112.25,17398.89,706692.44,593579.12,106528.88,6584.44
New York,Weekly,1/26/2020,conventional,1.3,1946697.27,38725.73,942684.18,14434.2,949429.94,583119.22,359880.72,6430
New York,Weekly,2/2/2020,conventional,1.27,3046976.29,73326.12,2182641.25,9197.49,778713.65,620127.88,150716.83,7868.94
New York,Weekly,2/9/2020,conventional,1.3,2349123.76,54631.56,1339063.68,3866.23,951562.29,706034.69,236387.67,9139.93
New York,Weekly,2/16/2020,conventional,1.42,1686830.22,45411.63,933931.3,3248.72,704238.57,515026.46,181003.92,8208.19
New York,Weekly,2/23/2020,conventional,1.29,1519918.52,47798.43,625294.95,4138.99,842686.15,515006.03,319982.58,7697.54
New York,Weekly,3/1/2020,conventional,1.53,1670324.44,56623.35,973026.57,4190.36,636484.16,480147.36,147867.18,8469.62
New York,Weekly,3/8/2020,conventional,1.54,1912334.11,57865.72,1078473.14,3886.71,772108.54,591365.38,172738.01,8005.15
New York,Weekly,3/15/2020,conventional,1.52,2244410.56,67897.36,1273352.89,1971.82,901188.49,679619.6,215650.23,5918.66
New York,Weekly,3/22/2020,conventional,1.57,2025257.89,72474.99,1114573.06,975.37,837234.47,590663.57,240184.23,6386.67
New York,Weekly,4/19/2020,conventional,1.55,1949917.8,85076.8,1022381.78,1102.38,841356.84,682672.4,154683.72,4000.72
New York,Weekly,4/12/2020,conventional,1.56,2069103.19,81900.14,1101338.54,1783.37,884081.14,718120.27,160331.17,5629.7
New York,Weekly,4/5/2020,conventional,1.57,2189933.35,92232.12,1179802.19,1045.63,916853.41,692034.7,219051.04,5767.67
New York,Weekly,3/29/2020,conventional,1.58,2005974.08,79963.85,1200787.68,1146.55,724076,496392.71,223073.65,4609.64
New York,Weekly,5/17/2020,conventional,1.52,2299718.3,79627.64,1299716.08,3075.37,917299.21,675442.03,233097.35,8759.83
New York,Weekly,5/10/2020,conventional,1.5,2715146.11,91146.89,1617235.29,2302.97,1004460.96,743469.07,251704.77,9287.12
New York,Weekly,5/3/2020,conventional,1.51,2351010.01,87832.15,1314762.12,1725.6,946690.14,716609.32,223015.34,7065.48
New York,Weekly,4/26/2020,conventional,1.25,2803285.41,90560.57,1804773.91,3321.77,904629.16,711061.75,186794.76,6772.65
New York,Weekly,6/14/2020,conventional,1.22,3212254,107855,2152151,47039,905209,718981,179109,7119
New York,Weekly,6/7/2020,conventional,1.48,2441579,77276,1352388,3386,1008529,777307,223852,7370
New York,Weekly,5/31/2020,conventional,1.25,3221463,94961,2159820,5104,961578,739008,213801,8768
New York,Weekly,5/24/2020,conventional,1.5,2525443,83190,1386683,1406,1054163,798268,245780,10115
New York,Weekly,7/12/2020,conventional,1.19,2557489.33,86841.62,1550558.5,12374.68,907714.53,643846.77,258066.89,5800.87
New York,Weekly,7/5/2020,conventional,1.2,2727477.66,96258.36,1705951.11,15222.34,910045.85,658711.19,246856.47,4478.19
New York,Weekly,6/28/2020,conventional,1.47,2177538.71,79656.1,1248609.06,15847.74,833425.81,626594.21,205164.93,1666.67
New York,Weekly,6/21/2020,conventional,1.48,2343157.96,86585.41,1363985.97,9893.97,882692.61,635443.95,242765.61,4483.05
Northeast,Weekly,1/6/2020,conventional,1.2,6470709.45,264198.91,4465458.53,26013.54,1713603.87,1047398.2,642558.99,23646.68
Northeast,Weekly,1/12/2020,conventional,1.21,5687105.5,267172.78,3142613.7,16292.63,2259574.41,1466426.1,766878.31,26270
Northeast,Weekly,1/19/2020,conventional,1.18,5975029.33,312992.32,3515327.71,26873.58,2118380.16,1447259.14,640531.02,30590
Northeast,Weekly,1/26/2020,conventional,1.17,5740603.31,267576.84,2911488.33,22647.47,2537467.45,1396662.94,1109013.39,31791.12
Northeast,Weekly,2/2/2020,conventional,1.15,7853518.54,359434.96,5286223.56,14776.36,2189985.88,1451187.6,710238.44,28559.84
Northeast,Weekly,2/9/2020,conventional,1.19,6582820.81,309813.83,3823702.8,6798,2442506.18,1576729.81,827554.14,38222.23
Northeast,Weekly,2/16/2020,conventional,1.3,5056925.02,297396.27,2923539.33,5656.32,1830333.1,1266756.17,523575.72,40001.21
Northeast,Weekly,2/23/2020,conventional,1.25,5029018.34,304272.2,2582053.67,7086.06,2135606.41,1323137.29,776786.26,35682.86
Northeast,Weekly,3/1/2020,conventional,1.4,5061925.94,393349.08,2862927.62,7410.53,1798238.71,1357754.53,400299.29,40184.89
Northeast,Weekly,3/8/2020,conventional,1.35,5826681.87,457615.83,3117199.76,10962.69,2240903.59,1577755.83,531944.02,131203.74
Northeast,Weekly,3/15/2020,conventional,1.38,6608332.95,563551.77,3527196.33,10421.57,2507163.28,1892257.08,577522.54,37383.66
Northeast,Weekly,3/22/2020,conventional,1.43,6256808.81,530457.78,3400038.92,10004.08,2316308.03,1640144.14,641614.28,34549.61
Northeast,Weekly,4/19/2020,conventional,1.41,6089881.14,653842.41,3008228.83,11813.51,2415996.39,1805443.36,582068.92,28484.11
Northeast,Weekly,4/12/2020,conventional,1.4,6338286.86,657011.93,3174682.62,13396.67,2493195.64,1947765.75,512601.62,32828.27
Northeast,Weekly,4/5/2020,conventional,1.43,6341257.08,615079.87,3312227.5,10906.79,2403042.92,1801823.02,567843.02,33376.88
Northeast,Weekly,3/29/2020,conventional,1.38,6144063.96,644514.41,3400068.94,11626.56,2087854.05,1453336.58,603652.66,30864.81
Northeast,Weekly,5/17/2020,conventional,1.4,7018360.53,675045.46,3696329.78,12685.26,2634300.03,1881497.75,702405.7,50396.58
Northeast,Weekly,5/10/2020,conventional,1.33,8386813.23,837235.42,4633206.52,13693.8,2902677.49,2073363.85,778753.83,50559.81
Northeast,Weekly,5/3/2020,conventional,1.37,7170716.42,676296.97,3716914,13841.01,2763664.44,1953631.57,772096.17,37936.7
Northeast,Weekly,4/26/2020,conventional,1.25,7431620.88,612817.11,4246231.87,16356.97,2556214.93,1888186.44,631085.56,36942.93
Northeast,Weekly,6/14/2020,conventional,1.12,9254874,759804,5366134,76067,3052869,1991073,1016093,45703
Northeast,Weekly,6/7/2020,conventional,1.32,7415920,682716,3814054,16645,2902505,2062787,798960,40758
Northeast,Weekly,5/31/2020,conventional,1.27,8584547,806028,5005022,16686,2756811,2005226,702989,48597
Northeast,Weekly,5/24/2020,conventional,1.38,7527521,703479,3885815,13117,2925110,2125462,742881,56767
Northeast,Weekly,7/12/2020,conventional,1.2,7278849.06,672216.91,3973854.12,28156.7,2604621.33,1819334.11,742761.69,42525.53
Northeast,Weekly,7/5/2020,conventional,1.23,7627027,746974.53,4431082.61,35514.05,2413455.81,1790709.01,591947.56,30799.24
Northeast,Weekly,6/28/2020,conventional,1.32,6697793.93,702815.31,3679912.15,38357.63,2276708.84,1826589.49,436743.11,13376.24
Northeast,Weekly,6/21/2020,conventional,1.35,6858720.51,671387.79,3744568.54,28207.55,2414556.63,1779426.99,598514.83,36614.81
