data/data sets/avocado0915.csv
region,Timeframe,Date,type,AveragePrice,Total Volume,4046,4225,4770,Total Bags,Small Bags,Large Bags,XLarge Bags
Northern New England,Weekly,1/6/2020,conventional,0.83,834766.42,8912.66,709765.25,279.03,115809.48,24697.63,90358.51,753.34
Northern New England,Weekly,1/12/2020,conventional,1.14,568595.44,8995.86,427426.93,275.58,131897.07,26763.69,104230.04,903.34
Northern New England,Weekly,1/19/2020,conventional,0.92,839194.81,12697.77,683656.47,430.47,142410.1,33420.7,108179.4,810
Northern New England,Weekly,1/26/2020,conventional,1.11,574653.44,10616.87,363518.07,372.69,200145.81,26888.96,172463.52,793.33
Northern New England,Weekly,2/2/2020,conventional,0.93,851592.6,12098.28,719472.6,239.97,119781.75,30810.35,88934.73,36.67
Northern New England,Weekly,2/9/2020,conventional,1.04,613459.06,10944.05,454006.58,110.92,148397.51,27893.88,118300.3,2203.33
Northern New England,Weekly,2/16/2020,conventional,1.26,500748.91,10459.84,393255.65,175.82,96857.6,32188.37,60645.9,4023.33
Northern New England,Weekly,2/23/2020,conventional,1.19,598681.96,12277.93,443292.69,157.3,142954.04,41758.14,98402.57,2793.33
Northern New England,Weekly,3/1/2020,conventional,1.32,520694.56,15380.06,404777.92,114.9,100421.68,57877.99,38193.69,4350
Northern New England,Weekly,3/8/2020,conventional,1.19,615963.16,27345.57,415842,89.66,172685.93,97303.38,37634.72,37747.83
Northern New England,Weekly,3/15/2020,conventional,1.28,693676.74,50613.42,480076.68,165.55,162821.09,114909.87,41823.18,6088.04
Northern New England,Weekly,3/22/2020,conventional,1.3,682029.66,51539.94,455278.19,127.9,175083.63,125548.96,44708.43,4826.24
Northern New England,Weekly,4/19/2020,conventional,1.35,629676.74,80652.91,396337.07,154.68,152532.08,54709.69,95669.75,2152.64
Northern New England,Weekly,4/12/2020,conventional,1.29,650767.48,79918.9,405111.7,209.97,165526.91,85454.78,76784.39,3287.74
Northern New England,Weekly,4/5/2020,conventional,1.3,607413.94,78651.03,392311.32,193.72,136257.87,80865.41,52730.68,2661.78
Northern New England,Weekly,3/29/2020,conventional,1.1,764712.99,111003.15,500923.43,156.64,152629.77,74060.55,74628.12,3941.1
Northern New England,Weekly,5/17/2020,conventional,1.33,683078.44,24326.33,500289.62,157.42,158305.07,81279.96,72242.95,4782.16
Northern New England,Weekly,5/10/2020,conventional,1.09,1012471.14,35332.35,787445.35,289.77,189403.67,86884.96,97994.47,4524.24
Northern New England,Weekly,5/3/2020,conventional,1.3,723721.49,28789.5,498441.33,413.34,196077.32,77838.55,114139.24,4099.53
Northern New England,Weekly,4/26/2020,conventional,1.27,685987.09,33359.11,481694.34,307.28,170626.36,68834.05,98662.27,3130.04
Northern New England,Weekly,6/14/2020,conventional,0.89,1089324,24071,764845,121,300287,66472,232131,1684
Northern New England,Weekly,6/7/2020,conventional,1.29,713047,24686,520608,153,167600,80047,84637,2916
Northern New England,Weekly,5/31/2020,conventional,1.34,742864,25610,531726,152,185376,81911,98872,4593
Northern New England,Weekly,5/24/2020,conventional,1.31,739202,29072,535769,200,174161,82251,87018,4893
Northern New England,Weekly,7/12/2020,conventional,1.28,679895.23,18768.16,499687.68,284.74,161154.65,95367.32,61917.86,3869.47
Northern New England,Weekly,7/5/2020,conventional,1.3,749550.86,20632.11,580145.44,123.64,148649.67,101289.08,44735.67,2624.92
Northern New England,Weekly,6/28/2020,conventional,1.25,701139.74,21180.41,522925.01,251.62,156782.7,117871.38,37689.01,1222.31
Northern New England,Weekly,6/21/2020,conventional,1.27,680933.67,19434.31,509245.21,79.66,152174.49,71270.32,77630.84,3273.33
Orlando,Weekly,1/6/2020,conventional,0.87,705584.26,267137.07,17851.1,5212.13,415383.96,120977.82,294391.74,14.4
Orlando,Weekly,1/12/2020,conventional,0.89,694537.68,271593.6,16784.15,4421.98,401737.95,109844.46,291890.16,3.33
Orlando,Weekly,1/19/2020,conventional,0.88,714427.97,295778.56,18589.58,5894.8,394165.03,159019.9,231655.13,3490
Orlando,Weekly,1/26/2020,conventional,0.89,724667.83,277791.74,18465.59,4545.4,423865.1,123911.11,299880.65,73.34
Orlando,Weekly,2/2/2020,conventional,0.88,820587.57,310374.75,22880.67,1313.98,486018.17,124202.97,361811.87,3.33
Orlando,Weekly,2/9/2020,conventional,0.98,632691.27,243403.94,16722.94,134.19,372430.2,129180.29,243238.82,11.09
Orlando,Weekly,2/16/2020,conventional,0.99,586371.74,235513.46,15660.18,58,335140.1,121794.71,213342.29,3.1
Orlando,Weekly,2/23/2020,conventional,1.01,578904.85,219485.86,13960.19,83.19,345375.61,137147.23,208218.38,10
Orlando,Weekly,3/1/2020,conventional,1.17,571494.88,224677.71,14431.05,85,332301.12,130228.37,201552.75,520
Orlando,Weekly,3/8/2020,conventional,1.05,561732.1,281823.57,13816.29,102,265990.24,132003.57,133322.5,664.17
Orlando,Weekly,3/15/2020,conventional,1.06,666212.61,287744.29,17759.39,130.57,360578.36,141993.31,218469.5,115.55
Orlando,Weekly,3/22/2020,conventional,1.08,719787.23,330168.7,18780.74,156,370681.79,155482.47,215183.76,15.56
Orlando,Weekly,4/19/2020,conventional,1.17,671907.98,304773.22,17091.9,149,349893.86,308656.03,41181.16,56.67
Orlando,Weekly,4/12/2020,conventional,1.2,606746.05,253169.86,13155.81,114.43,340305.95,290193.64,48576.75,1535.56
Orlando,Weekly,4/5/2020,conventional,1.19,657548.27,285062.6,15910.03,104.41,356471.23,290626.91,58419.49,7424.83
Orlando,Weekly,3/29/2020,conventional,1.19,656117.33,320620.08,15733.35,109,319654.9,264522.71,53987.74,1144.45
Orlando,Weekly,5/17/2020,conventional,1.14,601038.31,238457.31,13608.83,95.55,348876.62,277431.12,71412.17,33.33
Orlando,Weekly,5/10/2020,conventional,1.12,612568.57,250039.51,13929.11,122,348477.95,278154.68,70293.27,30
Orlando,Weekly,5/3/2020,conventional,1.03,773385.33,336956.67,18199.71,142.19,418086.76,365970.63,52046.12,70.01
Orlando,Weekly,4/26/2020,conventional,1.16,663937.8,281662.55,16351.33,123.08,365800.84,311061.47,54721.6,17.77
Orlando,Weekly,6/14/2020,conventional,1.1,594541,251895,13959,155,328532,248563,79852,117
Orlando,Weekly,6/7/2020,conventional,1.11,594181,270274,13857,71,309979,232164,77768,48
Orlando,Weekly,5/31/2020,conventional,1.12,591835,275483,14037,79,302236,230297,71872,67
Orlando,Weekly,5/24/2020,conventional,1.03,677479,305669,15153,124,356526,279827,76646,53
Orlando,Weekly,7/12/2020,conventional,1.06,556582.13,256250.45,15225,210.18,284896.5,267915.59,16110.9,870.01
Orlando,Weekly,7/5/2020,conventional,0.98,694482.81,305047.64,16775.27,190.59,372469.31,314778.2,54802.23,2888.88
Orlando,Weekly,6/28/2020,conventional,1,681641.37,283500.84,16328.81,142.94,381668.78,296519.35,84366.09,783.34
Orlando,Weekly,6/21/2020,conventional,1.11,623810.27,261692.92,16215.51,131.87,345769.97,258155.52,83018.9,4595.55
Philadelphia,Weekly,1/6/2020,conventional,1.17,674360.75,27557.45,435201.12,1941.28,209660.9,167674.04,37852.42,4134.44
Philadelphia,Weekly,1/12/2020,conventional,1.16,619887.76,23812.85,311515.25,1537.43,283022.23,220758.85,57461.16,4802.22
Philadelphia,Weekly,1/19/2020,conventional,1.16,591127.21,24657.77,301450.99,2426.88,262591.57,225781.3,30874.72,5935.55
Philadelphia,Weekly,1/26/2020,conventional,1.03,646555.45,23915.05,309095.71,2099.74,311444.95,246806.37,59107.47,5531.11
Philadelphia,Weekly,2/2/2020,conventional,1.14,752075.14,35163.39,441079.89,1170.19,274661.67,216970.16,53206.07,4485.44
Philadelphia,Weekly,2/9/2020,conventional,1.03,798501.28,29883.19,388703.1,566.06,379348.93,319139.83,54688.85,5520.25
Philadelphia,Weekly,2/16/2020,conventional,1.22,553513.46,29715.66,280223,351.34,243223.46,190354.43,47785.38,5083.65
Philadelphia,Weekly,2/23/2020,conventional,1.18,475268.67,29388.99,206045.18,432.24,239402.26,175209.23,59378.59,4814.44
Philadelphia,Weekly,3/1/2020,conventional,1.36,503242,56419.7,246705.84,407.9,199708.56,160133.07,34601.12,4974.37
Philadelphia,Weekly,3/8/2020,conventional,1.32,574369.97,74037.47,265366.87,279.42,234686.21,186757.73,43851.02,4077.46
Philadelphia,Weekly,3/15/2020,conventional,1.22,742606.53,84664.43,318244.62,352.65,339344.83,270504.99,65487.62,3352.22
Philadelphia,Weekly,3/22/2020,conventional,1.36,642833.44,83061.22,263456.46,472.93,295842.83,214013.61,78347,3482.22
Philadelphia,Weekly,4/19/2020,conventional,1.36,612093.83,106704.67,236550.97,264.64,268573.55,201274.85,63089.56,4209.14
Philadelphia,Weekly,4/12/2020,conventional,1.34,658106.07,108980.67,240735.13,280.26,308110.01,237766.86,66693.14,3650.01
Philadelphia,Weekly,4/5/2020,conventional,1.33,666297.76,111784.09,259314.15,428.37,294771.15,206981.26,83317.73,4472.16
Philadelphia,Weekly,3/29/2020,conventional,1.38,603470.45,93475.95,238527.05,364.2,271103.25,171339.7,96213.47,3550.08
Philadelphia,Weekly,5/17/2020,conventional,1.29,730702.11,122133.38,256591.36,382.1,351595.27,211253.55,133385.81,6955.91
Philadelphia,Weekly,5/10/2020,conventional,1.24,877256.42,145504.42,313575.64,510.17,417666.19,250513.93,160833.95,6318.31
Philadelphia,Weekly,5/3/2020,conventional,1.29,746471.25,126684.34,270218.92,722.72,348845.27,206857.44,137780.78,4207.05
Philadelphia,Weekly,4/26/2020,conventional,1.17,803349.87,112678.05,359074.11,1508.49,330089.22,220991,104110.79,4987.43
Philadelphia,Weekly,6/14/2020,conventional,1.09,948980,173391,408781,3512,363296,244656,112288,6353
Philadelphia,Weekly,6/7/2020,conventional,1.2,807793,152793,284771,465,369764,241674,123043,5047
Philadelphia,Weekly,5/31/2020,conventional,1.11,931458,172550,405233,690,352985,225282,120924,6778
Philadelphia,Weekly,5/24/2020,conventional,1.23,807460,141183,285468,363,380446,247877,125808,6761
Philadelphia,Weekly,7/12/2020,conventional,1.04,761353.4,142627.35,278512.13,2295.98,337917.94,220840.79,113335.64,3741.51
Philadelphia,Weekly,7/5/2020,conventional,1.05,816857.1,159406.2,319071.03,2553.49,335826.38,224384.85,108202.01,3239.52
Philadelphia,Weekly,6/28/2020,conventional,1.22,717118.48,155001.54,243499.02,4237.88,314380.04,216829.18,96267.1,1283.76
Philadelphia,Weekly,6/21/2020,conventional,1.22,764058.11,148344.27,263842.57,2104.2,349767.07,227939.25,117941.92,3885.9
Phoenix/Tucson,Weekly,1/6/2020,conventional,0.75,1370165.65,405368.53,247617.44,4964.07,712215.61,191065.36,517900.25,3250
Phoenix/Tucson,Weekly,1/12/2020,conventional,0.68,1634363.86,564892.66,259827.18,5325.75,804318.27,204252.6,600036.36,29.31
Phoenix/Tucson,Weekly,1/19/2020,conventional,0.66,1671959.19,422653.4,421551.91,3866.54,823887.34,254012.13,569798.21,77
Phoenix/Tucson,Weekly,1/26/2020,conventional,0.92,1090571.62,286063.5,271785.46,4596.26,528126.4,230025.4,297964.64,136.36
Phoenix/Tucson,Weekly,2/2/2020,conventional,0.74,1714623.5,509162.05,314475.75,5574.8,885410.9,243963.87,641318.45,128.58
Phoenix/Tucson,Weekly,2/9/2020,conventional,0.76,1438239.82,412361.74,253463.05,3625.11,768789.92,233288.95,535473.65,27.32
Phoenix/Tucson,Weekly,2/16/2020,conventional,0.7,1636874.33,602670.22,260006,3464.62,770733.49,196298.56,565964.93,8470
Phoenix/Tucson,Weekly,2/23/2020,conventional,0.67,1547087.17,469399.26,233420.12,4148.68,840119.11,207999.46,631094.77,1024.88
Phoenix/Tucson,Weekly,3/1/2020,conventional,0.86,1250204.03,326982.5,200713.28,3835.07,718673.18,206532.74,510538.5,1601.94
Phoenix/Tucson,Weekly,3/8/2020,conventional,0.89,1251852.91,343241.91,180775.75,3961.87,723873.38,220298.35,502739.74,835.29
Phoenix/Tucson,Weekly,3/15/2020,conventional,0.87,1615386.29,404523.77,206796.33,5993.47,998072.72,278457.32,719554.19,61.21
Phoenix/Tucson,Weekly,3/22/2020,conventional,0.83,1559597.93,490963.83,191059.35,5795.86,871778.89,225725.82,640831.47,5221.6
Phoenix/Tucson,Weekly,4/19/2020,conventional,0.89,1460289.7,301648.95,260132.62,4681.83,893794.81,222247.78,661405.72,10141.31
Phoenix/Tucson,Weekly,4/12/2020,conventional,0.98,1313242.72,393702.01,198648.26,5004.38,715820.64,317420.71,390183.94,8215.99
Phoenix/Tucson,Weekly,4/5/2020,conventional,0.93,1365530.57,357577.06,197419.15,5346.84,805086.14,323691.78,474900.42,6493.94
Phoenix/Tucson,Weekly,3/29/2020,conventional,0.91,1279263.09,310994.33,196594.29,6208.28,765392.57,211182.09,546422.31,7788.17
Phoenix/Tucson,Weekly,5/17/2020,conventional,0.92,1387368.91,444333.92,185702.59,4783.61,752496.23,257219.45,482173.54,13103.24
Phoenix/Tucson,Weekly,5/10/2020,conventional,0.74,1872906.23,690792.22,236383.15,5799.72,939823.62,285019.87,649651.99,5151.76
Phoenix/Tucson,Weekly,5/3/2020,conventional,0.77,1816584.82,588117.71,270726.41,5479.19,952136.27,308667.32,637636.08,5832.87
Phoenix/Tucson,Weekly,4/26/2020,conventional,0.77,1699903.25,484743.08,291167.93,2554.41,921365.05,305107.87,607651.99,8605.19
Phoenix/Tucson,Weekly,6/14/2020,conventional,0.79,1512499,423653,228749,4360,855666,251979,603442,246
Phoenix/Tucson,Weekly,6/7/2020,conventional,0.88,1395856,485987,209486,4344,695988,257347,438315,326
Phoenix/Tucson,Weekly,5/31/2020,conventional,0.76,1605302,589645,234487,4611,776505,301517,474627,361
Phoenix/Tucson,Weekly,5/24/2020,conventional,0.76,1734519,437992,274446,4929,1017060,272781,737882,6397
Phoenix/Tucson,Weekly,7/12/2020,conventional,0.81,1490727.03,565267.78,198462.4,3946.77,723002.41,245429.69,477452.87,119.85
Phoenix/Tucson,Weekly,7/5/2020,conventional,0.93,1490316.33,396396.01,241011.51,4449.19,848380.18,275187.41,572959.81,232.96
Phoenix/Tucson,Weekly,6/28/2020,conventional,0.85,1331134.7,355375.92,184172.43,4141.44,787303.89,257676.77,529152.37,474.75
Phoenix/Tucson,Weekly,6/21/2020,conventional,0.76,1513797.97,562498.21,210328.04,4839.79,736063.74,339601.11,396119.69,342.94
Pittsburgh,Weekly,1/6/2020,conventional,1.2,112236.27,38021.03,7697.27,526.7,65991.27,31537.1,34454.17,0
Pittsburgh,Weekly,1/12/2020,conventional,0.96,164531.75,58094.52,10231.91,578.1,95627.22,40112.21,55508.35,6.66
Pittsburgh,Weekly,1/19/2020,conventional,0.97,162854.91,64478.01,10568.71,465.69,87342.5,55742.59,31596.58,3.33
Pittsburgh,Weekly,1/26/2020,conventional,1.26,121952.43,42351.95,7941,511.44,71148.04,29567.38,41580.66,0
Pittsburgh,Weekly,2/2/2020,conventional,0.96,177110.14,66765.7,12318.42,419.75,97606.27,27950.73,69654.43,1.11
Pittsburgh,Weekly,2/9/2020,conventional,1.25,116638.18,39648.59,7988.33,285.57,68715.69,30181.64,38530.72,3.33
Pittsburgh,Weekly,2/16/2020,conventional,1.25,110686.83,39243.21,6405.34,255.81,64782.47,29439.98,35342.49,0
Pittsburgh,Weekly,2/23/2020,conventional,1.26,119223.93,41200.67,7258.95,261.02,70503.29,31956.16,38547.13,0
Pittsburgh,Weekly,3/1/2020,conventional,1.29,121116.14,39636.59,11177.17,219.86,70082.52,31521.7,38554.15,6.67
Pittsburgh,Weekly,3/8/2020,conventional,1.03,168327.36,57194.8,9618.09,386.12,101128.35,26789.31,74339.04,0
Pittsburgh,Weekly,3/15/2020,conventional,1.35,153946.34,46898.25,11802.41,338.69,94906.99,39812.65,55094.34,0
Pittsburgh,Weekly,3/22/2020,conventional,1.35,144916.02,37862.98,20288.31,378.44,86386.29,37328.1,49058.19,0
Pittsburgh,Weekly,4/19/2020,conventional,0.91,234056.32,86632.66,18735.77,70.5,128617.39,119959.31,8658.08,0
Pittsburgh,Weekly,4/12/2020,conventional,1.32,126836.83,44255.58,16425.81,79.44,66076,60833.77,5242.23,0
Pittsburgh,Weekly,4/5/2020,conventional,1.33,125230.41,49716.08,17642.56,188.96,57682.81,51482.86,6189.95,10
Pittsburgh,Weekly,3/29/2020,conventional,1.04,176014.68,64471.64,18812.11,483.23,92247.7,87764.1,4483.6,0
Pittsburgh,Weekly,5/17/2020,conventional,0.93,228196.08,93099.28,21255.07,64.38,113777.35,106134.05,3425.47,4217.83
Pittsburgh,Weekly,5/10/2020,conventional,1.05,178533.61,78380.38,22854.94,114.09,77184.2,72802.99,4381.21,0
Pittsburgh,Weekly,5/3/2020,conventional,0.94,234811.68,98556.45,21392.96,48,114814.27,110631.55,4182.72,0
Pittsburgh,Weekly,4/26/2020,conventional,1.31,143299.95,45714.32,18976.35,93.41,78515.87,73404.55,5101.32,10
Pittsburgh,Weekly,6/14/2020,conventional,1.2,162971,41946,13966,56,107003,103438,1052,2513
Pittsburgh,Weekly,6/7/2020,conventional,1.28,156644,45870,19005,62,91706,87234,4465,7
Pittsburgh,Weekly,5/31/2020,conventional,1.01,221227,78294,18454,63,124416,119811,4324,281
Pittsburgh,Weekly,5/24/2020,conventional,1.29,156895,51052,20551,45,85248,75967,4552,4728
Pittsburgh,Weekly,7/12/2020,conventional,0.91,208303.87,65030.84,13900.64,90.18,129282.21,100174.74,26137.47,2970
Pittsburgh,Weekly,7/5/2020,conventional,1.19,160676.36,45842.94,14828.64,56.02,99948.76,81946.27,16985.82,1016.67
Pittsburgh,Weekly,6/28/2020,conventional,0.96,204851.51,68068.76,15924.63,56.72,120801.4,119527.66,277.08,996.66
Pittsburgh,Weekly,6/21/2020,conventional,1.24,151241.63,40930.87,14633.91,49.28,95627.57,91741.39,272.85,3613.33
