data/data sets/avocado0915.csv
region,Timeframe,Date,type,AveragePrice,Total Volume,4046,4225,4770,Total Bags,Small Bags,Large Bags,XLarge Bags
Plains,Weekly,1/6/2020,conventional,0.99,2295027.35,989571.37,467579.53,21781.13,816095.32,645846.38,126099.96,44148.98
Plains,Weekly,1/12/2020,conventional,1.02,2316308.22,939605.26,462153.93,19078.03,895471,667953.94,169857.6,57659.46
Plains,Weekly,1/19/2020,conventional,1,2312838.51,856531.78,620491.56,26808.65,809006.52,593633.4,169168.76,46204.36
Plains,Weekly,1/26/2020,conventional,1.07,2093830.47,844831.73,384125.85,4486.83,860386.06,636187.8,167759.9,56438.36
Plains,Weekly,2/2/2020,conventional,0.76,3587553.87,1757946.12,741630.92,3870.82,1084106.01,757319.3,270430.71,56356
Plains,Weekly,2/9/2020,conventional,0.93,2440147.5,1006578.24,512021.67,2331.12,919216.47,574885.97,285037.86,59292.64
Plains,Weekly,2/16/2020,conventional,1.05,2116546.15,908099.78,416826.08,2078.95,789541.34,541402.03,192471.97,55667.34
Plains,Weekly,2/23/2020,conventional,1.04,2254926.87,938824.59,483873.55,2545.25,829683.48,624155.41,147789.45,57738.62
Plains,Weekly,3/1/2020,conventional,1.04,2383692.29,1069605.43,361007.85,2622.74,950456.27,737526.46,144051.58,68878.23
Plains,Weekly,3/8/2020,conventional,1.04,2407639.23,934111.13,487565.17,1704.11,984258.82,771235,135545.36,77478.46
Plains,Weekly,3/15/2020,conventional,1.22,2515256.91,954513.14,476428.63,2308.65,1082006.49,838466.79,170187.16,73352.54
Plains,Weekly,3/22/2020,conventional,1.21,2565738.27,1035083.86,487299.13,2565.09,1040790.19,791404.43,184324.61,65061.15
Plains,Weekly,4/19/2020,conventional,1.12,2559526.21,1048982.08,449459.19,5119.74,1055965.2,889068.89,65293.58,101602.73
Plains,Weekly,4/12/2020,conventional,1.2,2501285.65,994206.61,509274.94,2300.86,995503.24,766290.6,152355.25,76857.39
Plains,Weekly,4/5/2020,conventional,1.17,2611015.94,1101623.44,476461.83,1809.66,1031121.01,847298.25,124310.96,59511.8
Plains,Weekly,3/29/2020,conventional,1.19,2426431.49,980388.85,448549.77,2070.73,995422.14,796324.37,142344.52,56753.25
Plains,Weekly,5/17/2020,conventional,1.09,2871264.03,1255517.3,494227.19,2591.08,1118928.46,853328.93,195825.8,69773.73
Plains,Weekly,5/10/2020,conventional,1.04,3172229.94,1290131.23,627656.55,2307.78,1252134.38,989726.25,193457.5,68950.63
Plains,Weekly,5/3/2020,conventional,0.89,3844221.17,2053805.46,587428.17,3086.36,1199901.18,964236.78,168567.77,67096.63
Plains,Weekly,4/26/2020,conventional,1.12,2782858.3,1139199.8,545670.52,2771.49,1095216.49,904611.87,112553.76,78050.86
Plains,Weekly,6/14/2020,conventional,1.08,2890080,1130966,511969,2010,1245135,1057566,133809,53760
Plains,Weekly,6/7/2020,conventional,1.06,2969091,1154226,516304,1914,1296648,1164098,70224,62325
Plains,Weekly,5/31/2020,conventional,1.06,2995286,1178134,585252,2079,1229821,1083341,99397,47082
Plains,Weekly,5/24/2020,conventional,1.08,3005790,1193412,574563,2727,1235089,982579,180108,72401
Plains,Weekly,7/12/2020,conventional,1.03,2554887.97,1079819.97,499357.85,2381.91,973328.24,875394.99,46243.01,51690.24
Plains,Weekly,7/5/2020,conventional,1,3100080.53,1288145.37,579377.62,3667.6,1228889.94,1132569.05,50434.69,45886.2
Plains,Weekly,6/28/2020,conventional,1,2800944.48,1105902.09,520583.82,3798.34,1170660.23,1074702.18,54179.35,41778.7
Plains,Weekly,6/21/2020,conventional,0.89,3478622.27,1691713.67,620026.71,1877.17,1165004.72,1080709.6,56465.01,27830.11
Portland,Weekly,1/6/2020,conventional,0.97,918027.06,66293.24,139520.08,4122.89,708090.85,294784.59,394326.55,18979.71
Portland,Weekly,1/12/2020,conventional,1.01,883330.82,68448.3,139837.4,4618.47,670426.65,291028.81,354099.97,25297.87
Portland,Weekly,1/19/2020,conventional,0.94,816554,71045.54,114593.41,3695.22,627219.83,374509.98,233140.45,19569.4
Portland,Weekly,1/26/2020,conventional,1.16,666539.67,79435.65,81910.29,3031.25,502162.48,283592.72,195826.93,22742.83
Portland,Weekly,2/2/2020,conventional,0.87,988467.11,84203.28,138920.48,3450.64,761892.71,441345.11,293146.87,27400.73
Portland,Weekly,2/9/2020,conventional,1.06,757961.84,101975.4,105861.02,2916.94,547208.48,234386.61,291717.36,21104.51
Portland,Weekly,2/16/2020,conventional,1.21,660385.88,87963,81026.25,4000.86,487395.77,250941.02,224341.59,12113.16
Portland,Weekly,2/23/2020,conventional,1.02,897227.15,75040.87,119947.32,2286.73,699952.23,384599.53,297887.37,17465.33
Portland,Weekly,3/1/2020,conventional,1.11,851700.06,63440.65,113070.13,2327.67,672144.65,392936.55,257344.51,21863.59
Portland,Weekly,3/8/2020,conventional,1.35,650277.14,69436,82357.65,2670.79,495623.13,320513.73,145053.1,30056.3
Portland,Weekly,3/15/2020,conventional,1.36,783929.2,82537.78,95474.71,2955.35,602936.53,325583.86,251053.42,26299.25
Portland,Weekly,3/22/2020,conventional,1.24,864578.9,79528.64,121175.52,2825.2,661039.79,332991.92,307252.71,20795.16
Portland,Weekly,4/19/2020,conventional,1.26,856616.5,165523.74,86250.36,3327.09,601512.19,361619.76,216389.71,23502.72
Portland,Weekly,4/12/2020,conventional,1.38,797985.07,146057.65,97110.87,3647.63,551161.72,271125.44,244163.59,35872.69
Portland,Weekly,4/5/2020,conventional,1.28,825190.96,142969.13,86703.82,3676.47,591834.35,273332.74,278928.2,39573.41
Portland,Weekly,3/29/2020,conventional,1.4,730900.42,107725.67,75904.36,3083.51,544163.13,262069.64,254578.11,27515.38
Portland,Weekly,5/17/2020,conventional,1.15,870538.29,141893.65,90751.44,2826.21,635066.99,373351.26,234189.16,27526.57
Portland,Weekly,5/10/2020,conventional,1.21,897731.96,149684.85,115704.75,3589.81,628752.55,332334.78,272838.43,23579.34
Portland,Weekly,5/3/2020,conventional,1.08,1087071,168276.78,113358.12,4044.29,801391.81,438079.2,326718.45,36594.16
Portland,Weekly,4/26/2020,conventional,1.36,794340.75,146290.4,81626.48,4183.21,562236.36,327477.68,213568.05,21190.63
Portland,Weekly,6/14/2020,conventional,1.04,924752,126994,101681,4306,691771,377070,287886,26816
Portland,Weekly,6/7/2020,conventional,1.13,958689,128938,85831,3654,740265,395146,315006,30113
Portland,Weekly,5/31/2020,conventional,1.07,975713,143810,92882,2944,736076,440651,266162,29263
Portland,Weekly,5/24/2020,conventional,1.17,937193,140744,84117,2287,710046,377681,304195,28170
Portland,Weekly,7/12/2020,conventional,1.18,846950.03,129357.84,95111.32,5271.25,617209.62,289917.8,303770.1,23521.72
Portland,Weekly,7/5/2020,conventional,1.14,903125.5,135307.52,78543.63,5408.49,683865.86,394494.48,261917.17,27454.21
Portland,Weekly,6/28/2020,conventional,1.16,779328.56,115563,75129.47,4902.78,583733.31,332774.51,227202.79,23756.01
Portland,Weekly,6/21/2020,conventional,0.94,1014145.41,133300.29,106229.67,5811.41,768804.04,478483.33,254528.85,35791.86
Raleigh/Greensboro,Weekly,1/6/2020,conventional,1.02,427144.26,160235.91,71978.87,6092.39,188837.09,121597.85,67233.45,5.79
Raleigh/Greensboro,Weekly,1/12/2020,conventional,1.07,419458.91,141189.97,63114.51,5028.83,210125.6,136326.73,73798.87,0
Raleigh/Greensboro,Weekly,1/19/2020,conventional,0.95,482966.65,153919.05,59788.23,4956.27,264303.1,194915.14,69374.63,13.33
Raleigh/Greensboro,Weekly,1/26/2020,conventional,1.06,418324.57,150345.29,56879.49,5119.19,205980.6,132739.33,73234.6,6.67
Raleigh/Greensboro,Weekly,2/2/2020,conventional,0.77,634425.45,249992.39,99257.86,3715.7,281459.5,205769.03,75683.8,6.67
Raleigh/Greensboro,Weekly,2/9/2020,conventional,1.01,439415.93,174869.1,57112.93,2372.27,205061.63,130357,74687.96,16.67
Raleigh/Greensboro,Weekly,2/16/2020,conventional,1.07,411222.66,155241.72,55686.73,2325.8,197968.41,122913.84,75016.19,38.38
Raleigh/Greensboro,Weekly,2/23/2020,conventional,1.08,438975.4,188771.05,72200.88,2932.76,175070.71,102435.52,72631.86,3.33
Raleigh/Greensboro,Weekly,3/1/2020,conventional,0.97,464392.37,168602.34,119899.08,6455.13,169435.82,94861.94,74558.47,15.41
Raleigh/Greensboro,Weekly,3/8/2020,conventional,1.14,428178.01,196881.58,63069.09,2339.98,165887.36,100672.35,65211.68,3.33
Raleigh/Greensboro,Weekly,3/15/2020,conventional,1.11,531418.55,239764.6,78486.96,1693.18,211473.81,118617.3,92843.85,12.66
Raleigh/Greensboro,Weekly,3/22/2020,conventional,1.17,457030.49,203058.5,69534.38,1360.56,183077.05,104709.34,78367.71,0
Raleigh/Greensboro,Weekly,4/19/2020,conventional,1.14,505899.09,228769.5,77453.07,2655.83,197020.69,157633.79,39380.23,6.67
Raleigh/Greensboro,Weekly,4/12/2020,conventional,1.18,486222.56,206480.77,81607.27,1986.92,196147.6,152848.47,43289.13,10
Raleigh/Greensboro,Weekly,4/5/2020,conventional,1.14,485568.18,212565.5,77058.3,1809.91,194134.47,142889.32,51245.15,0
Raleigh/Greensboro,Weekly,3/29/2020,conventional,1.19,483595.92,221929.99,68705.05,1309.04,191651.84,133118.5,58519.46,13.88
Raleigh/Greensboro,Weekly,5/17/2020,conventional,1.09,524007.71,247124.07,72696.95,5111.29,199075.4,161719.56,37355.84,0
Raleigh/Greensboro,Weekly,5/10/2020,conventional,1.09,512508.21,236849.18,71635.55,3922.79,200100.69,164287.41,35789.95,23.33
Raleigh/Greensboro,Weekly,5/3/2020,conventional,0.9,707237.11,331327.57,96876.75,4072.33,274960.46,240158.49,34801.97,0
Raleigh/Greensboro,Weekly,4/26/2020,conventional,1.14,499564.06,209650.72,78337.2,4397.92,207178.22,159338.2,47836.69,3.33
Raleigh/Greensboro,Weekly,6/14/2020,conventional,1.16,529881,239137,81919,6592,202233,154660,47566,7
Raleigh/Greensboro,Weekly,6/7/2020,conventional,1.15,542332,251912,84492,6402,199526,151073,48450,3
Raleigh/Greensboro,Weekly,5/31/2020,conventional,1.12,551872,264138,82803,5089,199843,152679,47164,0
Raleigh/Greensboro,Weekly,5/24/2020,conventional,1.1,534769,252208,74018,5073,203470,163399,40062,9
Raleigh/Greensboro,Weekly,7/12/2020,conventional,1.1,516464.63,224267.45,87271.32,6430.78,198495.08,110236.24,84462.18,3796.66
Raleigh/Greensboro,Weekly,7/5/2020,conventional,1.15,520165.47,236984.99,87835.94,7527.82,187816.72,128002.04,54604.69,5209.99
Raleigh/Greensboro,Weekly,6/28/2020,conventional,1.15,506828.32,243442.03,76347.61,7478.33,179560.35,136109.37,43100.98,350
Raleigh/Greensboro,Weekly,6/21/2020,conventional,1.17,506504.89,234243.98,79994.37,5791.04,186475.5,140449.7,46005.8,20
Richmond/Norfolk,Weekly,1/6/2020,conventional,0.83,364862.36,128690.17,66560.76,1749.73,167861.7,129909.29,37532.55,419.86
Richmond/Norfolk,Weekly,1/12/2020,conventional,0.89,362789.16,105287.81,57301.96,1249.42,198949.97,156402.59,42127.38,420
Richmond/Norfolk,Weekly,1/19/2020,conventional,0.88,376193.89,107816.99,68807.3,1255.81,198313.79,151857.57,46159.94,296.28
Richmond/Norfolk,Weekly,1/26/2020,conventional,0.95,341373.38,94221.94,58904.56,1212.49,187034.39,136901,49837.09,296.3
Richmond/Norfolk,Weekly,2/2/2020,conventional,0.74,502575.4,146134.26,108089.73,1027.91,247323.5,149527.89,97728.95,66.66
Richmond/Norfolk,Weekly,2/9/2020,conventional,0.89,371930.56,81810.25,91796.12,694.04,197630.15,108640.15,83950,5040
Richmond/Norfolk,Weekly,2/16/2020,conventional,0.91,358809.52,93041.48,73461.47,583.02,191723.55,133033.13,52614.51,6075.91
Richmond/Norfolk,Weekly,2/23/2020,conventional,0.89,361827.36,116719.29,66572.49,791.24,177744.34,137784.31,34663.47,5296.56
Richmond/Norfolk,Weekly,3/1/2020,conventional,0.93,355770.05,100971.09,75267.8,1691.94,177839.22,136018.59,35299.98,6520.65
Richmond/Norfolk,Weekly,3/8/2020,conventional,0.98,364183.52,106543.55,71979.33,635.88,185024.76,138586.22,42478.25,3960.29
Richmond/Norfolk,Weekly,3/15/2020,conventional,0.89,471085.43,160661.6,80794.63,683.35,228945.85,173559.3,48507.76,6878.79
Richmond/Norfolk,Weekly,3/22/2020,conventional,0.99,409457.08,123096.86,72190.95,561.36,213607.91,165448.81,42422.43,5736.67
Richmond/Norfolk,Weekly,4/19/2020,conventional,1.04,389291.53,109543.12,93132,835.97,185780.44,150047.09,30397.79,5335.56
Richmond/Norfolk,Weekly,4/12/2020,conventional,1.02,415050.24,119059.9,90574.78,787.39,204628.17,160982.29,37628.35,6017.53
Richmond/Norfolk,Weekly,4/5/2020,conventional,1.01,430213.69,132121.93,92008.68,565.87,205517.21,165619.23,34859.4,5038.58
Richmond/Norfolk,Weekly,3/29/2020,conventional,1.03,383054.86,118274.5,71789.46,610.14,192380.76,154048.35,32378.22,5954.19
Richmond/Norfolk,Weekly,5/17/2020,conventional,0.99,460900.47,155560.5,100874.96,1376.17,203088.84,155475.1,41061.97,6551.77
Richmond/Norfolk,Weekly,5/10/2020,conventional,0.98,490268.32,155827.23,103623.87,1346.22,229471,170150.58,52343.75,6976.67
Richmond/Norfolk,Weekly,5/3/2020,conventional,0.87,567530.57,209259.58,102414,1140.08,254716.91,202855.06,45169.63,6692.22
Richmond/Norfolk,Weekly,4/26/2020,conventional,1.04,426666.37,126456.68,93365.01,1284.21,205560.47,151219.72,48522.98,5817.77
Richmond/Norfolk,Weekly,6/14/2020,conventional,0.95,475688,158190,91803,1472,224223,174727,46595,2900
Richmond/Norfolk,Weekly,6/7/2020,conventional,1,474262,155503,106993,1470,210296,161839,43694,4764
Richmond/Norfolk,Weekly,5/31/2020,conventional,1.01,468684,158551,102053,1280,206800,158359,41778,6664
Richmond/Norfolk,Weekly,5/24/2020,conventional,1.01,477466,158593,90724,1246,226902,179338,40399,7164
Richmond/Norfolk,Weekly,7/12/2020,conventional,0.97,422306.46,138973.46,77588.99,1586.26,204157.75,138866.24,60666.36,4625.15
Richmond/Norfolk,Weekly,7/5/2020,conventional,1.03,436705.93,137551.3,88596.9,1798.25,208759.48,153227.59,50199.06,5332.83
Richmond/Norfolk,Weekly,6/28/2020,conventional,1.03,390423.16,129598.49,78478.05,1739.82,180606.8,143459.52,35283.95,1863.33
Richmond/Norfolk,Weekly,6/21/2020,conventional,0.99,429310.1,138910.73,82191.11,1318.21,206890.05,159785,43056.66,4048.39
Roanoke,Weekly,1/6/2020,conventional,0.8,217201.63,77539.77,27623.64,149.73,111888.49,81384.77,30413.72,90
Roanoke,Weekly,1/12/2020,conventional,0.8,233067.94,71208.96,24471.22,63.71,137324.05,104593.21,32517.51,213.33
Roanoke,Weekly,1/19/2020,conventional,0.85,218368.11,71146.87,25639.78,20.86,121560.6,84105.88,37251.39,203.33
Roanoke,Weekly,1/26/2020,conventional,0.96,196648.62,58749.65,24316.36,44.68,113537.93,75734.57,37636.69,166.67
Roanoke,Weekly,2/2/2020,conventional,0.75,288859.22,89351.19,45630.75,114.3,153762.98,68343.66,85379.32,40
Roanoke,Weekly,2/9/2020,conventional,0.87,229301.09,55211.33,41151.86,52.24,132885.66,57040.6,74586.93,1258.13
Roanoke,Weekly,2/16/2020,conventional,0.92,211300.79,60657.47,28673.06,42.15,121928.11,80888.92,39459.19,1580
Roanoke,Weekly,2/23/2020,conventional,0.91,210979.64,70247.73,25298.16,73.53,115360.22,79345.52,34693.99,1320.71
Roanoke,Weekly,3/1/2020,conventional,0.97,213167.69,68631.24,22537.63,70.37,121928.45,89528.27,30556.85,1843.33
Roanoke,Weekly,3/8/2020,conventional,0.96,208567.09,69141.31,25305.17,38.51,114082.1,81680.83,31305.58,1095.69
Roanoke,Weekly,3/15/2020,conventional,0.92,257788.24,91875.37,26240.75,67.06,139605.06,100170.28,37563.53,1871.25
Roanoke,Weekly,3/22/2020,conventional,1.02,238521.26,77741.78,24752.74,53.63,135973.11,100014.16,34545.62,1413.33
Roanoke,Weekly,4/19/2020,conventional,1.01,227460.02,84451.56,27580.14,45.58,115382.74,89503.67,24441.3,1437.77
Roanoke,Weekly,4/12/2020,conventional,1.02,223589.92,78381.6,26293.6,12.95,118901.77,91782.8,25390.9,1728.07
Roanoke,Weekly,4/5/2020,conventional,0.98,245539.74,88153.13,26130.91,32.85,131222.85,103167.08,26531.33,1524.44
Roanoke,Weekly,3/29/2020,conventional,1,217721.32,72668.15,22196.2,9.38,122847.59,98093.85,23110.42,1643.32
Roanoke,Weekly,5/17/2020,conventional,0.94,262994.63,96255.09,29801.16,20.48,136917.9,110604.78,25011.71,1301.41
Roanoke,Weekly,5/10/2020,conventional,0.98,278283.84,99710.51,30829.96,118.33,147625.04,116322.19,29507.29,1795.56
Roanoke,Weekly,5/3/2020,conventional,0.9,298871.09,122330.95,31180.2,45.64,145314.3,115182.6,28575.03,1556.67
Roanoke,Weekly,4/26/2020,conventional,1,243817.83,86531.22,29162.31,79.75,128044.55,96712.09,29868.84,1463.62
Roanoke,Weekly,6/14/2020,conventional,0.88,283871,96068,29286,11,158507,133210,24670,626
Roanoke,Weekly,6/7/2020,conventional,0.95,264017,94265,34048,53,135651,108899,25634,1119
Roanoke,Weekly,5/31/2020,conventional,0.98,254616,97251,32317,38,125010,100983,22512,1514
Roanoke,Weekly,5/24/2020,conventional,0.95,270540,104078,27492,1,138968,115288,22013,1668
Roanoke,Weekly,7/12/2020,conventional,0.88,250839.73,86744.9,25926.34,93.31,138075.18,94917.42,39144.43,4013.33
Roanoke,Weekly,7/5/2020,conventional,0.95,247276.76,83839.07,30428.21,22.3,132987.18,102041.39,27649.24,3296.55
Roanoke,Weekly,6/28/2020,conventional,0.9,241502.95,100292.46,27068.59,1.45,114140.45,94811.27,18092.52,1236.66
Roanoke,Weekly,6/21/2020,conventional,0.91,259512.76,87912.91,26575.43,0,145024.42,121046.29,21728.13,2250
