data/data sets/avocado0915.csv
region,Timeframe,Date,type,AveragePrice,Total Volume,4046,4225,4770,Total Bags,Small Bags,Large Bags,XLarge Bags
Sacramento,Weekly,1/6/2020,conventional,1.14,577695.32,163291.93,254290.12,4881.29,155231.98,82079.62,65984.57,7167.79
Sacramento,Weekly,1/12/2020,conventional,1.2,543009.72,168802.44,199058.96,3190.24,171958.08,76874.73,90888.16,4195.19
Sacramento,Weekly,1/19/2020,conventional,1.18,562968.36,158091.61,263273.45,4856.45,136746.85,75383.49,54064.73,7298.63
Sacramento,Weekly,1/26/2020,conventional,1.35,460668.56,132427.23,164131.9,4037.09,160072.34,94779.96,56944.31,8348.07
Sacramento,Weekly,2/2/2020,conventional,0.98,810953.94,204718.46,352816.51,4323.21,249095.76,98884.16,142068.74,8142.86
Sacramento,Weekly,2/9/2020,conventional,1.32,473639.46,163962.37,142373.82,5214.49,162088.78,89993.58,66141.16,5954.04
Sacramento,Weekly,2/16/2020,conventional,1.13,566935.86,144487.52,215003.18,2587.84,204857.32,89167.96,111436.77,4252.59
Sacramento,Weekly,2/23/2020,conventional,1.31,509140.32,161031.09,171833.78,1454.59,174820.86,106290.48,67728.16,802.22
Sacramento,Weekly,3/1/2020,conventional,1.43,477107.03,152254.73,154648.99,2015.55,168187.76,106682.93,57123.75,4381.08
Sacramento,Weekly,3/8/2020,conventional,1.35,511136.18,173254.35,152862.82,1580.39,183438.62,99368.71,74970.95,9098.96
Sacramento,Weekly,3/15/2020,conventional,1.5,581877.89,169817.37,213813.9,1626.82,196619.8,111285.44,78373.83,6960.53
Sacramento,Weekly,3/22/2020,conventional,1.51,475948.96,153027.89,158822.83,1767.39,162330.85,86004.85,73436.08,2889.92
Sacramento,Weekly,4/19/2020,conventional,1.36,552309,191966.57,194724.34,1560.12,164057.97,108876.84,45989.39,9191.74
Sacramento,Weekly,4/12/2020,conventional,1.43,510780.7,165604.36,190698.63,2259.48,152218.23,94754.92,51616.06,5847.25
Sacramento,Weekly,4/5/2020,conventional,1.4,583616.08,186419.62,193470.45,2260.66,201465.35,114870.57,80152.7,6442.08
Sacramento,Weekly,3/29/2020,conventional,1.51,492736.41,169900.61,159693.1,1624.36,161518.34,88387.52,70336.41,2794.41
Sacramento,Weekly,5/17/2020,conventional,1.36,613505.3,204531.23,224120.95,2849.18,182003.94,113075.26,55310.75,13617.93
Sacramento,Weekly,5/10/2020,conventional,1.37,627378.75,199202.25,226344.51,3771.95,198060.04,129880.28,54910.09,13269.67
Sacramento,Weekly,5/3/2020,conventional,0.97,847042.4,234300.23,381390.13,2711.49,228640.55,124818.88,84079.46,19742.21
Sacramento,Weekly,4/26/2020,conventional,1.46,560885.37,176174.35,211112.31,1657.31,171941.4,125027.51,43886.56,3027.33
Sacramento,Weekly,6/14/2020,conventional,1.16,673737,189460,291961,7037,185279,107150,68551,9578
Sacramento,Weekly,6/7/2020,conventional,1.51,580120,164677,223588,7125,184729,98634,68341,17755
Sacramento,Weekly,5/31/2020,conventional,1.45,601456,179944,221457,5221,194833,102082,68243,24508
Sacramento,Weekly,5/24/2020,conventional,1.4,600699,189539,220375,2626,188159,105954,60861,21344
Sacramento,Weekly,7/12/2020,conventional,1.13,614886.93,169086.88,281187.27,4911.37,159701.41,97377.02,61351.41,972.98
Sacramento,Weekly,7/5/2020,conventional,1.54,584335.89,188645.61,198527.52,4954.28,192208.48,116950.4,59422.9,15835.18
Sacramento,Weekly,6/28/2020,conventional,1.18,650960.72,160093.56,236048,3590.76,251228.4,110847.48,117559.34,22821.58
Sacramento,Weekly,6/21/2020,conventional,1.34,588894.87,175085.72,220768.57,4455.84,188584.74,104999.01,62453.62,21132.11
San Diego,Weekly,1/6/2020,conventional,1.1,572790.32,96057.16,23118.1,13496.82,440118.24,195744.53,241707.76,2665.95
San Diego,Weekly,1/12/2020,conventional,1.05,591414.23,108558.77,25763.93,9620.63,447470.9,209355.5,236592.33,1523.07
San Diego,Weekly,1/19/2020,conventional,0.81,724159.97,100446.42,46673.45,12355.76,564684.34,169401.6,392659.45,2623.29
San Diego,Weekly,1/26/2020,conventional,1.13,529787.84,100890.97,24514.03,10088.47,394294.37,181695.42,210293.82,2305.13
San Diego,Weekly,2/2/2020,conventional,0.77,1100167.1,165920.66,48892.34,16251.17,869102.93,563616.02,303605.45,1881.46
San Diego,Weekly,2/9/2020,conventional,1.03,605227.62,126793.59,30859.31,14731.94,432842.78,192873.06,230448.62,9521.1
San Diego,Weekly,2/16/2020,conventional,1.17,512625.22,99847.43,22427.47,7565.96,382784.36,184540,193804.17,4440.19
San Diego,Weekly,2/23/2020,conventional,0.94,807001.48,114073.39,21421.55,9526.66,661979.88,428742.81,227276.92,5960.15
San Diego,Weekly,3/1/2020,conventional,1.17,538974.56,96379.25,34966.23,8787.2,398841.88,207511.34,189394.4,1936.14
San Diego,Weekly,3/8/2020,conventional,1.35,517872.77,101884.11,21962.49,6708.86,387317.31,222083.5,157482.49,7751.32
San Diego,Weekly,3/15/2020,conventional,1.19,776125.56,112324.11,29577.33,9419.78,624804.34,412554.25,207071.02,5179.07
San Diego,Weekly,3/22/2020,conventional,1.32,550646.82,120779.35,25294.24,9826.45,394746.78,211574.94,178024.69,5147.15
San Diego,Weekly,4/19/2020,conventional,1.16,732693.74,122428.67,66815.02,12003.5,531446.55,223372.24,275496.03,32578.28
San Diego,Weekly,4/12/2020,conventional,1.37,619866.59,126572.6,38409.96,16456.28,438427.75,239060.63,153668.44,45698.68
San Diego,Weekly,4/5/2020,conventional,1.33,600708.78,130789.1,35198.89,17562.53,417158.26,234671.15,149418.7,33068.41
San Diego,Weekly,3/29/2020,conventional,1.36,602844.28,110510.78,38604.53,12912.78,440816.19,210045.64,194927.49,35843.06
San Diego,Weekly,5/17/2020,conventional,1.19,697856.1,143435.81,30085.96,16981.18,507353.15,268520.19,209332.19,29500.77
San Diego,Weekly,5/10/2020,conventional,1.16,755445.2,164801.2,34090.24,19372.32,537181.44,284375.38,245880.45,6925.61
San Diego,Weekly,5/3/2020,conventional,1.03,915550.9,151144.2,42664.39,14805.43,706936.88,437362.31,249796.33,19778.24
San Diego,Weekly,4/26/2020,conventional,1.24,661927.36,128779.67,46159.03,12496.53,474492.13,245232.94,198179.39,31079.8
San Diego,Weekly,6/14/2020,conventional,1.18,686611,141417,26674,25113,493406,251028,169066,73313
San Diego,Weekly,6/7/2020,conventional,1.14,741694,143304,36186,40837,521368,258783,224054,38531
San Diego,Weekly,5/31/2020,conventional,1,858451,147409,42271,36369,632402,247816,326583,58004
San Diego,Weekly,5/24/2020,conventional,1.18,762301,160359,32202,16139,553601,280623,225289,47689
San Diego,Weekly,7/12/2020,conventional,1.01,807251.81,125522.06,48411.08,19958.72,613359.95,245845.97,290569.2,76944.78
San Diego,Weekly,7/5/2020,conventional,1.15,811452.26,184190.04,32069.46,25262.52,569930.24,294591.35,175138.22,100200.67
San Diego,Weekly,6/28/2020,conventional,1.19,639533.79,125843.82,27718.32,25101.36,460870.29,230264.2,159749.24,70856.85
San Diego,Weekly,6/21/2020,conventional,1.17,689707.75,143691.96,27165.04,20478.97,498371.78,230507.22,172886.55,94978.01
San Francisco,Weekly,1/6/2020,conventional,1.34,950897.52,286755.38,253260.33,7002.97,403878.84,151550.85,242818.59,9509.4
San Francisco,Weekly,1/12/2020,conventional,1.17,1043794.72,307874.92,288178.81,4931.63,442809.36,123073.26,313754.66,5981.44
San Francisco,Weekly,1/19/2020,conventional,1.5,887496.47,234478.13,297295.17,8429.31,347293.86,124746.65,211490.73,11056.48
San Francisco,Weekly,1/26/2020,conventional,1.53,824772,212833.51,207949.06,9307.98,394681.45,152609.57,228560.97,13510.91
San Francisco,Weekly,2/2/2020,conventional,0.99,1469440.6,374771.23,383222.83,11586.9,699859.64,145664.56,541920.94,12274.14
San Francisco,Weekly,2/9/2020,conventional,1.33,870197.43,277911.93,177232.4,11314.57,403738.53,132875.35,259417.51,11445.67
San Francisco,Weekly,2/16/2020,conventional,1.01,1173570.81,212947.66,330682.23,6634.78,623306.14,115907.64,502189.56,5208.94
San Francisco,Weekly,2/23/2020,conventional,1.49,899133.18,228355.64,234499.28,3794.48,432483.78,164487.81,265885.46,2110.51
San Francisco,Weekly,3/1/2020,conventional,1.49,899029.84,252117.22,208161.87,5321.33,433429.42,157136.94,268472.17,7820.31
San Francisco,Weekly,3/8/2020,conventional,1.27,1078340.61,328094.29,211227.94,3766.35,535252.03,143787.25,350553.73,40911.05
San Francisco,Weekly,3/15/2020,conventional,1.63,1081607.55,251516.96,258946.57,3630.07,567513.95,177682.94,334299.53,55531.48
San Francisco,Weekly,3/22/2020,conventional,1.67,867674.71,195881.69,208750.1,4155.3,458887.62,155033.97,298050.61,5803.04
San Francisco,Weekly,4/19/2020,conventional,1.24,1010744.19,287005.82,278865.08,3499.12,441374.17,198680.9,205319.37,37373.9
San Francisco,Weekly,4/12/2020,conventional,1.65,821431.15,220945.38,224876.95,4405.67,371203.15,156013.86,193989.67,21199.62
San Francisco,Weekly,4/5/2020,conventional,1.34,1255110.3,310542.52,354530.9,3972.27,586064.61,234835.12,327935.4,23294.09
San Francisco,Weekly,3/29/2020,conventional,1.55,1007343.22,316295.15,225451.88,3434.6,462161.59,201306.95,256030.31,4824.33
San Francisco,Weekly,5/17/2020,conventional,1.59,1048899.47,300447.83,249682.89,5679.39,493089.36,209389.21,222120.51,61579.64
San Francisco,Weekly,5/10/2020,conventional,1.57,1035718.52,269674.44,267537.6,6645.98,491860.5,238464.27,207781.9,45614.33
San Francisco,Weekly,5/3/2020,conventional,1.03,1522654.94,436510.98,413537.2,4779.17,667827.59,231554.41,375147.05,61126.13
San Francisco,Weekly,4/26/2020,conventional,1.59,989641.11,302118.64,259577.9,4257.31,423687.26,230734.59,185758.56,7194.11
San Francisco,Weekly,6/14/2020,conventional,1.39,1139236,266351,319585,9668,543631,207752,271808,64071
San Francisco,Weekly,6/7/2020,conventional,1.56,1110795,228800,353618,10050,518327,192317,244163,81847
San Francisco,Weekly,5/31/2020,conventional,1.4,1201844,211713,382892,10766,596473,192523,319553,84397
San Francisco,Weekly,5/24/2020,conventional,1.48,1086816,240006,311849,5431,529530,199650,225610,104269
San Francisco,Weekly,7/12/2020,conventional,1.58,952637.22,201604.57,283632.91,7372.29,460027.45,198792.59,257889.11,3345.75
San Francisco,Weekly,7/5/2020,conventional,1.66,993738.03,249335.71,239156.7,8088.15,497157.47,203570.24,255023.94,38563.29
San Francisco,Weekly,6/28/2020,conventional,1.05,1441216.33,187723.7,426319.58,6935.66,820237.39,178734.74,555316.04,86186.61
San Francisco,Weekly,6/21/2020,conventional,1.5,1044416.77,215090.57,269286.76,9771.56,550267.88,198074.09,250789.25,101404.54
Seattle,Weekly,1/6/2020,conventional,1.24,747999.68,72422.61,102444.37,1259.12,571873.58,259590.57,310894.43,1388.58
Seattle,Weekly,1/12/2020,conventional,1.3,804411.53,73007.54,132163.39,1514.24,597726.36,255448.37,341765.39,512.6
Seattle,Weekly,1/19/2020,conventional,1.14,692560.66,76662.18,89966.85,1568.13,524363.5,301806.86,222138.76,417.88
Seattle,Weekly,1/26/2020,conventional,1.29,590965,78190.01,68457.19,509.05,443808.75,266128.82,177129.42,550.51
Seattle,Weekly,2/2/2020,conventional,1.12,801237.11,88517.72,105579.31,699.21,606440.87,306249.67,299121.82,1069.38
Seattle,Weekly,2/9/2020,conventional,1.31,633151.38,85068.34,88356.47,589.93,459136.64,159867.61,298203.59,1065.44
Seattle,Weekly,2/16/2020,conventional,1.44,570294.63,84581.82,69826.87,305.78,415580.16,186889.89,228253,437.27
Seattle,Weekly,2/23/2020,conventional,1.31,645809.33,82607.79,92127.91,242.59,470831.04,174406.81,295761.9,662.33
Seattle,Weekly,3/1/2020,conventional,1.43,678618.25,73668.47,85846.41,240.58,518862.79,231444.78,286944.09,473.92
Seattle,Weekly,3/8/2020,conventional,1.74,624048.18,69938.4,74103.42,522.1,479484.26,237342.68,239836.64,2304.94
Seattle,Weekly,3/15/2020,conventional,1.76,626458.65,78413.34,76664.9,283.87,471096.54,259676.04,210845.64,574.86
Seattle,Weekly,3/22/2020,conventional,1.67,691580.74,74381.57,94872.73,482.73,521843.71,222790.18,298697.63,355.9
Seattle,Weekly,4/19/2020,conventional,1.6,709205.89,105631.13,108332.06,610.26,494632.44,225716.72,268829.07,86.65
Seattle,Weekly,4/12/2020,conventional,1.66,708915.46,108519.02,95063.93,363.08,504969.43,227973.73,276413.17,582.53
Seattle,Weekly,4/5/2020,conventional,1.6,683993.92,95957.14,89114.23,489.24,498433.31,222374.46,273822.65,2236.2
Seattle,Weekly,3/29/2020,conventional,1.72,610892.11,76787.56,82479.85,209.29,451415.41,195132.01,256125.52,157.88
Seattle,Weekly,5/17/2020,conventional,1.51,708668.84,83061.47,101301.96,664.82,523640.59,267980,255460.4,200.19
Seattle,Weekly,5/10/2020,conventional,1.48,750110.47,94648.77,121535.93,714,533211.77,250610.55,282400.01,201.21
Seattle,Weekly,5/3/2020,conventional,1.36,878224.01,119530.49,122965.33,591.39,635136.8,338593.22,296341.94,201.64
Seattle,Weekly,4/26/2020,conventional,1.44,804183.74,119252.16,108150.5,474.59,576306.49,317784.62,258475.21,46.66
Seattle,Weekly,6/14/2020,conventional,1.35,800673,81288,115564,639,603182,302169,296497,4516
Seattle,Weekly,6/7/2020,conventional,1.45,772459,82934,107518,254,581753,253258,322790,5705
Seattle,Weekly,5/31/2020,conventional,1.3,812261,110064,92183,590,609423,386445,216460,6518
Seattle,Weekly,5/24/2020,conventional,1.46,759730,105236,101041,725,552729,309818,238844,4067
Seattle,Weekly,7/12/2020,conventional,1.31,813933.23,104422.19,91416.81,2869.86,615224.37,313064.54,290497.57,11662.26
Seattle,Weekly,7/5/2020,conventional,1.36,775112.09,91856.17,95534.16,1803.8,585917.96,292642.72,287954.2,5321.04
Seattle,Weekly,6/28/2020,conventional,1.37,722101.53,83750.42,89514.51,928.61,547907.99,255645.86,292055.2,206.93
Seattle,Weekly,6/21/2020,conventional,1.4,736784.55,84954.44,102078.03,685.39,549066.69,268960.38,277336.73,2769.58
South Carolina,Weekly,1/6/2020,conventional,0.94,524843.87,218942.9,49044.57,1976.57,254879.83,181382.18,72919.47,578.18
South Carolina,Weekly,1/12/2020,conventional,0.97,532531.3,207443.79,50098.42,1718.33,273270.76,203612.47,69021.63,636.66
South Carolina,Weekly,1/19/2020,conventional,0.93,567618.45,232085.61,44554.61,1669.07,289309.16,206891.28,81906.64,511.24
South Carolina,Weekly,1/26/2020,conventional,0.98,538876.13,230536.37,45162.59,1659.94,261517.23,169335.29,91637.58,544.36
South Carolina,Weekly,2/2/2020,conventional,0.85,697351.05,303103.3,63576.62,1317.37,329353.76,208358.37,120790.95,204.44
South Carolina,Weekly,2/9/2020,conventional,0.99,545002.19,224569,48977.02,783.63,270672.54,174734.6,95889.54,48.4
South Carolina,Weekly,2/16/2020,conventional,1,509177.09,206605.38,45656.82,889.71,256025.18,169554.47,86451.82,18.89
South Carolina,Weekly,2/23/2020,conventional,1,512651.79,226394.67,47041.1,1003.42,238212.6,169119.14,69064.83,28.63
South Carolina,Weekly,3/1/2020,conventional,1.03,534011.35,210677.49,64227.57,2390.79,256715.5,178141.5,78512.01,61.99
South Carolina,Weekly,3/8/2020,conventional,1.11,515122.52,212295.41,43545.99,905.44,258375.68,190881.72,67321.73,172.23
South Carolina,Weekly,3/15/2020,conventional,1.08,637234.49,280546.92,53466.62,729.88,302491.07,210597.74,91683.96,209.37
South Carolina,Weekly,3/22/2020,conventional,1.11,588433.49,239334.92,47723.13,644.01,300731.43,214976.82,85723.99,30.62
South Carolina,Weekly,4/19/2020,conventional,1.16,619144.94,270523.71,73399.92,1311.09,273910.22,209628.46,62656.85,1624.91
South Carolina,Weekly,4/12/2020,conventional,1.17,589052.22,253556.24,58958.04,1040.71,275497.23,193573.4,81815.68,108.15
South Carolina,Weekly,4/5/2020,conventional,1.16,637621.91,287904.66,50366.84,1001.95,298348.46,215972.41,80389.89,1986.16
South Carolina,Weekly,3/29/2020,conventional,1.17,571543.65,249683.11,48354.67,746.32,272759.55,238990.3,33556.27,212.98
South Carolina,Weekly,5/17/2020,conventional,1.16,668732.12,311137.82,58985.62,2919.31,295689.37,249472.88,46149.82,66.67
South Carolina,Weekly,5/10/2020,conventional,1.15,648208.05,296240.3,52465.6,2651.31,296850.84,249261.11,47526.54,63.19
South Carolina,Weekly,5/3/2020,conventional,1.03,823712.89,351071.04,87951.49,2269.73,382420.63,296563.18,85770.79,86.66
South Carolina,Weekly,4/26/2020,conventional,1.15,630531.75,261699.66,59098.73,2274.11,307459.25,228331.31,78307.43,820.51
South Carolina,Weekly,6/14/2020,conventional,1.14,643568,291441,57899,2963,291265,226175,63821,1269
South Carolina,Weekly,6/7/2020,conventional,1.15,652932,313330,55398,4105,280100,227127,52910,64
South Carolina,Weekly,5/31/2020,conventional,1.17,659157,310512,55721,3782,289142,231711,57361,70
South Carolina,Weekly,5/24/2020,conventional,1.09,732273,318092,58417,2799,352965,292404,60462,99
South Carolina,Weekly,7/12/2020,conventional,1.08,578944.78,261934.31,52683.39,3061.15,261265.93,209321.12,39484.86,12459.95
South Carolina,Weekly,7/5/2020,conventional,1.08,657689.6,305127.44,58944.64,3113.26,290504.26,227663.75,49640.51,13200
South Carolina,Weekly,6/28/2020,conventional,1.1,620414.1,305049.96,54122.48,3276.24,257965.42,198916.65,49787.66,9261.11
South Carolina,Weekly,6/21/2020,conventional,1.14,621165.58,287746.69,54928.53,3104.83,275385.53,211494.41,52482.22,11408.9
