data/data sets/avocado0915.csv
region,Timeframe,Date,type,AveragePrice,Total Volume,4046,4225,4770,Total Bags,Small Bags,Large Bags,XLarge Bags
South Central,Weekly,1/6/2020,conventional,0.76,7369854.16,3160394.08,1100031.65,119381.44,2990046.99,1833627.2,1076354.5,80065.29
South Central,Weekly,1/12/2020,conventional,0.76,7817259.43,3140424.45,960514.54,116391.72,3599928.72,1977884.57,1531260.37,90783.78
South Central,Weekly,1/19/2020,conventional,0.71,7842400.44,3150293.39,940332.89,114453.82,3637320.34,2424268.35,1118513.15,94538.84
South Central,Weekly,1/26/2020,conventional,0.74,7604293.71,3274193.28,733216.67,114494.03,3482389.73,2262456,1122078.83,97854.9
South Central,Weekly,2/2/2020,conventional,0.66,10188128.71,3942962.47,1159692.28,245475.52,4839998.44,2615445.12,2137235.46,87317.86
South Central,Weekly,2/9/2020,conventional,0.71,8419544.25,3568013.51,917288.54,107766.26,3826475.94,1871411.94,1858827.85,96236.15
South Central,Weekly,2/16/2020,conventional,0.76,7424905.96,3219913.95,716713.07,111217.77,3377061.17,1913148.64,1378495.27,85417.26
South Central,Weekly,2/23/2020,conventional,0.78,7559441.52,3119620.26,868623.68,84432.55,3486765.03,1785539.19,1615775.25,85450.59
South Central,Weekly,3/1/2020,conventional,0.81,7902476.49,3290891.28,860994.45,62525.62,3688065.14,2010209.47,1596068.92,81786.75
South Central,Weekly,3/8/2020,conventional,0.89,7453961.29,3239525.52,745876.14,50313.55,3418246.08,1987696.41,1342413.37,88136.3
South Central,Weekly,3/15/2020,conventional,0.91,9026771.84,3885535.95,895035.44,63214.62,4182985.83,2541026.52,1547495.13,94464.18
South Central,Weekly,3/22/2020,conventional,0.92,9044037.82,4027058.4,963863.56,51681.48,4001434.38,2642466.6,1274414.73,84553.05
South Central,Weekly,4/19/2020,conventional,0.85,9401600.36,3790017.13,1176573.25,147641.54,4287368.44,2878646.02,1280880.17,127842.25
South Central,Weekly,4/12/2020,conventional,0.92,8555196.91,3973685.31,1132058.63,60516.78,3388936.19,2229012.21,1051929.57,107994.41
South Central,Weekly,4/5/2020,conventional,0.91,8827001.64,3791305.05,1226951.63,56979.2,3751765.76,2481712.98,1178590.59,91462.19
South Central,Weekly,3/29/2020,conventional,0.95,8026668.25,3126689.77,1089439.68,54536.32,3756002.48,2227544.08,1446152.81,82305.59
South Central,Weekly,5/17/2020,conventional,0.94,8790639.12,3598883.19,984502.96,178029.74,4029223.23,2721013.37,1187242.33,120967.53
South Central,Weekly,5/10/2020,conventional,0.84,10072925.19,3928358.86,1112053.18,152632.15,4879881,3426640.22,1324695.12,128545.66
South Central,Weekly,5/3/2020,conventional,0.88,9673150.72,3545472.42,1339842,196344.6,4591491.7,2771203.52,1687074.99,133213.19
South Central,Weekly,4/26/2020,conventional,0.94,8707860.33,3171309.67,1438949.49,194090.91,3903510.26,2398636.07,1356955.11,147919.08
South Central,Weekly,6/14/2020,conventional,0.82,9030036,3561353,770722,230168,4467793,3191748,1225435,50611
South Central,Weekly,6/7/2020,conventional,0.76,9696914,4060669,1022287,213389,4400570,2971767,1376613,52190
South Central,Weekly,5/31/2020,conventional,0.8,9938455,3434008,1138400,191084,5174964,3590859,1517432,66673
South Central,Weekly,5/24/2020,conventional,0.89,9862762,3871863,1023840,194128,4772931,3243470,1414173,115289
South Central,Weekly,7/12/2020,conventional,0.8,8611079.26,3183520.32,745008.47,306114.31,4376436.16,3179434.27,1144459.36,52542.53
South Central,Weekly,7/5/2020,conventional,0.81,9433569.84,3682952.49,890041.21,327912.55,4532663.59,2941374.59,1544281.07,47007.93
South Central,Weekly,6/28/2020,conventional,0.82,8180088.97,2933809.44,909921.41,235835.82,4100522.3,2714397.92,1341909.72,44214.66
South Central,Weekly,6/21/2020,conventional,0.85,8923734.94,3412369.9,837042.9,278172.01,4396150.13,3188674.41,1156575.63,50900.09
Southeast,Weekly,1/6/2020,conventional,0.89,6509409.44,2671177.17,260412.62,24024.4,3553795.25,1572503.02,1972748.21,8544.02
Southeast,Weekly,1/12/2020,conventional,0.9,6501470.18,2676011.65,262363.37,21512.79,3541582.37,1645930.79,1884309.58,11342
Southeast,Weekly,1/19/2020,conventional,0.89,6618860.55,2869057.07,250687.67,27320.35,3471795.46,1624405.7,1822633.73,24756.03
Southeast,Weekly,1/26/2020,conventional,0.91,6644847.77,2854105.63,267083.74,24291.37,3499367.03,1511513.93,1976054.08,11799.02
Southeast,Weekly,2/2/2020,conventional,0.88,7902525.57,3349271.58,379627.89,8892.81,4164733.29,1628894.98,2526795.33,9042.98
Southeast,Weekly,2/9/2020,conventional,0.97,6142554.27,2539286.6,304582.55,2807.65,3295877.47,1462121.05,1825423.15,8333.27
Southeast,Weekly,2/16/2020,conventional,0.96,5720106.52,2310886.91,260345.54,2438.43,3146435.64,1431382.77,1708224.26,6828.61
Southeast,Weekly,2/23/2020,conventional,0.99,5600716.01,2394018.09,236900.55,2806.45,2966990.92,1453101.74,1507105.41,6783.77
Southeast,Weekly,3/1/2020,conventional,1.11,5611206.41,2348692.48,261524.08,4509.03,2996480.82,1528115.88,1458705.54,9659.4
Southeast,Weekly,3/8/2020,conventional,1.13,5579013.43,2487860.12,208322.74,2329.75,2880500.82,1641033.85,1228721.8,10745.17
Southeast,Weekly,3/15/2020,conventional,1.05,6759933.38,2958161.46,268786.1,2341.67,3530644.15,1872416.42,1650977.94,7249.79
Southeast,Weekly,3/22/2020,conventional,1.06,6730447.52,3124791.97,256650.02,3193.38,3345812.15,1798149.12,1541122.19,6540.84
Southeast,Weekly,4/19/2020,conventional,1.15,6445743.41,3037482.98,333400.18,3003.99,3071791.55,2646244.52,413162.72,12384.31
Southeast,Weekly,4/12/2020,conventional,1.18,5882139.74,2718988.39,276283.61,2944.96,2883918.44,2363660.56,497549.39,22708.49
Southeast,Weekly,4/5/2020,conventional,1.16,6716805.36,3305733.77,273446.37,3233.7,3134391.52,2541541.51,534348.49,58501.52
Southeast,Weekly,3/29/2020,conventional,1.18,6234849.42,2925477.13,233900.46,3148.81,3072317.71,2731871.52,323487.6,16958.59
Southeast,Weekly,5/17/2020,conventional,1.13,6220501.34,2876093.28,240565.42,4141.94,3099513.92,2707268.67,381117.1,11128.15
Southeast,Weekly,5/10/2020,conventional,1.12,6262829.99,2901615.68,243016.34,4617.61,3113580.36,2710143.97,389795.42,13640.97
Southeast,Weekly,5/3/2020,conventional,1.02,7729984.7,3596943.72,395909.55,5124.39,3732007.04,3206732.9,514123.92,11150.22
Southeast,Weekly,4/26/2020,conventional,1.14,6597343.37,2980510.71,312349.29,4012.43,3300454.69,2765889.13,521039.69,13525.87
Southeast,Weekly,6/14/2020,conventional,1.09,6012693,2851277,234143,4520,2922753,2450011,458835,13908
Southeast,Weekly,6/7/2020,conventional,1.09,6096475,2979247,240639,5579,2871010,2433658,428065,9287
Southeast,Weekly,5/31/2020,conventional,1.12,6129930,3086929,249096,5285,2788620,2354481,422345,11794
Southeast,Weekly,5/24/2020,conventional,1.02,7021288,3407127,251720,4275,3358156,2899584,447539,11033
Southeast,Weekly,7/12/2020,conventional,1.04,5605494.71,2651917.2,240567.7,5278.35,2707731.46,2445495.03,218767.02,43469.41
Southeast,Weekly,7/5/2020,conventional,1,6633942.57,3169124.31,266561.09,5398.3,3192858.87,2776313.4,360436.7,56108.77
Southeast,Weekly,6/28/2020,conventional,1.02,6363160.78,3013126.97,243541.19,4949.67,3101542.95,2606191.17,459820.77,35531.01
Southeast,Weekly,6/21/2020,conventional,1.08,6062666.93,2769742.14,246853.45,4527.06,3041544.28,2511670.66,471895.53,57978.09
Spokane,Weekly,1/6/2020,conventional,1.03,117502.84,18331.54,14483.83,113.94,84573.53,41424.03,43093.33,56.17
Spokane,Weekly,1/12/2020,conventional,1.11,121910.14,17230.22,16545.99,113.3,88020.63,46850.74,41117.35,52.54
Spokane,Weekly,1/19/2020,conventional,0.96,120472.58,18065.1,12686.28,87.14,89634.06,57008.38,32566.23,59.45
Spokane,Weekly,1/26/2020,conventional,1.1,108653.22,19688.35,10064.09,36.24,78864.54,51649.32,27165.28,49.94
Spokane,Weekly,2/2/2020,conventional,0.98,140713.83,21825.74,14936.78,19.32,103931.99,60938.53,42977.25,16.21
Spokane,Weekly,2/9/2020,conventional,1.12,111345.03,22753.58,12527.46,52.04,76011.95,36995.57,38921.5,94.88
Spokane,Weekly,2/16/2020,conventional,1.23,107805.7,20985.73,9520.7,97.05,77202.22,44652.41,32440.87,108.94
Spokane,Weekly,2/23/2020,conventional,1.14,120926.71,20639.93,13937.26,29.78,86319.74,35890.33,50302.08,127.33
Spokane,Weekly,3/1/2020,conventional,1.19,120302.61,18495.93,13733.57,17.34,88055.77,46613.08,41318.02,124.67
Spokane,Weekly,3/8/2020,conventional,1.45,107057.53,19548.01,10346.19,92.58,77070.75,44268.81,32625.61,176.33
Spokane,Weekly,3/15/2020,conventional,1.49,113859.82,21301.81,9966.48,104.3,82487.23,51647.61,30809.96,29.66
Spokane,Weekly,3/22/2020,conventional,1.39,112218.69,19092.92,11306.52,109.09,81710.16,43113.88,38578.85,17.43
Spokane,Weekly,4/19/2020,conventional,1.44,114782.15,24534.24,10371.41,37.13,79839.37,47601.53,32233.1,4.74
Spokane,Weekly,4/12/2020,conventional,1.43,124411.38,27633.06,12817.27,27.73,83933.32,46638.18,37052.22,242.92
Spokane,Weekly,4/5/2020,conventional,1.31,125941.27,27570.1,10715.6,19.2,87636.37,45371.05,40928.44,1336.88
Spokane,Weekly,3/29/2020,conventional,1.5,99838.68,18505.67,10843.87,57.59,70431.55,36514.36,33831.56,85.63
Spokane,Weekly,5/17/2020,conventional,1.3,126125.47,22736.92,13464.27,95.98,89828.3,49533.74,40233.75,60.81
Spokane,Weekly,5/10/2020,conventional,1.26,136914.02,26837.63,16260.38,42.66,93773.35,49976.16,43733.2,63.99
Spokane,Weekly,5/3/2020,conventional,1.19,165273.83,29555.09,16836.61,23.46,118858.67,73434.69,45414.5,9.48
Spokane,Weekly,4/26/2020,conventional,1.31,141676.94,28121.6,12323.71,34.99,101196.64,66470.71,34718.82,7.11
Spokane,Weekly,6/14/2020,conventional,1.22,136776,23944,14784,36,98012,52507,42613,2892
Spokane,Weekly,6/7/2020,conventional,1.34,133157,23849,12628,4,96675,50676,42569,3430
Spokane,Weekly,5/31/2020,conventional,1.19,139895,25130,12639,78,102046,65957,33046,3043
Spokane,Weekly,5/24/2020,conventional,1.33,130531,24229,12812,28,93462,51718,38931,2812
Spokane,Weekly,7/12/2020,conventional,1.15,155383.44,25847.9,14258.14,41.37,115236.03,69630.81,45560.22,45
Spokane,Weekly,7/5/2020,conventional,1.23,134204.61,24546.27,12072.91,63.63,97521.8,56907.05,40610.02,4.73
Spokane,Weekly,6/28/2020,conventional,1.3,124346.37,21848.34,12326.98,23.41,90147.64,50887.59,39228.08,31.97
Spokane,Weekly,6/21/2020,conventional,1.29,121925.9,21564.8,14395.2,19.13,85946.77,45275.23,39096.54,1575
St. Louis,Weekly,1/6/2020,conventional,1.01,223047.22,116196.2,9039.14,608.48,97203.4,88890.39,1919.68,6393.33
St. Louis,Weekly,1/12/2020,conventional,1.13,198308.63,99654.91,9757.81,631.77,88264.14,72845.39,6835.6,8583.15
St. Louis,Weekly,1/19/2020,conventional,1.17,191237.93,83907.77,10628.57,830.55,95871.04,83427.42,6680.39,5763.23
St. Louis,Weekly,1/26/2020,conventional,1.15,214579.42,94993.52,10971.76,262.39,108351.75,92014.6,8526.64,7810.51
St. Louis,Weekly,2/2/2020,conventional,0.86,307137.85,146301.87,11998.29,176.4,148661.29,134852.31,5570.65,8238.33
St. Louis,Weekly,2/9/2020,conventional,1.04,204217.6,86909.64,10067.23,179.84,107060.89,93338.51,4366.33,9356.05
St. Louis,Weekly,2/16/2020,conventional,1.22,177317.6,73793.38,10540.01,166.46,92817.75,77635.19,4536.75,10645.81
St. Louis,Weekly,2/23/2020,conventional,1.25,187602.81,78880.84,11300.3,184.07,97237.6,84272.58,1540.38,11424.64
St. Louis,Weekly,3/1/2020,conventional,1.17,212834.86,98248.39,10692.77,221.81,103671.89,87826.37,1692.35,14153.17
St. Louis,Weekly,3/8/2020,conventional,1.18,221330.59,99260.08,11514.73,176.6,110379.18,93045.34,1934.57,15399.27
St. Louis,Weekly,3/15/2020,conventional,1.26,246899.27,100906.71,12573.48,418.71,133000.37,113745,2172.55,17082.82
St. Louis,Weekly,3/22/2020,conventional,1.17,266433.45,126931.34,13097.27,305.97,126098.87,108178.99,2840.09,15079.79
St. Louis,Weekly,4/19/2020,conventional,1.2,271940.68,125839.68,15094.26,398.43,130608.31,111684.15,2442.19,16481.97
St. Louis,Weekly,4/12/2020,conventional,1.25,239372.46,90676.59,22332.79,147.18,126215.9,101909.01,9812.41,14494.48
St. Louis,Weekly,4/5/2020,conventional,1.27,267771.13,115334.4,15266.77,201.29,136968.67,118868,2772.03,15328.64
St. Louis,Weekly,3/29/2020,conventional,1.21,237868.89,114751.31,13003.28,209.61,109904.69,94140.93,1956.11,13807.65
St. Louis,Weekly,5/17/2020,conventional,1.04,288956.17,132125.54,16016.03,322.37,140492.23,121926.09,2462.46,16103.68
St. Louis,Weekly,5/10/2020,conventional,1.04,327857.39,155535.46,13293.21,240.85,158787.87,141567.11,2479.67,14741.09
St. Louis,Weekly,5/3/2020,conventional,1.06,310336.27,145764.13,12507.06,403.66,151661.42,136333.86,2035.88,13291.68
St. Louis,Weekly,4/26/2020,conventional,1.05,296296.2,143928.43,13263.44,313.87,138790.46,123834.37,1729.16,13226.93
St. Louis,Weekly,6/14/2020,conventional,1,292955,131191,15546,316,145902,134155,2192,9556
St. Louis,Weekly,6/7/2020,conventional,0.97,310260,147158,16459,283,146360,135735,2009,8615
St. Louis,Weekly,5/31/2020,conventional,0.96,319975,160162,12561,229,147023,138022,2117,6884
St. Louis,Weekly,5/24/2020,conventional,1.03,289037,133261,17030,242,138505,118330,2538,17636
St. Louis,Weekly,7/12/2020,conventional,0.9,292914.14,135436.7,14624.02,194.58,142658.84,126846.29,1677.05,14135.5
St. Louis,Weekly,7/5/2020,conventional,0.99,287301.34,124784.88,15405.85,1116.46,145994.15,130229.22,1915.41,13849.52
St. Louis,Weekly,6/28/2020,conventional,0.96,280246.23,132451.71,13821.91,1354.28,132618.33,117678.89,1493.05,13446.39
St. Louis,Weekly,6/21/2020,conventional,0.94,306671.2,148890.54,14640.97,289.13,142850.56,130220.43,2415.7,10214.43
Syracuse,Weekly,1/6/2020,conventional,1.05,105873.63,3971.33,64966.36,77.5,36858.44,12854.24,22603.09,1401.11
Syracuse,Weekly,1/12/2020,conventional,0.99,102508.91,3486.36,47438.09,74,51510.46,32655.35,17055.11,1800
Syracuse,Weekly,1/19/2020,conventional,1.03,112245.09,3956.36,53402.15,125,54761.58,22242.92,31043.11,1475.55
Syracuse,Weekly,1/26/2020,conventional,1.02,104440.05,3398.34,41258.17,114,59669.54,23117.72,34716.26,1835.56
Syracuse,Weekly,2/2/2020,conventional,0.95,140506.77,3959.85,78843.31,9.39,57694.22,29589.93,26397.62,1706.67
Syracuse,Weekly,2/9/2020,conventional,1.07,92372.21,3513.95,45253.65,10.17,43594.44,16974.9,24616.21,2003.33
Syracuse,Weekly,2/16/2020,conventional,1.17,79909.48,3238.72,41880.65,14.17,34775.94,24371.64,8594.3,1810
Syracuse,Weekly,2/23/2020,conventional,1.21,92988.98,3598.48,48640.36,10.79,40739.35,30280,8774.91,1684.44
Syracuse,Weekly,3/1/2020,conventional,1.23,91358.58,8192.33,38240.11,31.79,44894.35,37128.81,6193.32,1572.22
Syracuse,Weekly,3/8/2020,conventional,1.15,106668.19,5661.35,45526.73,617.79,54862.32,40205.76,13078.78,1577.78
Syracuse,Weekly,3/15/2020,conventional,1.23,112159.95,8103.34,44090.67,859.27,59106.67,46080.08,11831.04,1195.55
Syracuse,Weekly,3/22/2020,conventional,1.3,104258.79,6484.19,49320.24,1135.93,47318.43,34234.92,12017.95,1065.56
Syracuse,Weekly,4/19/2020,conventional,1.25,101424.7,10250.21,34315.85,1124.36,55734.28,40265.89,13468.39,2000
Syracuse,Weekly,4/12/2020,conventional,1.18,111555.58,14048.11,39953.59,1256.19,56297.69,45890.18,8744.17,1663.34
Syracuse,Weekly,4/5/2020,conventional,1.2,102164.65,9092.71,35577.83,1155.59,56338.52,40493.79,14134.73,1710
Syracuse,Weekly,3/29/2020,conventional,1.21,93761.76,9249.36,38973.77,1335.87,44202.76,36155.43,6761.78,1285.55
Syracuse,Weekly,5/17/2020,conventional,1.31,117231.76,12121.98,47634.53,941.62,56533.63,44340.34,10544.39,1648.9
Syracuse,Weekly,5/10/2020,conventional,1.13,141919.9,20894.96,55246.35,1616.67,64161.92,50562.01,10975.47,2624.44
Syracuse,Weekly,5/3/2020,conventional,1.21,116930.36,10247.87,44568.03,1203.27,60911.19,45320.68,13597.18,1993.33
Syracuse,Weekly,4/26/2020,conventional,1.14,121115.28,12722.34,52220.45,1399.32,54773.17,42791.36,10128.48,1853.33
Syracuse,Weekly,6/14/2020,conventional,1.05,134244,13192,61665,1054,58333,45851,10029,2453
Syracuse,Weekly,6/7/2020,conventional,1.07,126874,9867,45731,1064,70211,45481,22287,2443
Syracuse,Weekly,5/31/2020,conventional,1.32,130264,12121,55302,1051,61790,47849,11932,2010
Syracuse,Weekly,5/24/2020,conventional,1.27,123890,11944,46576,1112,64258,49620,12883,1756
Syracuse,Weekly,7/12/2020,conventional,1.2,115676.82,10807.52,48004.41,929.66,55935.23,33587.26,20472.41,1875.56
Syracuse,Weekly,7/5/2020,conventional,1.21,113918.48,14788.43,49561.09,1161.12,48407.84,35294.43,11294.52,1818.89
Syracuse,Weekly,6/28/2020,conventional,1.08,100557.97,10879.38,47369.33,956.23,41353.03,34681.46,6109.34,562.23
Syracuse,Weekly,6/21/2020,conventional,1.17,102834.16,11141.26,44473.57,1097.38,46121.95,37198.51,7407.89,1515.55
