data/data sets/avocado0915.csv
region,Timeframe,Date,type,AveragePrice,Total Volume,4046,4225,4770,Total Bags,Small Bags,Large Bags,XLarge Bags
Tampa,Weekly,1/6/2020,conventional,0.87,775191.5,268346.69,21272.19,3442.82,482129.8,105418.6,376708.18,3.02
Tampa,Weekly,1/12/2020,conventional,0.89,739108.24,265846.04,20670.83,2238,450353.37,101732.85,348620.52,0
Tampa,Weekly,1/19/2020,conventional,0.87,793065.51,312527.84,21433.87,3596.41,455507.39,131903.2,316977.53,6626.66
Tampa,Weekly,1/26/2020,conventional,0.88,784980.23,288577.35,24114.87,3208.34,469079.67,129017.51,339682.16,380
Tampa,Weekly,2/2/2020,conventional,0.88,890295.47,316326.11,26906.19,1233.41,545829.76,122991.8,422811.29,26.67
Tampa,Weekly,2/9/2020,conventional,0.97,674002.93,247588.95,19788.83,338.14,406287.01,120490.2,285762.15,34.66
Tampa,Weekly,2/16/2020,conventional,0.91,644775.9,232219.83,18128.53,335.44,394092.1,124184.89,269894.88,12.33
Tampa,Weekly,2/23/2020,conventional,0.97,634028.4,234894.8,20264.99,336.69,378531.92,111673.37,266848.55,10
Tampa,Weekly,3/1/2020,conventional,1.08,632365.45,231508.42,18931.53,198,381727.5,126434.75,254893.87,398.88
Tampa,Weekly,3/8/2020,conventional,1.13,620872.27,279469.27,16407.44,283.04,324712.52,129140.75,195301.77,270
Tampa,Weekly,3/15/2020,conventional,1.04,716129.49,290908.2,23436.31,352.71,401432.27,131986.69,269418.91,26.67
Tampa,Weekly,3/22/2020,conventional,1.07,747033.47,378932.88,25070.43,881,342149.16,133042.4,209094.54,12.22
Tampa,Weekly,4/19/2020,conventional,1.18,682391.99,297403.23,21641.93,477.41,362869.42,326083.04,36643.04,143.34
Tampa,Weekly,4/12/2020,conventional,1.2,613163.84,255580.23,16571.81,454.56,340557.24,292465.51,44439.5,3652.23
Tampa,Weekly,4/5/2020,conventional,1.19,666800.55,292270.45,22515.08,470.67,351544.35,291190.77,50618.27,9735.31
Tampa,Weekly,3/29/2020,conventional,1.21,661173.64,307737.9,18971.11,824.64,333639.99,284304.99,46863.89,2471.11
Tampa,Weekly,5/17/2020,conventional,1.12,591420.66,238039.66,16379.48,151.06,336846.03,276681.61,60134.42,30
Tampa,Weekly,5/10/2020,conventional,1.1,604700.62,250040.85,17294.06,260.03,337105.68,275671.95,61400.4,33.33
Tampa,Weekly,5/3/2020,conventional,1.02,789379.78,338543.92,23676.13,260.38,426899.35,381577.02,45283.44,38.89
Tampa,Weekly,4/26/2020,conventional,1.17,673964.34,292791.24,22502.91,242.3,358413.47,306820.08,51564.5,28.89
Tampa,Weekly,6/14/2020,conventional,1.12,610327,273354,18876,172,317925,247961,69961,3
Tampa,Weekly,6/7/2020,conventional,1.06,605674,273395,17919,168,314192,245119,69037,36
Tampa,Weekly,5/31/2020,conventional,1.13,595922,289142,18962,142,287677,220598,67049,29
Tampa,Weekly,5/24/2020,conventional,1.03,691449,362143,19940,104,309262,238369,70878,14
Tampa,Weekly,7/12/2020,conventional,1.03,553382.76,267057.09,20273.47,263.95,265788.25,252461.66,12779.93,546.66
Tampa,Weekly,7/5/2020,conventional,0.98,697943.02,316731.2,21537.73,290.51,359383.58,307982.03,47984.88,3416.67
Tampa,Weekly,6/28/2020,conventional,1,688665.9,285783.29,20323.78,265.28,382293.55,307411.95,74246.04,635.56
Tampa,Weekly,6/21/2020,conventional,1.12,638092.1,262702.72,21830.48,135.94,353422.96,268743.01,78017.73,6662.22
Total U.S.,Weekly,1/6/2020,conventional,0.97,46310705.72,13036248.61,10416874.46,845596.08,22010551.97,11649671.54,9670934.96,689945.47
Total U.S.,Weekly,1/12/2020,conventional,0.97,46524778.83,13223759.25,8444074.44,627869.92,24227623.24,13241643.55,10377040.43,608939.26
Total U.S.,Weekly,1/19/2020,conventional,0.93,48534972.05,13102979.33,10072454.62,949386.1,24408696.44,13606025.69,10056820.22,745850.53
Total U.S.,Weekly,1/26/2020,conventional,1.01,43938472.7,12635230.46,7658265.98,611401.15,23032151.89,13202402.01,9280522.43,549227.45
Total U.S.,Weekly,2/2/2020,conventional,0.85,63428864.75,17494332.27,13036382.62,1205863.48,31689188.6,17403574.03,13327600.76,958013.81
Total U.S.,Weekly,2/9/2020,conventional,0.96,47887559.28,13668923.46,9377990.27,768746.13,24071899.42,12455683.71,10778544.52,837671.19
Total U.S.,Weekly,2/16/2020,conventional,1.02,42730997.99,12495822.19,7867289.2,521606.52,21846280.08,11583695.32,9598983.4,663601.36
Total U.S.,Weekly,2/23/2020,conventional,1.01,45009239.58,12700928.54,7811581.19,685823.58,23810906.27,13227463.27,9952406.07,631036.93
Total U.S.,Weekly,3/1/2020,conventional,1.09,43500148.34,12625971.13,7765151.23,455851.22,22652392.02,12883794.01,9241498.09,527099.92
Total U.S.,Weekly,3/8/2020,conventional,1.13,44303012,13057777.35,7639123.04,370264.06,23235646.06,14122435.48,8492346.09,620864.49
Total U.S.,Weekly,3/15/2020,conventional,1.16,51540125.03,14968568.53,8766717.02,452355.38,27352451.88,16100499.57,10631015.21,620937.1
Total U.S.,Weekly,3/22/2020,conventional,1.16,48981846.51,15236174.5,8484263.47,425086.68,24836313.77,14431165.98,9912371.31,492776.48
Total U.S.,Weekly,4/19/2020,conventional,1.14,50089191.6,15371297.43,8761487.94,661170.02,25295051.04,16144250.94,8128235.6,1022564.5
Total U.S.,Weekly,4/12/2020,conventional,1.2,47850537.28,15337307.32,8657849.24,527482.31,23327706.76,15385868.36,7030807.23,911031.17
Total U.S.,Weekly,4/5/2020,conventional,1.15,50361125.91,16273297.88,9157284.74,486270.26,24444067.4,16146224.38,7530461.91,767381.11
Total U.S.,Weekly,3/29/2020,conventional,1.19,46381647.4,14113616.66,8477722.18,419458.24,23370633.92,14907229.13,7758313.73,705091.06
Total U.S.,Weekly,5/17/2020,conventional,1.16,51690121.14,15951219.72,9221698.67,728025.52,25788840.09,16896405.58,7972084.51,920350
Total U.S.,Weekly,5/10/2020,conventional,1.09,58463220.4,17894355.35,11123423.38,837609.43,28607617.88,18739691.34,8992205.32,875721.22
Total U.S.,Weekly,5/3/2020,conventional,1.03,62179375.21,19308947.82,11026477.94,715301.95,31128390.35,20550406.59,9682198.81,895784.95
Total U.S.,Weekly,4/26/2020,conventional,1.15,52015534.19,15237698.67,10580031.68,740327.93,25457282.76,16664184.93,7797364.59,995733.24
Total U.S.,Weekly,6/14/2020,conventional,1.06,55007945,15510458,11019342,978710,27499330,17969207,8331756,1198367
Total U.S.,Weekly,6/7/2020,conventional,1.08,54532348,16718884,9757798,1100945,26954602,17522596,8376733,1055273
Total U.S.,Weekly,5/31/2020,conventional,1.07,57509313,16286759,11346382,887011,28989020,18664351,9081422,1243247
Total U.S.,Weekly,5/24/2020,conventional,1.11,56769152,17107525,9947892,854508,28858999,18426503,9218375,1214120
Total U.S.,Weekly,7/12/2020,conventional,1.04,51081492.98,14418172.99,9424287.44,922494.66,26316384.15,16876196.39,8388109.49,1052078.27
Total U.S.,Weekly,7/5/2020,conventional,1.06,55608056.7,16678146.96,9939269.55,1060183.59,27930345.43,18487694.16,8039467.23,1403184.04
Total U.S.,Weekly,6/28/2020,conventional,1.04,51723709.35,14685424.96,9247457.73,927273.16,26863384.78,17913818.66,7768050.22,1181515.9
Total U.S.,Weekly,6/21/2020,conventional,1.08,52151483.63,15717883.16,9295727.67,950151.32,26187642.59,17715891.54,7164224.45,1307526.6
West,Weekly,1/6/2020,conventional,0.94,8218538.09,1727612.58,1234982.58,51849.45,5204093.48,1928928.76,3207217.5,67947.22
West,Weekly,1/12/2020,conventional,0.95,8342303.66,1977859.92,1139513.99,49895.57,5175034.18,2047545.41,3027684.69,99804.08
West,Weekly,1/19/2020,conventional,0.84,8909723.64,1858611.44,1539495.38,47106.46,5464510.36,2449996.84,2930956.2,83557.32
West,Weekly,1/26/2020,conventional,1.03,7098259.39,1636537.79,1025561.51,44906.9,4391253.19,2150770.93,2146341.06,94141.2
West,Weekly,2/2/2020,conventional,0.89,10065327.68,2173287.69,1454439.82,70713.86,6366886.31,2737871.91,3533282.33,95732.07
West,Weekly,2/9/2020,conventional,0.94,8293736,2089938.42,1102741.04,42820.94,5058235.6,1903049.36,3072688.32,82497.92
West,Weekly,2/16/2020,conventional,0.99,8004849,2130640.86,1025031.37,42704.75,4806472.02,1929347.42,2782821.75,94302.85
West,Weekly,2/23/2020,conventional,0.95,8436094.08,1837050.37,1061907.77,35523.38,5501612.56,2220729.96,3198687.31,82195.29
West,Weekly,3/1/2020,conventional,1.05,7808965.65,1601301.53,967666.99,28351.04,5210863.35,2153346.63,2962584.4,94932.32
West,Weekly,3/8/2020,conventional,1.12,7695553.22,1661863.2,910029.97,27418.59,5096039.97,2416513.5,2574309.34,105217.13
West,Weekly,3/15/2020,conventional,1.12,9012636.67,1910414.83,1004165.09,32842.92,6065181.61,2426321.25,3519359.32,119501.04
West,Weekly,3/22/2020,conventional,1.11,8594566.3,1988846.51,975027.96,29608.33,5601075.41,2149336.02,3340361.74,111377.65
West,Weekly,4/19/2020,conventional,1.11,8532573.44,1843527.92,1068154.3,116574.35,5504196.41,2316981.26,3013161.43,174053.72
West,Weekly,4/12/2020,conventional,1.19,8080108.03,2074667,1010442.45,28736.35,4966074.92,2344182.75,2486828.86,135063.31
West,Weekly,4/5/2020,conventional,1.12,8183061.77,1991221.03,1019621.18,28230.42,5143783.51,2424488.22,2571781.51,147513.78
West,Weekly,3/29/2020,conventional,1.2,7462905.6,1691362.87,894536.93,28710.6,4848084.11,2049010.31,2672942.4,126131.4
West,Weekly,5/17/2020,conventional,1.09,8667913.24,2081824.04,1020965.12,33410.85,5531562.87,2580802.48,2817078.77,133681.62
West,Weekly,5/10/2020,conventional,1.02,10298147.85,2734129.84,1286045.58,37602.73,6240155.34,2693864.04,3436644.66,109646.64
West,Weekly,5/3/2020,conventional,1.02,10381771.32,2485151.57,1328296.18,44596.88,6523469.54,2946024.02,3445056.76,132388.76
West,Weekly,4/26/2020,conventional,1.07,9155153.85,2189896.63,1186517.55,114180.07,5664382.7,2596402.86,2835392.2,232587.64
West,Weekly,6/14/2020,conventional,0.99,9218565,1957636,1161223,42599,6057004,2741503,3125852,189648
West,Weekly,6/7/2020,conventional,1.08,8772768,2134795,1045471,36268,5556115,2593768,2781808,180540
West,Weekly,5/31/2020,conventional,1,9455357,2337862,1084705,29913,6002734,3093637,2750371,158726
West,Weekly,5/24/2020,conventional,1.03,9731832,2135155,1176519,33923,6386017,2702550,3518073,165394
West,Weekly,7/12/2020,conventional,1,9051421.72,2160293.34,1087680.58,51992.8,5751301.26,2672997.88,2920872.39,157430.99
West,Weekly,7/5/2020,conventional,1.07,9199885.27,1986633.12,1071800.03,64245.8,6077095.15,2919007.49,2979242.77,178844.89
West,Weekly,6/28/2020,conventional,1.05,8109131.56,1751279,913623.82,43076.04,5400983.98,2556498.66,2706045.76,138439.56
West,Weekly,6/21/2020,conventional,0.98,8803000.27,2162262.71,1101123.74,52545.22,5486989.71,2946708.89,2369876.98,170403.84
West Tex/New Mexico,Weekly,1/6/2020,conventional,0.88,893503.74,379712.27,64232.94,63749.67,385808.86,243487.35,141191.3,1130.21
West Tex/New Mexico,Weekly,1/12/2020,conventional,0.83,1036010.46,363081.94,62107.29,62042.89,548778.34,264735.78,282487.62,1554.94
West Tex/New Mexico,Weekly,1/19/2020,conventional,0.79,1047282.64,377986.92,107342.01,62648.36,499305.35,256715.2,241676.6,913.55
West Tex/New Mexico,Weekly,1/26/2020,conventional,0.88,915939.36,386133.61,59456.57,63762.77,406586.41,271875.34,133947.66,763.41
West Tex/New Mexico,Weekly,2/2/2020,conventional,0.79,1275439.33,504216.81,100162.86,130997.83,540061.83,293885.55,245378.19,798.09
West Tex/New Mexico,Weekly,2/9/2020,conventional,0.77,1146002.91,530734.32,59864.41,63341.19,492062.99,275530.73,215457.81,1074.45
West Tex/New Mexico,Weekly,2/16/2020,conventional,0.84,996275.47,433242.03,65211.57,62939.27,434882.6,235217.77,193825.44,5839.39
West Tex/New Mexico,Weekly,2/23/2020,conventional,0.85,944378.31,372868.93,86089.28,46450.94,438969.16,246123.67,191861.8,983.69
West Tex/New Mexico,Weekly,3/1/2020,conventional,0.92,933699.68,385516.65,85037.32,32472.12,430673.59,246368.51,182246.55,2058.53
West Tex/New Mexico,Weekly,3/8/2020,conventional,0.97,926001.27,382709.48,79703.31,27067.43,436521.05,278232.02,156649.77,1639.26
West Tex/New Mexico,Weekly,3/15/2020,conventional,0.95,1180899.87,460868.79,112752.2,30449.05,576829.83,336194.42,239062.75,1572.66
West Tex/New Mexico,Weekly,3/22/2020,conventional,0.98,1100474.37,476979.91,99249.46,25498.66,498746.34,308884.1,188692.18,1170.06
West Tex/New Mexico,Weekly,4/19/2020,conventional,0.84,1288125,453244.79,126192.84,29659.76,679027.61,374881.9,302788.35,1357.36
West Tex/New Mexico,Weekly,4/12/2020,conventional,0.95,1081277.96,451915.91,111130.9,22962.74,495268.41,332722.61,161788.76,757.04
West Tex/New Mexico,Weekly,4/5/2020,conventional,0.94,1104047.87,454541.29,120273.45,27110.67,502122.46,309480.15,192230.78,411.53
West Tex/New Mexico,Weekly,3/29/2020,conventional,0.97,993056.58,390754.31,108473.52,25778.95,468049.8,260304.72,207260.53,484.55
West Tex/New Mexico,Weekly,5/17/2020,conventional,0.89,1240709.05,430203.1,126497.28,21104.42,662904.25,395909.35,265177.09,1817.81
West Tex/New Mexico,Weekly,5/10/2020,conventional,0.85,1379210.96,546825.44,134286.77,20099.25,677999.5,414517.95,261844.07,1637.48
West Tex/New Mexico,Weekly,5/3/2020,conventional,0.84,1371086.45,438466.75,155669.82,22535.27,754414.61,437428.99,315477.74,1507.88
West Tex/New Mexico,Weekly,4/26/2020,conventional,0.91,1174568.1,463205.87,144078.75,22043.47,545240.01,334563.71,209159.24,1517.06
West Tex/New Mexico,Weekly,6/14/2020,conventional,0.77,1353163,450137,94203,48207,760616,567026,191859,1731
West Tex/New Mexico,Weekly,6/7/2020,conventional,0.82,1168419,449502,86549,32352,600016,393296,205104,1616
West Tex/New Mexico,Weekly,5/31/2020,conventional,0.84,1289226,415950,121722,18695,732859,455012,276421,1426
West Tex/New Mexico,Weekly,5/24/2020,conventional,0.84,1392438,482757,140335,21199,748147,419451,326088,2608
West Tex/New Mexico,Weekly,7/12/2020,conventional,0.85,1153467.71,393039.15,80262.29,55729.63,624436.64,394320.43,222524.64,7591.57
West Tex/New Mexico,Weekly,7/5/2020,conventional,0.87,1203648.87,397391.54,97716.85,82383.78,626156.7,454031.99,169831.93,2292.78
West Tex/New Mexico,Weekly,6/28/2020,conventional,0.86,1025762.98,367821.15,75073.05,48460.02,534408.76,391328.3,141261.77,1818.69
West Tex/New Mexico,Weekly,6/21/2020,conventional,0.87,1167255.48,422169.11,109432.79,74394.07,561259.51,433334.58,125641.96,2282.97
Albany,Weekly,1/6/2020,organic,1.47,2152.91,20.57,192.36,0,1939.98,1024.54,915.44,0
Albany,Weekly,1/12/2020,organic,1.48,2441.56,25.89,209.19,0,2206.48,974.05,1232.43,0
Albany,Weekly,1/19/2020,organic,1.51,2558.84,422.7,230.23,0,1905.91,889.44,1016.47,0
Albany,Weekly,1/26/2020,organic,1.55,2903.36,116.26,272.8,0,2514.3,1458.83,1055.47,0
Albany,Weekly,2/2/2020,organic,1.58,2390.28,139.1,261.99,0,1989.19,1230.16,759.03,0
Albany,Weekly,2/9/2020,organic,1.48,3775.63,57.71,494.82,0,3223.1,1295.39,1927.71,0
Albany,Weekly,2/16/2020,organic,1.5,2831.99,32.19,299.07,0,2500.73,1132.02,1368.71,0
Albany,Weekly,2/23/2020,organic,1.5,2755.25,34.59,294.91,0,2425.75,1177.58,1248.17,0
Albany,Weekly,3/1/2020,organic,1.38,4880.39,347.91,599.05,0,3933.43,1581.33,2352.1,0
Albany,Weekly,3/8/2020,organic,1.59,3384.55,44.69,461.76,0,2878.1,1443.72,1434.38,0
Albany,Weekly,3/15/2020,organic,1.54,3875.67,58.47,403.2,0,3414,1579.38,1834.62,0
Albany,Weekly,3/22/2020,organic,1.51,3804.66,67.99,374.35,0,3362.32,1578.58,1783.74,0
Albany,Weekly,4/19/2020,organic,1.63,4166.85,99.09,864.72,0,3203.04,1707.83,1495.21,0
Albany,Weekly,4/12/2020,organic,1.64,4281.24,130.42,583.86,0,3566.96,1734.52,1832.44,0
Albany,Weekly,4/5/2020,organic,1.58,3758.9,125.89,497.32,0,3135.69,1278.87,1856.82,0
Albany,Weekly,3/29/2020,organic,1.49,2285.95,68.29,253.53,0,1964.13,989,975.13,0
Albany,Weekly,5/17/2020,organic,1.57,3913,205,412,0,3296,1797,1499,0
Albany,Weekly,5/10/2020,organic,1.52,4872,364,845,0,3662,2435,1227,0
Albany,Weekly,5/3/2020,organic,1.59,4138,83,480,0,3574,1912,1662,0
Albany,Weekly,4/26/2020,organic,1.59,3979,46,527,0,3406,1679,1727,0
Albany,Weekly,6/14/2020,organic,1.58,3166,51,357,0,2758,1613,1145,0
Albany,Weekly,6/7/2020,organic,1.65,3870,223,483,22,3142,1656,1486,0
Albany,Weekly,5/31/2020,organic,1.57,3674,116,429,1,3128,1549,1579,0
Albany,Weekly,5/24/2020,organic,1.64,3955,130,506,0,3319,1787,1532,0
Albany,Weekly,7/12/2020,organic,1.52,3973.09,25.45,386.43,0,3561.21,1877.7,1683.51,0
Albany,Weekly,7/5/2020,organic,1.53,3508.64,41.29,367.38,0,3099.97,1509.2,1590.77,0
Albany,Weekly,6/28/2020,organic,1.57,3577.18,38.98,400.78,7.31,3130.11,1562.71,1567.4,0
Albany,Weekly,6/21/2020,organic,1.54,3724.22,55.93,331.92,0,3336.37,1751.74,1584.63,0
