data/data sets/avocado0915.csv
region,Timeframe,Date,type,AveragePrice,Total Volume,4046,4225,4770,Total Bags,Small Bags,Large Bags,XLarge Bags
Atlanta,Weekly,1/6/2020,organic,1.33,30540.92,104.01,3734.17,0,26702.74,14142.49,12560.25,0
Atlanta,Weekly,1/12/2020,organic,1.23,37789.06,165.65,4420.06,0,33203.35,17844.09,15359.26,0
Atlanta,Weekly,1/19/2020,organic,1.17,33132.53,88.24,4575.57,0,28468.72,14435.25,14033.47,0
Atlanta,Weekly,1/26/2020,organic,1.3,35831.03,145.01,3559.3,0,32126.72,24631.52,7495.2,0
Atlanta,Weekly,2/2/2020,organic,1.5,28670.48,118.06,3873.11,0,24679.31,8854.47,15824.84,0
Atlanta,Weekly,2/9/2020,organic,1.34,18639.64,108.82,3287.57,0,15243.25,9610.88,5632.37,0
Atlanta,Weekly,2/16/2020,organic,1.1,29847.79,97.17,3050.14,0,26700.48,20963.37,5737.11,0
Atlanta,Weekly,2/23/2020,organic,1.3,27860.42,103.26,3287.22,0,24469.94,15780.07,8689.87,0
Atlanta,Weekly,3/1/2020,organic,1.44,22305.48,132.73,3428.33,0,18744.42,13934.7,4809.72,0
Atlanta,Weekly,3/8/2020,organic,1.4,36469.71,166.18,3857.05,0,32446.48,16498.75,15947.73,0
Atlanta,Weekly,3/15/2020,organic,1.49,45501.48,222.22,4197.36,0,41081.9,22113.65,18968.25,0
Atlanta,Weekly,3/22/2020,organic,1.44,31833.91,235.83,3449.1,0,28148.98,23641.43,4507.55,0
Atlanta,Weekly,4/19/2020,organic,1.51,37869.29,240.13,3470.15,0,34159.01,11103.61,23055.4,0
Atlanta,Weekly,4/12/2020,organic,1.57,48826.01,238.13,4856.13,0,43731.75,10971.44,32760.31,0
Atlanta,Weekly,4/5/2020,organic,1.54,52854.68,185.62,4594.79,0,48074.27,14937.9,33136.37,0
Atlanta,Weekly,3/29/2020,organic,1.6,37217.86,253.28,3811.21,0,33153.37,9885.38,23267.99,0
Atlanta,Weekly,5/17/2020,organic,1.49,45120,215,3421,0,41485,11831,29654,0
Atlanta,Weekly,5/10/2020,organic,1.52,53353,259,5025,0,48069,9803,38266,0
Atlanta,Weekly,5/3/2020,organic,1.5,47103,286,5817,0,40999,9722,31278,0
Atlanta,Weekly,4/26/2020,organic,1.65,46134,285,3415,0,42434,9266,33168,0
Atlanta,Weekly,6/14/2020,organic,1.5,46316,250,3208,0,42858,10767,32091,0
Atlanta,Weekly,6/7/2020,organic,1.61,46534,297,2617,0,43620,9694,33926,0
Atlanta,Weekly,5/31/2020,organic,1.61,45989,473,2830,0,42687,8888,33799,0
Atlanta,Weekly,5/24/2020,organic,1.49,44682,373,3322,0,40986,9460,31526,0
Atlanta,Weekly,7/12/2020,organic,1.63,39878.57,180.26,3777.21,0,35921.1,3749.89,32171.21,0
Atlanta,Weekly,7/5/2020,organic,1.64,42501.21,203.15,2976.71,0,39321.35,8790.08,30531.27,0
Atlanta,Weekly,6/28/2020,organic,1.59,41340.65,228.89,2636.15,0,38475.61,10015.4,28460.21,0
Atlanta,Weekly,6/21/2020,organic,1.49,45703.12,356.33,2936.99,0,42409.8,11066.91,31342.89,0
Baltimore/Washington,Weekly,1/6/2020,organic,1.36,40369.81,297.61,4101.04,10.59,35960.57,33900.82,2059.75,0
Baltimore/Washington,Weekly,1/12/2020,organic,1.24,47889.12,233.32,3970.32,18.59,43666.89,42666.78,1000.11,0
Baltimore/Washington,Weekly,1/19/2020,organic,1.12,54481.45,422.62,4339.01,15.89,49703.93,49222.29,481.64,0
Baltimore/Washington,Weekly,1/26/2020,organic,1.18,56441.76,249.48,3815.77,3.98,52372.53,51627.99,744.54,0
Baltimore/Washington,Weekly,2/2/2020,organic,1.1,60918.56,241.81,3306.57,25.26,57344.92,56132.36,1212.56,0
Baltimore/Washington,Weekly,2/9/2020,organic,1.26,46570.84,178.01,3770.04,13.31,42609.48,41599.13,1010.35,0
Baltimore/Washington,Weekly,2/16/2020,organic,1.2,52711.3,204.05,3197.58,5.33,49304.34,48684.55,619.79,0
Baltimore/Washington,Weekly,2/23/2020,organic,1.28,49781.47,213.56,3447.9,14.56,46105.45,45890.73,214.72,0
Baltimore/Washington,Weekly,3/1/2020,organic,1.42,46399.1,248.76,3950.91,2.63,42196.8,39550.62,2646.18,0
Baltimore/Washington,Weekly,3/8/2020,organic,1.39,51586.44,300.3,4171.65,19.86,47094.63,44631.28,2463.35,0
Baltimore/Washington,Weekly,3/15/2020,organic,1.46,63574.13,423.64,6486.82,17,56646.67,54500.76,2145.91,0
Baltimore/Washington,Weekly,3/22/2020,organic,1.46,58900.54,384.73,4451.8,25.68,54038.33,50909.91,3128.42,0
Baltimore/Washington,Weekly,4/19/2020,organic,1.56,84391.77,377.04,5778.95,16.57,78219.21,70760.94,7458.27,0
Baltimore/Washington,Weekly,4/12/2020,organic,1.59,73995.23,769.06,5897.49,20.34,67308.34,58270.41,9037.93,0
Baltimore/Washington,Weekly,4/5/2020,organic,1.61,77218.38,854.63,5718.07,33.11,70612.57,62176.93,8435.64,0
Baltimore/Washington,Weekly,3/29/2020,organic,1.39,61448.36,659.61,4939.56,52.22,55796.97,49850.16,5946.81,0
Baltimore/Washington,Weekly,5/17/2020,organic,1.61,71214,570,5402,20,65222,58837,6385,0
Baltimore/Washington,Weekly,5/10/2020,organic,1.56,76649,422,5092,19,71116,66456,4660,0
Baltimore/Washington,Weekly,5/3/2020,organic,1.46,79874,417,5192,18,74247,68151,6096,0
Baltimore/Washington,Weekly,4/26/2020,organic,1.48,91979,336,4860,9,86774,78268,8506,0
Baltimore/Washington,Weekly,6/14/2020,organic,1.79,53704,426,6869,33,46376,42884,3492,0
Baltimore/Washington,Weekly,6/7/2020,organic,1.65,61276,487,5918,24,54847,51257,3590,0
Baltimore/Washington,Weekly,5/31/2020,organic,1.63,60903,430,6172,13,54288,51457,2830,0
Baltimore/Washington,Weekly,5/24/2020,organic,1.38,68830,570,5798,4,62459,57938,4520,0
Baltimore/Washington,Weekly,7/12/2020,organic,1.7,58676.96,416.38,5292.37,14.55,52953.66,46810.64,6143.02,0
Baltimore/Washington,Weekly,7/5/2020,organic,1.8,59340.66,331.01,5654.87,26.43,53328.35,46402.81,6925.54,0
Baltimore/Washington,Weekly,6/28/2020,organic,1.8,58663.92,302.14,5730.66,11.88,52619.24,46934.15,5685.09,0
Baltimore/Washington,Weekly,6/21/2020,organic,1.8,60650.27,452.08,5614.8,10.55,54572.84,50368.68,4204.16,0
Boise,Weekly,1/6/2020,organic,1.95,5494.54,2.67,583.05,0,4908.82,4188.36,720.46,0
Boise,Weekly,1/12/2020,organic,1.62,4308.86,6.69,599.67,0,3702.5,2173.57,1528.93,0
Boise,Weekly,1/19/2020,organic,1.48,3442.53,0,475.22,0,2967.31,961.44,2002.88,2.99
Boise,Weekly,1/26/2020,organic,1.62,3605.88,1.35,850.9,0,2753.63,1549.73,1182.89,21.01
Boise,Weekly,2/2/2020,organic,1.43,3629.49,0,540.68,0,3088.81,1304.64,1784.17,0
Boise,Weekly,2/9/2020,organic,1.47,4040.3,0,471.4,0,3568.9,1312.27,2256.63,0
Boise,Weekly,2/16/2020,organic,1.64,4378.11,0,587.9,0,3790.21,1281.44,2502.74,6.03
Boise,Weekly,2/23/2020,organic,1.66,4378.32,0,585.22,0,3793.1,1564.31,2228.79,0
Boise,Weekly,3/1/2020,organic,1.77,3739.3,1.35,904.19,2.7,2831.06,1357.06,1474,0
Boise,Weekly,3/8/2020,organic,1.71,2865.66,0,418.7,1.35,2445.61,1109.78,1334.33,1.5
Boise,Weekly,3/15/2020,organic,1.94,5568.34,1.35,655.38,9.44,4902.17,2560.23,2341.94,0
Boise,Weekly,3/22/2020,organic,1.88,4409,0,569.74,0,3839.26,1111.85,2727.41,0
Boise,Weekly,4/19/2020,organic,1.7,7429.49,0,919.01,7.92,6502.56,2085.05,4417.51,0
Boise,Weekly,4/12/2020,organic,1.72,7267.24,2.64,846.38,2.64,6415.58,3321.43,3048.67,45.48
Boise,Weekly,4/5/2020,organic,1.73,6099.09,6.6,635.12,0,5457.37,2737.32,2720.05,0
Boise,Weekly,3/29/2020,organic,1.86,5539.85,1.32,794.89,7.92,4735.72,2074.35,2661.37,0
Boise,Weekly,5/17/2020,organic,1.79,7237,9,922,1,6305,2319,3986,0
Boise,Weekly,5/10/2020,organic,1.66,7645,0,842,1,6801,2855,3947,0
Boise,Weekly,5/3/2020,organic,1.52,8214,3,836,8,7368,3681,3687,0
Boise,Weekly,4/26/2020,organic,1.55,7609,4,1369,1,6234,2658,3577,0
Boise,Weekly,6/14/2020,organic,1.7,7967,4,1117,0,6846,3090,3755,0
Boise,Weekly,6/7/2020,organic,1.79,7428,0,875,1,6551,2188,4363,0
Boise,Weekly,5/31/2020,organic,1.76,7019,3,628,0,6388,2541,3847,0
Boise,Weekly,5/24/2020,organic,1.78,7789,4,639,3,7144,2129,5015,0
Boise,Weekly,7/12/2020,organic,1.67,8103.79,0,714.65,0,7389.14,1817.41,5473.96,97.77
Boise,Weekly,7/5/2020,organic,1.82,8128.32,0,806.08,0,7322.24,2397.64,4915.73,8.87
Boise,Weekly,6/28/2020,organic,1.77,6531.04,2.65,723.24,2.65,5802.5,2032.24,3767.31,2.95
Boise,Weekly,6/21/2020,organic,1.72,7409.46,60.9,969.1,0,6379.46,1728.15,4651.31,0
Boston,Weekly,1/6/2020,organic,1.7,23220.06,100.46,1850.27,0,21269.33,15568.07,5701.26,0
Boston,Weekly,1/12/2020,organic,1.61,26799.1,45.08,1420.61,0,25333.41,19780.82,5552.59,0
Boston,Weekly,1/19/2020,organic,1.75,24722.07,105.2,1574.12,0,23042.75,17754.72,5288.03,0
Boston,Weekly,1/26/2020,organic,1.7,26924.97,915.01,1539.8,0,24470.16,21847.35,2622.81,0
Boston,Weekly,2/2/2020,organic,1.73,23966.63,56.26,1935.83,0,21974.54,18003.2,3971.34,0
Boston,Weekly,2/9/2020,organic,1.71,25625.3,53.23,1697.28,0,23874.79,18920.43,4954.36,0
Boston,Weekly,2/16/2020,organic,1.77,24494.31,120.88,1464.85,0,22908.58,18007.37,4901.21,0
Boston,Weekly,2/23/2020,organic,1.65,26087.89,137.35,1731.78,0,24218.76,19056.32,5162.44,0
Boston,Weekly,3/1/2020,organic,1.71,31018.67,83.69,1640.39,0,29294.59,23909.27,5385.32,0
Boston,Weekly,3/8/2020,organic,1.84,29797.33,58.26,1415.16,0,28323.91,23429.22,4894.69,0
Boston,Weekly,3/15/2020,organic,1.86,39102.1,76.33,2542.1,0,36483.67,30749.99,5733.68,0
Boston,Weekly,3/22/2020,organic,1.93,32801.64,194.68,1330.59,0,31276.37,27222.25,4054.12,0
Boston,Weekly,4/19/2020,organic,1.9,47137.8,68.09,2293.94,0,44775.77,37458.67,7317.1,0
Boston,Weekly,4/12/2020,organic,1.91,58620.34,204.68,2078.07,0,56337.59,48007.01,8330.58,0
Boston,Weekly,4/5/2020,organic,1.87,57255.75,118.68,2137.51,0,54999.56,45717.72,9281.84,0
Boston,Weekly,3/29/2020,organic,1.86,44509.2,92.17,1838.06,0,42578.97,34705.96,7873.01,0
Boston,Weekly,5/17/2020,organic,2.04,44906,74,2495,0,42337,40460,1877,0
Boston,Weekly,5/10/2020,organic,2.11,42554,98,2670,0,39786,38008,1778,0
Boston,Weekly,5/3/2020,organic,2.1,37432,109,2350,0,34972,32895,2077,0
Boston,Weekly,4/26/2020,organic,2.01,38065,58,2281,0,35726,33269,2456,0
Boston,Weekly,6/14/2020,organic,1.98,43987,147,2706,0,41135,39267,1868,0
Boston,Weekly,6/7/2020,organic,2.02,39892,113,3251,0,36528,34667,1861,0
Boston,Weekly,5/31/2020,organic,2.02,42849,170,2897,0,39782,37626,2157,0
Boston,Weekly,5/24/2020,organic,2.03,47123,49,2634,4,44436,42637,1799,0
Boston,Weekly,7/12/2020,organic,1.96,38841.45,76.48,2041.25,0,36723.72,34687.19,2036.53,0
Boston,Weekly,7/5/2020,organic,1.95,40906.74,91.76,1406.25,0,39408.73,37470.91,1937.82,0
Boston,Weekly,6/28/2020,organic,1.96,41945.44,85.36,1362.16,0,40497.92,38816.48,1681.44,0
Boston,Weekly,6/21/2020,organic,1.94,45162.13,97.5,2436.34,0,42628.29,40233.14,2395.15,0
Buffalo/Rochester,Weekly,1/6/2020,organic,1.13,12334.86,463.19,186.86,0,11684.81,2618.03,9066.78,0
Buffalo/Rochester,Weekly,1/12/2020,organic,1.13,11568.34,589.81,175.08,0,10803.45,2515.19,8288.26,0
Buffalo/Rochester,Weekly,1/19/2020,organic,1.24,11212.74,450.39,154.48,0,10607.87,2266.55,8341.32,0
Buffalo/Rochester,Weekly,1/26/2020,organic,1.31,9885.01,414.89,142.72,0,9327.4,5018.91,4308.49,0
Buffalo/Rochester,Weekly,2/2/2020,organic,1.19,11945.76,1068.74,316.66,0,10560.36,4339.1,6221.26,0
Buffalo/Rochester,Weekly,2/9/2020,organic,1.27,10403.29,516.92,225.36,0,9661.01,4954.59,4706.42,0
Buffalo/Rochester,Weekly,2/16/2020,organic,1.44,11037.36,337.52,250.11,0,10449.73,2643.2,7806.53,0
Buffalo/Rochester,Weekly,2/23/2020,organic,1.1,16699.79,358.97,168.78,0,16172.04,9948.46,6223.58,0
Buffalo/Rochester,Weekly,3/1/2020,organic,1.33,12933.47,487.64,133.09,0,12312.74,9177.16,3135.58,0
Buffalo/Rochester,Weekly,3/8/2020,organic,1.33,13024.99,423.82,213.38,0,12387.79,7566.14,4821.65,0
Buffalo/Rochester,Weekly,3/15/2020,organic,1.34,14029.9,495.76,289.15,0,13244.99,7452.01,5792.98,0
Buffalo/Rochester,Weekly,3/22/2020,organic,1.37,10358.38,832.16,146.28,0,9379.94,3177.49,6202.45,0
Buffalo/Rochester,Weekly,4/19/2020,organic,1.53,17248.23,1449.42,230.42,6.14,15562.25,10731.9,4830.35,0
Buffalo/Rochester,Weekly,4/12/2020,organic,1.54,17051.05,1199.73,245.23,0,15606.09,10254.6,5351.49,0
Buffalo/Rochester,Weekly,4/5/2020,organic,1.49,14450.52,886.12,144.69,0,13419.71,7583.2,5836.51,0
Buffalo/Rochester,Weekly,3/29/2020,organic,1.39,12223.27,751.57,179.02,0,11292.68,3270.89,8021.79,0
Buffalo/Rochester,Weekly,5/17/2020,organic,1.14,4379,651,221,0,3507,3507,0,0
Buffalo/Rochester,Weekly,5/10/2020,organic,1.11,4964,990,253,0,3722,3722,0,0
Buffalo/Rochester,Weekly,5/3/2020,organic,1.22,4607,905,183,1,3518,3518,0,0
Buffalo/Rochester,Weekly,4/26/2020,organic,1.38,6486,1074,197,0,5215,5067,147,0
Buffalo/Rochester,Weekly,6/14/2020,organic,1.59,2323,693,175,0,1456,1456,0,0
Buffalo/Rochester,Weekly,6/7/2020,organic,1.19,4257,805,200,0,3252,3249,3,0
Buffalo/Rochester,Weekly,5/31/2020,organic,1.17,4997,966,198,4,3829,3829,0,0
Buffalo/Rochester,Weekly,5/24/2020,organic,1.2,4345,874,289,0,3182,3182,0,0
Buffalo/Rochester,Weekly,7/12/2020,organic,1.73,13961.75,713.59,246.24,6.28,12995.64,12995.64,0,0
Buffalo/Rochester,Weekly,7/5/2020,organic,1.73,9933.14,772.77,201.97,3.76,8954.64,8943.49,11.15,0
Buffalo/Rochester,Weekly,6/28/2020,organic,1.73,9317.56,702.74,283.1,0,8331.72,8331.72,0,0
Buffalo/Rochester,Weekly,6/21/2020,organic,1.74,12771.38,757,166.36,1.25,11846.77,11846.77,0,0
California,Weekly,1/6/2020,organic,1.71,293342.89,24387.15,16999.51,0,251956.23,210545.95,41410.28,0
California,Weekly,1/12/2020,organic,1.83,316541.21,29175.55,16856.82,0,270508.84,212195.56,58313.28,0
California,Weekly,1/19/2020,organic,1.84,320402.89,27195.67,15838.31,1.61,277367.3,221205.5,56161.8,0
California,Weekly,1/26/2020,organic,1.75,290987.46,20259.32,14072.51,0,256655.63,219141.89,37513.74,0
California,Weekly,2/2/2020,organic,1.73,321898.48,16184.11,18126.79,0,287587.58,235561.49,52026.09,0
California,Weekly,2/9/2020,organic,1.71,314888.81,21975.76,18574.92,0,274338.13,223067.96,51270.17,0
California,Weekly,2/16/2020,organic,1.74,315892.78,28246.45,17057.69,1.63,270587.01,252579.76,18007.25,0
California,Weekly,2/23/2020,organic,1.71,330011.38,33757.95,25311.99,1.63,270939.81,251455.37,19484.44,0
California,Weekly,3/1/2020,organic,1.8,411243.28,35344.08,34667.82,147.3,341084.08,279101.08,61983,0
California,Weekly,3/8/2020,organic,1.97,283270.85,21626.69,26629.96,52.35,234961.85,214744.12,20217.73,0
California,Weekly,3/15/2020,organic,2.04,437620.84,36351.68,35693.57,32.32,365543.27,270425.52,95117.75,0
California,Weekly,3/22/2020,organic,1.94,337173.81,18839.27,27296.62,11.96,291025.96,220085.7,70940.26,0
California,Weekly,4/19/2020,organic,1.73,342183.54,44425.43,32242.95,102.46,265412.7,131355.74,134056.96,0
California,Weekly,4/12/2020,organic,1.8,366172.47,54279.67,29063.76,126.11,282702.93,144479.07,138223.86,0
California,Weekly,4/5/2020,organic,1.8,393090.3,48136.88,29274.56,165.52,315513.34,189056.6,126456.74,0
California,Weekly,3/29/2020,organic,1.84,329228.15,28755.65,27373.58,78.82,273020.1,158161.68,114858.42,0
California,Weekly,5/17/2020,organic,1.75,420591,31149,30605,69,358767,192439,166327,0
California,Weekly,5/10/2020,organic,1.68,407827,34010,25468,49,348300,189001,159299,0
California,Weekly,5/3/2020,organic,1.9,317945,32996,43945,90,240914,153276,87638,0
California,Weekly,4/26/2020,organic,1.68,337922,27385,49064,58,261414,132291,129123,0
California,Weekly,6/14/2020,organic,1.82,403721,36201,27213,103,340205,186548,153657,0
California,Weekly,6/7/2020,organic,1.83,407543,45119,23436,66,338922,193680,145242,0
California,Weekly,5/31/2020,organic,1.8,381607,43883,24946,82,312695,191433,121263,0
California,Weekly,5/24/2020,organic,1.84,450992,35537,23071,63,392321,231234,161087,0
California,Weekly,7/12/2020,organic,1.85,386818.7,36136.47,24195.88,31.64,326454.71,186688.9,139765.81,0
California,Weekly,7/5/2020,organic,1.89,414696.02,39940.81,25555.73,41.1,349158.38,170142.42,179015.96,0
California,Weekly,6/28/2020,organic,1.72,366012.79,42054.24,22398.26,82.23,301478.06,155740.17,145737.89,0
California,Weekly,6/21/2020,organic,1.73,422817.15,35646.66,23902.64,50.6,363217.25,182394.85,180822.4,0
Charlotte,Weekly,1/6/2020,organic,1.5,17694.92,13.5,3954.94,39.99,13686.49,6703.19,6983.3,0
Charlotte,Weekly,1/12/2020,organic,1.66,13131.17,13.35,3780.85,71.86,9265.11,4520.35,4744.76,0
Charlotte,Weekly,1/19/2020,organic,1.6,14710.8,128.78,3690.57,59.34,10832.11,4325.76,6506.35,0
Charlotte,Weekly,1/26/2020,organic,1.68,14841.13,173.46,3983.25,67.46,10616.96,7445.83,3171.13,0
Charlotte,Weekly,2/2/2020,organic,1.53,16890.31,79.14,3295.98,33.19,13482,4832.01,8649.99,0
Charlotte,Weekly,2/9/2020,organic,1.62,15341.49,129.96,3645.35,47.04,11519.14,4064.3,7454.84,0
Charlotte,Weekly,2/16/2020,organic,1.59,14271.31,124.29,3320.44,68.68,10757.9,3745,7012.9,0
Charlotte,Weekly,2/23/2020,organic,1.51,15863.61,191.81,3384.93,53.37,12233.5,4048.54,8184.96,0
Charlotte,Weekly,3/1/2020,organic,1.45,17077.99,157.69,3615.94,49.47,13254.89,5046.8,8208.09,0
Charlotte,Weekly,3/8/2020,organic,1.55,18902.2,76.58,4614.95,27.94,14182.73,5597.51,8585.22,0
Charlotte,Weekly,3/15/2020,organic,1.46,22202.77,120.58,4907.15,57.02,17118.02,5193.97,11924.05,0
Charlotte,Weekly,3/22/2020,organic,1.5,19492.45,157.64,4320.04,58.93,14955.84,6809.11,8146.73,0
Charlotte,Weekly,4/19/2020,organic,1.64,22006.64,120.33,4908.22,50.16,16927.93,8197.34,8730.59,0
Charlotte,Weekly,4/12/2020,organic,1.59,21863.58,127.9,4940.38,57.88,16737.42,7276.25,9461.17,0
Charlotte,Weekly,4/5/2020,organic,1.61,23755.74,158.34,4694.71,27.01,18875.68,7161.61,11714.07,0
Charlotte,Weekly,3/29/2020,organic,1.62,19482.21,105.35,4555.85,51.21,14769.8,6170.06,8599.74,0
Charlotte,Weekly,5/17/2020,organic,1.57,21593,180,4250,57,17107,10804,6303,0
Charlotte,Weekly,5/10/2020,organic,1.57,22675,130,3994,77,18474,7289,11185,0
Charlotte,Weekly,5/3/2020,organic,1.37,24064,211,4211,85,19557,6047,13511,0
Charlotte,Weekly,4/26/2020,organic,1.6,21401,114,4463,67,16756,5957,10800,0
Charlotte,Weekly,6/14/2020,organic,1.55,21854,140,4590,42,17082,11035,6047,0
Charlotte,Weekly,6/7/2020,organic,1.56,23073,157,4944,42,17931,9821,8109,0
Charlotte,Weekly,5/31/2020,organic,1.57,22253,146,4942,74,17090,6783,10307,0
Charlotte,Weekly,5/24/2020,organic,1.54,21542,79,4702,54,16707,10946,5761,0
Charlotte,Weekly,7/12/2020,organic,1.68,19780.85,184.52,4795.2,52.83,14748.3,12943.67,1804.63,0
Charlotte,Weekly,7/5/2020,organic,1.72,16017.43,202.57,4950.24,78.24,10786.38,9782.17,1004.21,0
Charlotte,Weekly,6/28/2020,organic,1.59,20379.23,194.55,4766.6,46.99,15371.09,12639.43,2731.66,0
Charlotte,Weekly,6/21/2020,organic,1.66,18665.37,158.02,5199.41,45.85,13262.09,9267.17,3994.92,0
