data/data sets/avocado0915.csv
region,Timeframe,Date,type,AveragePrice,Total Volume,4046,4225,4770,Total Bags,Small Bags,Large Bags,XLarge Bags
Chicago,Weekly,1/6/2020,organic,1.11,126287.98,2199.43,29062.22,0,95026.33,90095.37,4930.96,0
Chicago,Weekly,1/12/2020,organic,1.54,111494.93,1927.63,14216.71,0,95350.59,91791.56,3559.03,0
Chicago,Weekly,1/19/2020,organic,1.51,68483.87,1157.38,8004.7,0,59302.48,58845.79,456.69,0
Chicago,Weekly,1/26/2020,organic,1.52,19211.02,328.59,4606.77,0,14275.66,14083.07,192.59,0
Chicago,Weekly,2/2/2020,organic,1.02,99504.91,1688.41,11413.13,0,86403.37,83578.74,2824.63,0
Chicago,Weekly,2/9/2020,organic,1.15,121001.71,2002.58,11584.41,0,107414.72,106823.56,591.16,0
Chicago,Weekly,2/16/2020,organic,1.48,67075.1,1141.4,6243.68,0,59690.02,58753.63,936.39,0
Chicago,Weekly,2/23/2020,organic,1.48,43078.54,795.28,5030.26,0,37253,36820.88,432.12,0
Chicago,Weekly,3/1/2020,organic,1.55,41140.89,542.73,4229.54,0,36368.62,34087.67,2280.95,0
Chicago,Weekly,3/8/2020,organic,1.7,44497.26,534.61,3830.7,0,40131.95,35744.19,4387.76,0
Chicago,Weekly,3/15/2020,organic,1.99,47346.67,576.23,4017.61,0,42752.83,37971.64,4781.19,0
Chicago,Weekly,3/22/2020,organic,1.79,27300.78,627.12,4035.21,0,22638.45,22441.18,197.27,0
Chicago,Weekly,4/19/2020,organic,1.76,116078.67,1908.26,11071.23,0,103099.18,20798.81,82300.37,0
Chicago,Weekly,4/12/2020,organic,1.83,77833.55,990.14,6771.51,0,70071.9,13048.69,57023.21,0
Chicago,Weekly,4/5/2020,organic,1.89,70822.08,855.32,6366.72,0,63600.04,27352.12,36247.92,0
Chicago,Weekly,3/29/2020,organic,1.94,54095.68,778.7,5481.82,0,47835.16,33725.99,14109.17,0
Chicago,Weekly,5/17/2020,organic,1.58,107361,1685,10804,0,94873,14540,80333,0
Chicago,Weekly,5/10/2020,organic,1.64,119967,1911,13079,0,104977,38294,66683,0
Chicago,Weekly,5/3/2020,organic,1.72,103746,2327,14302,0,87116,48582,38535,0
Chicago,Weekly,4/26/2020,organic,1.66,110470,2113,14744,0,93613,29459,64153,0
Chicago,Weekly,6/14/2020,organic,1.76,81448,995,6599,0,73853,19483,54371,0
Chicago,Weekly,6/7/2020,organic,1.81,60502,788,4039,0,55674,13092,42582,0
Chicago,Weekly,5/31/2020,organic,1.76,64304,996,4834,0,58474,11168,47306,0
Chicago,Weekly,5/24/2020,organic,1.55,87366,1046,5436,0,80884,11457,69427,0
Chicago,Weekly,7/12/2020,organic,1.79,72740.3,829.56,5339.53,0,66571.21,10128.06,56443.15,0
Chicago,Weekly,7/5/2020,organic,1.87,64130.23,781.52,3784,0,59564.71,12458.01,47106.7,0
Chicago,Weekly,6/28/2020,organic,1.85,58925.11,642.08,4058.8,0,54224.23,12584.39,41639.84,0
Chicago,Weekly,6/21/2020,organic,1.78,83088.51,1023.74,6300.79,0,75763.98,17862.05,57901.93,0
Cincinnati/Dayton,Weekly,1/6/2020,organic,1.2,19579.1,81.88,3376.36,0,16120.86,2181.13,13939.73,0
Cincinnati/Dayton,Weekly,1/12/2020,organic,1.08,24158.49,119.21,3448.59,0,20590.69,5940.61,14650.08,0
Cincinnati/Dayton,Weekly,1/19/2020,organic,1.09,35235.94,113.4,2681.76,0,32440.78,19056.77,13384.01,0
Cincinnati/Dayton,Weekly,1/26/2020,organic,1.26,25846.73,85.86,2160.98,0,23599.89,17080.55,6519.34,0
Cincinnati/Dayton,Weekly,2/2/2020,organic,1.2,23358.77,58.09,2421.69,0,20878.99,9923.6,10955.39,0
Cincinnati/Dayton,Weekly,2/9/2020,organic,1.15,12651.31,43.73,2253.56,0,10354.02,5518.88,4835.14,0
Cincinnati/Dayton,Weekly,2/16/2020,organic,1.21,16405.09,88.75,2010.81,0,14305.53,10716.44,3589.09,0
Cincinnati/Dayton,Weekly,2/23/2020,organic,1.06,31825.49,98.3,2069.23,0,29657.96,26182.96,3475,0
Cincinnati/Dayton,Weekly,3/1/2020,organic,1.02,22817.64,84.9,2244.96,0,20487.78,17368.09,3119.69,0
Cincinnati/Dayton,Weekly,3/8/2020,organic,1.43,21765.5,92.91,2314.68,0,19357.91,8430.86,10927.05,0
Cincinnati/Dayton,Weekly,3/15/2020,organic,1.48,40530.12,91,2541.81,0,37897.31,23684.49,14212.82,0
Cincinnati/Dayton,Weekly,3/22/2020,organic,1.2,19373.11,152.43,2528.37,0,16692.31,13726.27,2966.04,0
Cincinnati/Dayton,Weekly,4/19/2020,organic,1.65,19229.38,267.41,2777.74,0,16184.23,3182.91,13001.32,0
Cincinnati/Dayton,Weekly,4/12/2020,organic,1.58,20268.64,298.71,3199.33,0,16770.6,2967.59,13803.01,0
Cincinnati/Dayton,Weekly,4/5/2020,organic,1.39,18515.51,122.25,2631.98,0,15761.28,3525.54,12235.74,0
Cincinnati/Dayton,Weekly,3/29/2020,organic,1.42,16736.01,88.85,2510.7,0,14136.46,3167.25,10969.21,0
Cincinnati/Dayton,Weekly,5/17/2020,organic,1.63,19844,120,2298,0,17425,2962,14463,0
Cincinnati/Dayton,Weekly,5/10/2020,organic,1.5,26877,204,3856,0,22817,3712,19106,0
Cincinnati/Dayton,Weekly,5/3/2020,organic,1.49,26511,271,5117,0,21122,3950,17173,0
Cincinnati/Dayton,Weekly,4/26/2020,organic,1.7,25550,196,3033,0,22320,3517,18803,0
Cincinnati/Dayton,Weekly,6/14/2020,organic,1.52,26564,137,3129,0,23299,4071,19228,0
Cincinnati/Dayton,Weekly,6/7/2020,organic,1.47,27550,190,3332,0,24028,3292,20736,0
Cincinnati/Dayton,Weekly,5/31/2020,organic,1.55,25566,191,3242,0,22133,2440,19693,0
Cincinnati/Dayton,Weekly,5/24/2020,organic,1.62,21274,182,2666,0,18427,3333,15094,0
Cincinnati/Dayton,Weekly,7/12/2020,organic,1.59,23451.54,113.5,3093.53,0,20244.51,2516.21,17728.3,0
Cincinnati/Dayton,Weekly,7/5/2020,organic,1.46,25528.14,118.07,3461.98,0,21948.09,1958.62,19989.47,0
Cincinnati/Dayton,Weekly,6/28/2020,organic,1.34,26690.09,139.72,3183.94,0,23366.43,3169.96,20196.47,0
Cincinnati/Dayton,Weekly,6/21/2020,organic,1.56,27117.66,86.49,2957.85,0,24073.32,3989.29,20084.03,0
Columbus,Weekly,1/6/2020,organic,1.19,15200.51,571.06,1526.58,0,13102.87,6368.04,6734.83,0
Columbus,Weekly,1/12/2020,organic,1.17,17117.41,442.75,1891.56,0,14783.1,7839.49,6943.61,0
Columbus,Weekly,1/19/2020,organic,0.96,17676.94,655.34,1362.19,0,15659.41,11806.52,3852.89,0
Columbus,Weekly,1/26/2020,organic,1.07,24200.19,455.64,952.36,0,22792.19,19513.1,3279.09,0
Columbus,Weekly,2/2/2020,organic,0.91,22617.32,624.69,1034.72,0,20957.91,16470.24,4487.67,0
Columbus,Weekly,2/9/2020,organic,0.92,15346.85,427.67,1040.6,0,13878.58,11958.76,1919.82,0
Columbus,Weekly,2/16/2020,organic,1.02,26771.29,365.81,816.36,0,25589.12,22815.76,2773.36,0
Columbus,Weekly,2/23/2020,organic,1.02,33227.01,504.35,779.97,0,31942.69,28737.94,3204.75,0
Columbus,Weekly,3/1/2020,organic,0.96,24512.19,397.98,993.96,0,23120.25,20727.81,2392.44,0
Columbus,Weekly,3/8/2020,organic,1.19,16712.89,489.78,1100.04,0,15123.07,11100.63,4022.44,0
Columbus,Weekly,3/15/2020,organic,1.31,27353.96,747.51,941.25,0,25665.2,20206.77,5458.43,0
Columbus,Weekly,3/22/2020,organic,1.14,27017.6,655.03,1058.09,0,25304.48,23180.06,2124.42,0
Columbus,Weekly,4/19/2020,organic,1.3,14748.97,949.67,1159.69,0,12639.61,5155.93,7483.68,0
Columbus,Weekly,4/12/2020,organic,1.32,16742.32,1201.76,1390.49,0,14150.07,5870.51,8279.56,0
Columbus,Weekly,4/5/2020,organic,1.23,18004.19,1414.37,1332.51,0,15257.31,8001.01,7256.3,0
Columbus,Weekly,3/29/2020,organic,1.25,15283.04,1136.95,1796.39,0,12349.7,6963.07,5386.63,0
Columbus,Weekly,5/17/2020,organic,1.28,15488,960,966,0,13562,5346,8216,0
Columbus,Weekly,5/10/2020,organic,1.26,18536,1044,1545,0,15946,5619,10327,0
Columbus,Weekly,5/3/2020,organic,1.33,17843,1345,1841,0,14657,5534,9123,0
Columbus,Weekly,4/26/2020,organic,1.34,18159,1150,872,0,16136,6797,9339,0
Columbus,Weekly,6/14/2020,organic,1.3,18445,792,1102,0,16551,6831,9720,0
Columbus,Weekly,6/7/2020,organic,1.27,20021,703,1275,0,18042,7163,10879,0
Columbus,Weekly,5/31/2020,organic,1.29,20108,920,1260,0,17927,7489,10439,0
Columbus,Weekly,5/24/2020,organic,1.3,17497,904,1041,0,15552,6859,8693,0
Columbus,Weekly,7/12/2020,organic,1.38,13372.38,849.32,1159.79,0,11363.27,2714.83,8648.44,0
Columbus,Weekly,7/5/2020,organic,1.44,14441.05,885.78,1387.14,0,12168.13,2681.21,9486.92,0
Columbus,Weekly,6/28/2020,organic,1.44,14314.7,867.38,1224.25,0,12223.07,2501.82,9721.25,0
Columbus,Weekly,6/21/2020,organic,1.38,17124.09,996.81,942.46,0,15184.82,5237.26,9947.56,0
Dallas/Ft. Worth,Weekly,1/6/2020,organic,1.25,33244,3355.85,62.46,248.38,29577.31,19540.64,10036.67,0
Dallas/Ft. Worth,Weekly,1/12/2020,organic,1.29,37496.97,3554.67,76.76,350.79,33514.75,21078.08,12436.67,0
Dallas/Ft. Worth,Weekly,1/19/2020,organic,1.27,37051.88,3837.75,64.37,353.87,32795.89,20772.56,12023.33,0
Dallas/Ft. Worth,Weekly,1/26/2020,organic,1.23,36624.89,5398.9,48.44,316.37,30861.18,17788.01,13073.17,0
Dallas/Ft. Worth,Weekly,2/2/2020,organic,1.23,33979.46,6302.43,49.74,327.9,27299.39,15682.72,11616.67,0
Dallas/Ft. Worth,Weekly,2/9/2020,organic,1.23,36242.67,6471.47,45.18,408.09,29317.93,17186.5,12131.43,0
Dallas/Ft. Worth,Weekly,2/16/2020,organic,1.25,37490.4,4236.51,53.51,330.65,32869.73,20313.06,12556.67,0
Dallas/Ft. Worth,Weekly,2/23/2020,organic,1.26,35129.45,929.67,167.59,1004.75,33027.44,23229.38,9798.06,0
Dallas/Ft. Worth,Weekly,3/1/2020,organic,1.29,34709.05,5129.07,152.32,523.87,28903.79,28357.13,546.66,0
Dallas/Ft. Worth,Weekly,3/8/2020,organic,1.3,35695.94,4579.3,107.82,374.99,30633.83,26767.17,3866.66,0
Dallas/Ft. Worth,Weekly,3/15/2020,organic,1.37,52972.01,3724.97,127.68,543.33,48576.03,45172.7,3403.33,0
Dallas/Ft. Worth,Weekly,3/22/2020,organic,1.39,49582.8,4579.31,53.11,295.75,44654.63,40457.96,4196.67,0
Dallas/Ft. Worth,Weekly,4/19/2020,organic,1.18,60307.6,8903.22,179.32,455.93,50769.13,31524.07,19245.06,0
Dallas/Ft. Worth,Weekly,4/12/2020,organic,1.27,60828.32,7169.35,204.32,371.14,53083.51,35595.32,17488.19,0
Dallas/Ft. Worth,Weekly,4/5/2020,organic,1.26,56163.64,5666.43,177.94,567.14,49752.13,32259.39,17492.74,0
Dallas/Ft. Worth,Weekly,3/29/2020,organic,1.22,53023.92,5496.11,100.34,410.13,47017.34,25999.28,21018.06,0
Dallas/Ft. Worth,Weekly,5/17/2020,organic,1.22,53006,5451,171,387,46997,25968,21030,0
Dallas/Ft. Worth,Weekly,5/10/2020,organic,1.18,52438,7065,123,304,44946,24012,20934,0
Dallas/Ft. Worth,Weekly,5/3/2020,organic,1.17,49086,6650,142,338,41957,16369,25587,0
Dallas/Ft. Worth,Weekly,4/26/2020,organic,1.2,54351,6708,160,373,47110,26131,20979,0
Dallas/Ft. Worth,Weekly,6/14/2020,organic,1.24,59782,3808,321,436,55217,38186,17031,0
Dallas/Ft. Worth,Weekly,6/7/2020,organic,1.28,61572,5076,245,529,55722,40356,15365,0
Dallas/Ft. Worth,Weekly,5/31/2020,organic,1.26,59144,5501,272,213,53157,38592,14565,0
Dallas/Ft. Worth,Weekly,5/24/2020,organic,1.2,55672,4379,229,248,50815,32333,18482,0
Dallas/Ft. Worth,Weekly,7/12/2020,organic,1.23,52835.92,2782.82,277.6,309.53,49465.97,35167.49,14298.48,0
Dallas/Ft. Worth,Weekly,7/5/2020,organic,1.28,62872.53,4273.27,251.75,532.55,57814.96,36992.54,20822.42,0
Dallas/Ft. Worth,Weekly,6/28/2020,organic,1.25,59006.34,3482.1,203.48,514.17,54806.59,33188.24,21618.35,0
Dallas/Ft. Worth,Weekly,6/21/2020,organic,1.27,60230.65,3865.55,217.05,607.18,55540.87,40619.29,14921.58,0
Denver,Weekly,1/6/2020,organic,1.5,37216.76,7909.3,1285.84,11.81,28009.81,27916.66,93.15,0
Denver,Weekly,1/12/2020,organic,1.05,175557.89,29102.47,2712.47,7.1,143735.85,143030.68,705.17,0
Denver,Weekly,1/19/2020,organic,0.94,184687.76,33617.38,2664.95,0,148405.43,147640.43,765,0
Denver,Weekly,1/26/2020,organic,1.22,66422.11,8719.15,1736.76,0,55966.2,55721.51,244.69,0
Denver,Weekly,2/2/2020,organic,1.3,64312.26,6711.01,1798.46,0,55802.79,55645.37,157.42,0
Denver,Weekly,2/9/2020,organic,1.42,46659.01,5270.9,1523.86,0,39864.25,39683.74,180.51,0
Denver,Weekly,2/16/2020,organic,1.66,33742.79,3071.22,1167.73,2.4,29501.44,29292.41,209.03,0
Denver,Weekly,2/23/2020,organic,1.57,35935.81,3010.33,1247.84,0,31677.64,31559.89,117.75,0
Denver,Weekly,3/1/2020,organic,1.53,36173.87,3189.47,1139.33,3.57,31841.5,31687.99,153.51,0
Denver,Weekly,3/8/2020,organic,1.45,37831.92,3458.62,1245.58,0,33127.72,32941.94,185.78,0
Denver,Weekly,3/15/2020,organic,1.52,48029.15,4049.51,1294.72,27.07,42657.85,42432.79,225.06,0
Denver,Weekly,3/22/2020,organic,1.5,19605.82,3101.46,826.62,189.62,15488.12,15480.64,7.48,0
Denver,Weekly,4/19/2020,organic,1.38,51132.77,17911.44,1491.91,2.32,31727.1,10387.53,21339.57,0
Denver,Weekly,4/12/2020,organic,1.34,49055.88,17242.53,2014.76,6.95,29791.64,5912.56,23879.08,0
Denver,Weekly,4/5/2020,organic,1.34,44795.69,13546.59,2099.43,33.59,29116.08,7504.47,21611.61,0
Denver,Weekly,3/29/2020,organic,1.22,30958.07,1564.04,1107.26,94.99,28191.78,8801.69,19390.09,0
Denver,Weekly,5/17/2020,organic,1.4,43277,8162,1825,0,33290,14575,18715,0
Denver,Weekly,5/10/2020,organic,1.38,50008,12365,2048,1,35594,17676,17918,0
Denver,Weekly,5/3/2020,organic,1.36,42492,7837,1878,1,32776,15003,17774,0
Denver,Weekly,4/26/2020,organic,1.43,43288,11432,1589,0,30268,17733,12535,0
Denver,Weekly,6/14/2020,organic,1.27,59359,6708,1811,3,50837,27176,23660,0
Denver,Weekly,6/7/2020,organic,1.33,69149,6260,1975,2,60911,34046,26865,0
Denver,Weekly,5/31/2020,organic,1.46,56181,4472,1777,3,49929,29886,20043,0
Denver,Weekly,5/24/2020,organic,1.35,48358,3504,1632,2,43220,19986,23234,0
Denver,Weekly,7/12/2020,organic,1.41,52885.67,23120.76,2311.47,8.04,27445.4,17406.99,10038.41,0
Denver,Weekly,7/5/2020,organic,1.35,56736.68,17639.72,2522.02,2.29,36572.65,18716.28,17856.37,0
Denver,Weekly,6/28/2020,organic,1.38,52140.7,19791.5,2413.44,2.29,29933.47,16982.58,12950.89,0
Denver,Weekly,6/21/2020,organic,1.31,61814.66,13052.83,2130.01,1.14,46630.68,21310.68,25320,0
Detroit,Weekly,1/6/2020,organic,1.31,32078.09,353.52,4662.66,0,27061.91,11217.28,15844.63,0
Detroit,Weekly,1/12/2020,organic,1.35,34817.3,1652.65,4019.23,0,29142.49,12863.85,16278.64,0
Detroit,Weekly,1/19/2020,organic,0.98,37159.25,768.78,2462.57,0,33927.9,25492.45,8435.45,0
Detroit,Weekly,1/26/2020,organic,1.15,30744.51,441.25,2112.02,0,28191.24,21986.87,6204.37,0
Detroit,Weekly,2/2/2020,organic,0.79,43920.88,360.25,2026.23,0,41534.4,34042.79,7491.61,0
Detroit,Weekly,2/9/2020,organic,1.1,17609.93,308.3,1957.21,0,15344.42,11683.29,3661.13,0
Detroit,Weekly,2/16/2020,organic,1.09,30452.36,359.23,1674.04,0,28419.09,25457.32,2961.77,0
Detroit,Weekly,2/23/2020,organic,0.85,50360.72,362.77,1916.1,0,48073.01,45002.45,3070.56,0
Detroit,Weekly,3/1/2020,organic,1.5,39176.25,352.16,5109.86,0,33693.36,11880.11,21813.25,0
Detroit,Weekly,3/8/2020,organic,1.57,47107.04,380.95,5077.42,0,41641.81,15203.69,26438.12,0
Detroit,Weekly,3/15/2020,organic,1.33,57517.66,421.33,2821.39,0,54262.63,42097.68,12164.95,0
Detroit,Weekly,3/22/2020,organic,1.21,32805.69,465.9,2318.36,0,30012.45,26370.06,3642.39,0
Detroit,Weekly,4/19/2020,organic,1.5,23779.72,443.32,2206.05,0,21130.35,6546.98,14583.37,0
Detroit,Weekly,4/12/2020,organic,1.46,25863.76,521.65,2429.99,0,22912.12,7716.75,15195.37,0
Detroit,Weekly,4/5/2020,organic,1.45,27359.47,573.12,2484.24,0,24286.35,7443.48,16842.87,0
Detroit,Weekly,3/29/2020,organic,1.43,18782.29,473.75,2054.44,0,16244.27,2429.03,13815.24,0
Detroit,Weekly,5/17/2020,organic,1.57,23674,880,2041,0,20738,7085,13653,0
Detroit,Weekly,5/10/2020,organic,1.52,27910,497,3653,0,23754,5541,18212,0
Detroit,Weekly,5/3/2020,organic,1.45,29777,566,3493,0,25705,7199,18506,0
Detroit,Weekly,4/26/2020,organic,1.61,26275,546,2180,0,23550,9167,14382,0
Detroit,Weekly,6/14/2020,organic,1.49,30462,389,2334,7,27714,6247,21467,0
Detroit,Weekly,6/7/2020,organic,1.44,32202,467,2939,0,28792,3958,24834,0
Detroit,Weekly,5/31/2020,organic,1.46,32640,555,2939,0,29146,5002,24143,0
Detroit,Weekly,5/24/2020,organic,1.5,26897,1409,2138,0,23328,3578,19750,0
Detroit,Weekly,7/12/2020,organic,1.52,26914.01,407.62,2918.76,0,23574.72,5532.2,18042.52,0
Detroit,Weekly,7/5/2020,organic,1.44,27473.7,347.33,3020.64,0,24105.73,5484.56,18621.17,0
Detroit,Weekly,6/28/2020,organic,1.39,25931.07,372.5,2517.92,0,23037.05,4939.63,18097.42,0
Detroit,Weekly,6/21/2020,organic,1.48,32297.89,394.5,2788.83,0,29090.08,5244.91,23845.17,0
Grand Rapids,Weekly,1/6/2020,organic,1.26,8158.28,11.46,2190.09,0,5956.73,5878.39,78.34,0
Grand Rapids,Weekly,1/12/2020,organic,1.24,8352.56,10.87,1585.57,0,6756.12,6712.27,43.85,0
Grand Rapids,Weekly,1/19/2020,organic,1.26,6001.24,2,992.33,0,5006.91,4914.64,92.27,0
Grand Rapids,Weekly,1/26/2020,organic,0.85,17958.91,14.12,1081.36,0,16863.43,16857.16,6.27,0
Grand Rapids,Weekly,2/2/2020,organic,1.05,8913.64,0,783.27,0,8130.37,8125.66,4.71,0
Grand Rapids,Weekly,2/9/2020,organic,1.21,8621.96,1.43,1122.63,0,7497.9,7450.23,47.67,0
Grand Rapids,Weekly,2/16/2020,organic,1.22,6802.77,52.88,826.57,0,5923.32,5918.53,4.79,0
Grand Rapids,Weekly,2/23/2020,organic,1.2,9106.98,137.05,917.5,0,8052.43,8052.43,0,0
Grand Rapids,Weekly,3/1/2020,organic,1.03,14686.38,14.43,1710.84,0,12961.11,12914.63,46.48,0
Grand Rapids,Weekly,3/8/2020,organic,0.9,21512.73,23.5,1751.06,0,19738.17,19383.97,354.2,0
Grand Rapids,Weekly,3/15/2020,organic,0.9,25547.89,4.43,1672.71,0,23870.75,23558.79,311.96,0
Grand Rapids,Weekly,3/22/2020,organic,0.97,18804.39,18.47,2028.41,0,16757.51,16752.69,4.82,0
Grand Rapids,Weekly,4/19/2020,organic,1.62,8398.04,28.82,1398.57,0,6970.65,6842.51,128.14,0
Grand Rapids,Weekly,4/12/2020,organic,1.58,11256.57,26.28,1957.71,0,9272.58,8442.06,830.52,0
Grand Rapids,Weekly,4/5/2020,organic,1.49,13714.97,98.06,1427.04,0,12189.87,11856.49,333.38,0
Grand Rapids,Weekly,3/29/2020,organic,1.24,12165.86,74.64,1334.83,0,10756.39,7879.55,2876.84,0
Grand Rapids,Weekly,5/17/2020,organic,1.61,5850,44,819,0,4987,4973,15,0
Grand Rapids,Weekly,5/10/2020,organic,1.56,9310,66,1425,0,7820,7732,88,0
Grand Rapids,Weekly,5/3/2020,organic,1.54,9679,48,1264,0,8366,8301,65,0
Grand Rapids,Weekly,4/26/2020,organic,1.53,9949,26,1275,0,8649,8615,34,0
Grand Rapids,Weekly,6/14/2020,organic,1.54,10071,44,1877,0,8149,8076,74,0
Grand Rapids,Weekly,6/7/2020,organic,1.55,10305,31,1703,0,8571,8458,113,0
Grand Rapids,Weekly,5/31/2020,organic,1.57,10404,34,1629,0,8742,8659,83,0
Grand Rapids,Weekly,5/24/2020,organic,1.53,8701,104,1050,0,7548,7501,47,0
Grand Rapids,Weekly,7/12/2020,organic,1.63,8953.35,76.77,2459.61,0,6416.97,6318.55,98.42,0
Grand Rapids,Weekly,7/5/2020,organic,1.58,10649.02,32.55,2116.58,0,8499.89,8390.08,109.81,0
Grand Rapids,Weekly,6/28/2020,organic,1.58,10304.31,22.17,2957.77,0,7324.37,7137.6,186.77,0
Grand Rapids,Weekly,6/21/2020,organic,1.51,8903.02,11.79,1529.97,0,7361.26,7110.68,250.58,0
