data/data sets/avocado0915.csv
region,Timeframe,Date,type,AveragePrice,Total Volume,4046,4225,4770,Total Bags,Small Bags,Large Bags,XLarge Bags
Great Lakes,Weekly,1/6/2020,organic,1.17,300121.53,6051.63,50497.61,0,243537.01,176156.83,67380.18,0
Great Lakes,Weekly,1/12/2020,organic,1.34,300004.17,7315.27,35011.14,46.26,257602.48,190024.71,67577.77,0
Great Lakes,Weekly,1/19/2020,organic,1.18,280264.36,8031.67,23300.86,78.76,248798.3,203024.91,45773.39,0
Great Lakes,Weekly,1/26/2020,organic,1.16,237532.71,4135.7,17574.93,0,215806.89,184643,31163.89,0
Great Lakes,Weekly,2/2/2020,organic,0.98,330185.56,6459.48,24267.7,0,299448.23,256141.02,43307.21,0
Great Lakes,Weekly,2/9/2020,organic,1.12,268307.79,5314.39,23978.45,0,238983.42,218867.26,20116.16,0
Great Lakes,Weekly,2/16/2020,organic,1.21,264315.88,4680.18,16997.26,7.82,242505.86,222607.13,19898.73,0
Great Lakes,Weekly,2/23/2020,organic,1.04,364393.92,5917.77,18432.77,6.26,339988.16,315204.97,24783.19,0
Great Lakes,Weekly,3/1/2020,organic,1.18,292516.93,4189.08,22453.68,0,265798.47,220371.29,45427.18,0
Great Lakes,Weekly,3/8/2020,organic,1.34,290622.19,5766.14,21693.14,4.74,263061.95,195045.36,68016.59,0
Great Lakes,Weekly,3/15/2020,organic,1.4,366263.59,5883.17,19665.51,9.48,340625.96,280485.57,60140.39,0
Great Lakes,Weekly,3/22/2020,organic,1.23,273682.46,5873.35,20159.32,7.64,247493.92,228713.76,18780.16,0
Great Lakes,Weekly,4/19/2020,organic,1.58,302078.51,8000.31,27466.93,0,266611.27,100005.03,166606.24,0
Great Lakes,Weekly,4/12/2020,organic,1.55,278972.5,8222.64,25120.43,6.2,245623.23,99700.51,145922.72,0
Great Lakes,Weekly,4/5/2020,organic,1.51,270875.6,9197.44,24254.02,0,237406.56,123966.4,113440.16,0
Great Lakes,Weekly,3/29/2020,organic,1.5,216866.82,7289.75,21342.46,4.65,188219,102850.55,85368.45,0
Great Lakes,Weekly,5/17/2020,organic,1.51,286553,8418,24268,0,253849,88886,164964,0
Great Lakes,Weekly,5/10/2020,organic,1.5,335892,8308,34895,3,292679,119506,173173,0
Great Lakes,Weekly,5/3/2020,organic,1.51,318935,11047,37534,2,270338,136244,134094,0
Great Lakes,Weekly,4/26/2020,organic,1.56,316357,9350,30581,0,276426,116873,159553,0
Great Lakes,Weekly,6/14/2020,organic,1.55,290084,6618,23935,8,259504,95960,163544,0
Great Lakes,Weekly,6/7/2020,organic,1.5,282160,5990,22534,0,253632,91375,162257,0
Great Lakes,Weekly,5/31/2020,organic,1.5,288795,7522,23244,0,258029,93926,164103,0
Great Lakes,Weekly,5/24/2020,organic,1.48,286395,8332,19893,5,258141,91570,166571,0
Great Lakes,Weekly,7/12/2020,organic,1.59,254135.86,6708.81,24096.57,12.53,223303.86,72405.65,150898.21,0
Great Lakes,Weekly,7/5/2020,organic,1.56,267427.27,7573.15,23736.33,0,236117.79,82246.44,153871.35,0
Great Lakes,Weekly,6/28/2020,organic,1.52,250240.76,6862.32,23779.32,14.07,219581.12,74756.68,144824.44,0
Great Lakes,Weekly,6/21/2020,organic,1.56,291970.49,7220.35,23435.89,34.37,261253.14,89710.54,171542.6,0
Harrisburg/Scranton,Weekly,1/6/2020,organic,1.21,11579.85,582.73,372.14,0,10624.98,10419.84,205.14,0
Harrisburg/Scranton,Weekly,1/12/2020,organic,1.06,17591.57,533.12,289.61,0,16768.84,16435.84,333,0
Harrisburg/Scranton,Weekly,1/19/2020,organic,0.92,24327.57,1043.36,426.44,0,22857.77,22843.31,14.46,0
Harrisburg/Scranton,Weekly,1/26/2020,organic,1.01,20504.03,411.54,409.97,0,19682.52,19469.94,212.58,0
Harrisburg/Scranton,Weekly,2/2/2020,organic,1.01,21424.29,466.53,592.36,0,20365.4,20016.3,349.1,0
Harrisburg/Scranton,Weekly,2/9/2020,organic,1.06,19216.54,489.13,421.12,0,18306.29,18094.04,212.25,0
Harrisburg/Scranton,Weekly,2/16/2020,organic,1.04,20809.98,415.28,421.08,0,19973.62,19781.63,191.99,0
Harrisburg/Scranton,Weekly,2/23/2020,organic,1,19605.94,410.4,356.55,0,18838.99,18834.14,4.85,0
Harrisburg/Scranton,Weekly,3/1/2020,organic,1.2,19304.62,899.8,462.63,0,17942.19,17119.77,822.42,0
Harrisburg/Scranton,Weekly,3/8/2020,organic,1.32,18646.77,653.46,381.52,0,17611.79,17022.86,588.93,0
Harrisburg/Scranton,Weekly,3/15/2020,organic,1.38,18888.08,649.67,458.09,0,17780.32,17241.92,538.4,0
Harrisburg/Scranton,Weekly,3/22/2020,organic,1.43,17614.93,619.98,543.35,0,16451.6,15730.84,720.76,0
Harrisburg/Scranton,Weekly,4/19/2020,organic,1.38,24095.36,605.04,661.72,0,22828.6,21742.97,1085.63,0
Harrisburg/Scranton,Weekly,4/12/2020,organic,1.42,22284.91,120.61,549.78,0,21614.52,18751.38,2863.14,0
Harrisburg/Scranton,Weekly,4/5/2020,organic,1.43,22634.25,467.6,520.02,0,21646.63,20115.06,1531.57,0
Harrisburg/Scranton,Weekly,3/29/2020,organic,1.15,24439.85,390.66,486.02,0,23563.17,23171.77,391.4,0
Harrisburg/Scranton,Weekly,5/17/2020,organic,1.28,23023,1700,823,13,20487,20238,249,0
Harrisburg/Scranton,Weekly,5/10/2020,organic,1.28,19984,767,867,3,18348,18208,140,0
Harrisburg/Scranton,Weekly,5/3/2020,organic,1.24,21427,432,485,0,20511,20392,118,0
Harrisburg/Scranton,Weekly,4/26/2020,organic,1.3,25267,364,485,0,24418,22378,2040,0
Harrisburg/Scranton,Weekly,6/14/2020,organic,1.45,12306,417,618,0,11272,11191,80,0
Harrisburg/Scranton,Weekly,6/7/2020,organic,1.26,16742,647,495,0,15600,15489,110,0
Harrisburg/Scranton,Weekly,5/31/2020,organic,1.25,15344,613,603,0,14128,14029,99,0
Harrisburg/Scranton,Weekly,5/24/2020,organic,1.28,17406,805,553,0,16048,15834,214,0
Harrisburg/Scranton,Weekly,7/12/2020,organic,1.62,12066.55,403.05,451.31,0,11212.19,11069.82,142.37,0
Harrisburg/Scranton,Weekly,7/5/2020,organic,1.61,13496.61,480.19,640.27,0,12376.15,12224.38,151.77,0
Harrisburg/Scranton,Weekly,6/28/2020,organic,1.58,14089.45,358.49,591.53,0,13139.43,13035.15,104.28,0
Harrisburg/Scranton,Weekly,6/21/2020,organic,1.6,13630.53,469.7,494.54,0,12666.29,12581.02,85.27,0
Hartford/Springfield,Weekly,1/6/2020,organic,2,12614.08,588.78,7150.78,8.46,4866.06,4808.11,57.95,0
Hartford/Springfield,Weekly,1/12/2020,organic,2.04,12158.92,623.19,6726.4,0,4809.33,4725.83,83.5,0
Hartford/Springfield,Weekly,1/19/2020,organic,1.82,16669.09,1848.86,9995.81,0,4824.42,4522.13,302.29,0
Hartford/Springfield,Weekly,1/26/2020,organic,2.06,12936.58,581.36,5950.85,0,6404.37,6277.5,126.87,0
Hartford/Springfield,Weekly,2/2/2020,organic,1.9,14346.53,417.74,8386.15,1.41,5541.23,5367.76,173.47,0
Hartford/Springfield,Weekly,2/9/2020,organic,2.08,11003.12,253.12,5245.27,7.06,5497.67,5471,26.67,0
Hartford/Springfield,Weekly,2/16/2020,organic,2.07,10348.85,199.79,4969.53,0,5179.53,5174.84,4.69,0
Hartford/Springfield,Weekly,2/23/2020,organic,2.11,11071.26,291.28,5750.24,0,5029.74,4989.08,40.66,0
Hartford/Springfield,Weekly,3/1/2020,organic,1.9,17989.41,1161.04,10037.04,0,6791.33,6449.18,342.15,0
Hartford/Springfield,Weekly,3/8/2020,organic,2.06,13016.28,549.25,6698.07,0,5768.96,5650.7,118.26,0
Hartford/Springfield,Weekly,3/15/2020,organic,2.13,15724.77,468.06,8421.75,0,6834.96,6717.59,117.37,0
Hartford/Springfield,Weekly,3/22/2020,organic,2.04,13385.11,497.06,5027.61,1.35,7859.09,7760.43,98.66,0
Hartford/Springfield,Weekly,4/19/2020,organic,2.05,17625.68,870.18,7053.9,0,9701.6,9681.89,19.71,0
Hartford/Springfield,Weekly,4/12/2020,organic,1.98,18000.5,606.58,5570.33,2.73,11820.86,11820.86,0,0
Hartford/Springfield,Weekly,4/5/2020,organic,2.05,20633.1,884.94,8264.82,2.73,11480.61,11480.61,0,0
Hartford/Springfield,Weekly,3/29/2020,organic,1.98,18285.1,554.8,6043.13,0,11687.17,11687.17,0,0
Hartford/Springfield,Weekly,5/17/2020,organic,2.03,21980,2632,9397,1,9949,9599,350,0
Hartford/Springfield,Weekly,5/10/2020,organic,2.12,19497,1571,9396,0,8530,8350,180,0
Hartford/Springfield,Weekly,5/3/2020,organic,2.17,14770,864,6994,4,6908,6899,9,0
Hartford/Springfield,Weekly,4/26/2020,organic,2.1,16878,759,7371,3,8745,8682,64,0
Hartford/Springfield,Weekly,6/14/2020,organic,2.08,21916,474,9620,3,11820,11804,15,0
Hartford/Springfield,Weekly,6/7/2020,organic,2.13,22500,895,11351,3,10252,10038,214,0
Hartford/Springfield,Weekly,5/31/2020,organic,2.16,19331,607,10543,1,8180,8008,172,0
Hartford/Springfield,Weekly,5/24/2020,organic,2.11,20633,1221,9868,0,9544,9371,173,0
Hartford/Springfield,Weekly,7/12/2020,organic,2.05,16564.57,380.39,6237.05,0,9947.13,9947.13,0,0
Hartford/Springfield,Weekly,7/5/2020,organic,1.99,15421.2,458.39,4682.52,0,10280.29,10280.29,0,0
Hartford/Springfield,Weekly,6/28/2020,organic,1.96,16408.74,550.22,4578.28,34.78,11245.46,11245.46,0,0
Hartford/Springfield,Weekly,6/21/2020,organic,2.1,20968.35,565.04,9336.17,0,11067.14,11067.14,0,0
Houston,Weekly,1/6/2020,organic,1.59,16699.15,10327.96,31,0,6340.19,6340.19,0,0
Houston,Weekly,1/12/2020,organic,1.53,21093.88,6518.18,26.8,0,14548.9,14548.9,0,0
Houston,Weekly,1/19/2020,organic,1.53,13752.43,2395.67,27.05,0,11329.71,11329.71,0,0
Houston,Weekly,1/26/2020,organic,1.61,11980.38,3033.17,34.94,0,8912.27,8912.27,0,0
Houston,Weekly,2/2/2020,organic,1.46,15030.12,3544.4,36.1,0,11449.62,11449.62,0,0
Houston,Weekly,2/9/2020,organic,1.43,14230.39,3328.93,32.11,0,10869.35,10869.35,0,0
Houston,Weekly,2/16/2020,organic,1.46,17429.88,3120.73,32.91,0,14276.24,14276.24,0,0
Houston,Weekly,2/23/2020,organic,1.37,16004.69,283.86,29.36,0,15691.47,15691.47,0,0
Houston,Weekly,3/1/2020,organic,1.54,21679.1,4161.37,22.76,0,17494.97,17494.97,0,0
Houston,Weekly,3/8/2020,organic,1.61,26784.73,4437.75,27.35,0,22319.63,22314.56,5.07,0
Houston,Weekly,3/15/2020,organic,1.63,33993.66,5582.03,158.41,2.28,28250.94,28238.3,12.64,0
Houston,Weekly,3/22/2020,organic,1.63,34543.63,12504.64,59.61,0,21979.38,21979.38,0,0
Houston,Weekly,4/19/2020,organic,1.23,43463.31,11221.41,31.65,0,32210.25,12167.81,20042.44,0
Houston,Weekly,4/12/2020,organic,1.31,47718.57,9319.01,36.34,0,38363.22,17507.02,20856.2,0
Houston,Weekly,4/5/2020,organic,1.23,46923.38,7843.7,45.53,0,39034.15,15776.88,23257.27,0
Houston,Weekly,3/29/2020,organic,1.41,32872.5,7864.45,22.6,2.26,24983.19,18784.6,6198.59,0
Houston,Weekly,5/17/2020,organic,1.29,39048,5882,9,0,33157,14281,18877,0
Houston,Weekly,5/10/2020,organic,1.26,38397,6957,18,0,31422,14255,17167,0
Houston,Weekly,5/3/2020,organic,1.21,33869,7031,0,0,26838,10049,16789,0
Houston,Weekly,4/26/2020,organic,1.24,41200,7465,58,0,33677,14264,19413,0
Houston,Weekly,6/14/2020,organic,1.31,36182,4130,2,0,32050,15488,16561,0
Houston,Weekly,6/7/2020,organic,1.28,38045,5182,11,0,32852,16351,16501,0
Houston,Weekly,5/31/2020,organic,1.24,36429,5360,23,2,31044,14844,16200,0
Houston,Weekly,5/24/2020,organic,1.28,36588,5352,11,0,31225,13214,18012,0
Houston,Weekly,7/12/2020,organic,1.28,38003.67,3515.42,17.9,0,34470.35,19511.52,14958.83,0
Houston,Weekly,7/5/2020,organic,1.31,41369.11,4763.74,22.42,6.73,36576.22,21830.96,14745.26,0
Houston,Weekly,6/28/2020,organic,1.26,39950.23,4540.29,0,0,35409.94,20464.76,14945.18,0
Houston,Weekly,6/21/2020,organic,1.3,36774.13,3965.17,0,0,32808.96,15558.29,17250.67,0
Indianapolis,Weekly,1/6/2020,organic,1.23,8698.99,185.29,1260.7,0,7253,2829.33,4423.67,0
Indianapolis,Weekly,1/12/2020,organic,1.13,11253.5,249.23,1188.12,0,9816.15,5430.87,4385.28,0
Indianapolis,Weekly,1/19/2020,organic,1.08,13658.65,260.83,1083.83,0,12313.99,8264.51,4049.48,0
Indianapolis,Weekly,1/26/2020,organic,1.32,9568.75,252.49,810.91,0,8505.35,5345.85,3159.5,0
Indianapolis,Weekly,2/2/2020,organic,0.95,13359.18,220,931.18,0,12208,8884.17,3323.83,0
Indianapolis,Weekly,2/9/2020,organic,1.23,6868.21,230.13,883.32,0,5754.76,4275.26,1479.5,0
Indianapolis,Weekly,2/16/2020,organic,1.12,11603.15,195.04,713.45,0,10694.66,8943.25,1751.41,0
Indianapolis,Weekly,2/23/2020,organic,0.84,31427.88,191.78,907.83,0,30328.27,26449.87,3878.4,0
Indianapolis,Weekly,3/1/2020,organic,0.9,20510.45,216.5,718.68,0,19575.27,16300.24,3275.03,0
Indianapolis,Weekly,3/8/2020,organic,1.33,14613.03,282.48,701.53,0,13629.02,10169.42,3459.6,0
Indianapolis,Weekly,3/15/2020,organic,1.4,16329.3,388.2,842.26,0,15098.84,10762.38,4336.46,0
Indianapolis,Weekly,3/22/2020,organic,1.13,19476.15,320.78,1039.54,0,18115.83,16208.51,1907.32,0
Indianapolis,Weekly,4/19/2020,organic,1.51,11337.82,328.07,1014.64,0,9995.11,3029.06,6966.05,0
Indianapolis,Weekly,4/12/2020,organic,1.47,11799.86,457.58,1083.47,0,10258.81,3680.42,6578.39,0
Indianapolis,Weekly,4/5/2020,organic,1.47,10759.31,549.98,1555.79,0,8653.54,3230.23,5423.31,0
Indianapolis,Weekly,3/29/2020,organic,1.47,8535.84,300.39,740.51,0,7494.94,1596.95,5897.99,0
Indianapolis,Weekly,5/17/2020,organic,1.5,11083,314,801,0,9967,2723,7244,0
Indianapolis,Weekly,5/10/2020,organic,1.41,14732,344,1395,0,12993,3765,9227,0
Indianapolis,Weekly,5/3/2020,organic,1.35,14480,430,1531,0,12518,3818,8700,0
Indianapolis,Weekly,4/26/2020,organic,1.52,12251,340,970,0,10941,3103,7838,0
Indianapolis,Weekly,6/14/2020,organic,1.48,13217,307,1030,0,11880,3699,8181,0
Indianapolis,Weekly,6/7/2020,organic,1.45,13518,357,1178,0,11984,2826,9158,0
Indianapolis,Weekly,5/31/2020,organic,1.47,13318,362,1297,0,11659,3323,8336,0
Indianapolis,Weekly,5/24/2020,organic,1.53,10950,250,805,0,9895,2481,7414,0
Indianapolis,Weekly,7/12/2020,organic,1.54,9397.53,212.36,987.86,0,8197.31,3206.16,4991.15,0
Indianapolis,Weekly,7/5/2020,organic,1.42,11365.03,270.35,1016.03,0,10078.65,3264.26,6814.39,0
Indianapolis,Weekly,6/28/2020,organic,1.38,11752.34,389.21,909.57,0,10453.56,2860.2,7593.36,0
Indianapolis,Weekly,6/21/2020,organic,1.45,14146.79,328.38,1182.89,26.83,12608.69,3262.08,9346.61,0
Jacksonville,Weekly,1/6/2020,organic,1.21,2794.63,54.17,175.2,0,2565.26,2523.33,41.93,0
Jacksonville,Weekly,1/12/2020,organic,1.2,3146.34,64.78,175.45,0,2906.11,2891.11,15,0
Jacksonville,Weekly,1/19/2020,organic,1.2,3394.66,46.63,179.88,0,3168.15,3141.1,27.05,0
Jacksonville,Weekly,1/26/2020,organic,1.19,3554.03,59.8,204.23,0,3290,3290,0,0
Jacksonville,Weekly,2/2/2020,organic,1.21,3478.18,53.43,159.71,0,3265.04,3224.44,40.6,0
Jacksonville,Weekly,2/9/2020,organic,1.21,3272.68,20.88,201.55,0,3050.25,3006.67,43.58,0
Jacksonville,Weekly,2/16/2020,organic,1.21,4025.43,24.18,251.22,0,3750.03,3745.55,4.48,0
Jacksonville,Weekly,2/23/2020,organic,1.2,4239.28,32.28,220.57,0,3986.43,3972.98,13.45,0
Jacksonville,Weekly,3/1/2020,organic,1.15,4751.65,66.76,209.28,0,4475.61,4333.09,142.52,0
Jacksonville,Weekly,3/8/2020,organic,1.11,5813.31,47.89,304.48,0,5460.94,5387.07,73.87,0
Jacksonville,Weekly,3/15/2020,organic,1.17,5122.12,109.44,283.02,0,4729.66,4729.66,0,0
Jacksonville,Weekly,3/22/2020,organic,1.04,4377.12,138.44,379.83,0,3858.85,3858.85,0,0
Jacksonville,Weekly,4/19/2020,organic,1.53,5349.63,152.4,422.9,0,4774.33,4668.64,105.69,0
Jacksonville,Weekly,4/12/2020,organic,1.41,2725.02,89.98,430.61,0,2204.43,2188.72,15.71,0
Jacksonville,Weekly,4/5/2020,organic,1.34,4030.89,141.83,375.34,0,3513.72,3376.61,137.11,0
Jacksonville,Weekly,3/29/2020,organic,1.22,5760.6,100.13,376.79,0,5283.68,5242.7,40.98,0
Jacksonville,Weekly,5/17/2020,organic,1.29,4837,125,275,0,4437,4369,68,0
Jacksonville,Weekly,5/10/2020,organic,1.28,4842,104,244,0,4494,4406,88,0
Jacksonville,Weekly,5/3/2020,organic,1.3,4763,186,270,0,4308,4261,46,0
Jacksonville,Weekly,4/26/2020,organic,1.42,5241,111,357,0,4772,4709,63,0
Jacksonville,Weekly,6/14/2020,organic,1.27,4834,102,303,0,4429,4429,0,0
Jacksonville,Weekly,6/7/2020,organic,1.26,5048,166,251,0,4631,4631,0,0
Jacksonville,Weekly,5/31/2020,organic,1.35,3729,302,314,0,3113,3113,0,0
Jacksonville,Weekly,5/24/2020,organic,1.31,5031,247,296,0,4488,4488,0,0
Jacksonville,Weekly,7/12/2020,organic,1.38,5136.61,86.86,342.42,0,4707.33,4171.61,535.72,0
Jacksonville,Weekly,7/5/2020,organic,1.22,5572.18,94.24,376.94,0,5101,5057.57,43.43,0
Jacksonville,Weekly,6/28/2020,organic,1.28,4665.17,48.27,343.85,0,4273.05,4215.56,57.49,0
Jacksonville,Weekly,6/21/2020,organic,1.29,4807.45,50.12,345.16,0,4412.17,4368.89,43.28,0
Las Vegas,Weekly,1/6/2020,organic,1.3,16064.45,1898.51,565.45,0,13600.49,12031.3,1569.19,0
Las Vegas,Weekly,1/12/2020,organic,1.36,12324.71,1319.86,470.01,0,10534.84,9141.19,1393.65,0
Las Vegas,Weekly,1/19/2020,organic,1.34,13413.17,1589.9,875.54,0,10947.73,10836.94,110.79,0
Las Vegas,Weekly,1/26/2020,organic,1.51,13529.68,1520.33,471.59,0,11537.76,10246.07,1291.69,0
Las Vegas,Weekly,2/2/2020,organic,1.5,13281.81,839.84,491.28,0,11950.69,10546.38,1404.31,0
Las Vegas,Weekly,2/9/2020,organic,1.51,11853.9,841.53,514.27,0,10498.1,8614.27,1883.83,0
Las Vegas,Weekly,2/16/2020,organic,1.52,10762.63,1020.06,442.07,0,9300.5,7967.26,1333.24,0
Las Vegas,Weekly,2/23/2020,organic,1.56,13084.26,1729.19,522.84,0,10832.23,9379.9,1452.33,0
Las Vegas,Weekly,3/1/2020,organic,1.65,10183.79,479.51,566.45,0,9137.83,7533.42,1604.41,0
Las Vegas,Weekly,3/8/2020,organic,1.65,10593.85,659.6,485.16,0,9449.09,8003,1446.09,0
Las Vegas,Weekly,3/15/2020,organic,1.59,10881.67,550.43,525.85,0,9805.39,9696.23,109.16,0
Las Vegas,Weekly,3/22/2020,organic,1.54,11243.26,752.41,464.22,0,10026.63,9361.43,665.2,0
Las Vegas,Weekly,4/19/2020,organic,1.42,17154.05,932.09,899.27,0,15322.69,7698.2,7624.49,0
Las Vegas,Weekly,4/12/2020,organic,1.49,16511.14,1226.16,924.22,0,14360.76,5801.26,8559.5,0
Las Vegas,Weekly,4/5/2020,organic,1.49,16390.59,615.71,807.38,0,14967.5,7315.29,7652.21,0
Las Vegas,Weekly,3/29/2020,organic,1.4,11348.5,624.9,1013.49,0,9710.11,5719.18,3990.93,0
Las Vegas,Weekly,5/17/2020,organic,1.47,20032,772,550,0,18710,9018,9691,0
Las Vegas,Weekly,5/10/2020,organic,1.49,19621,734,571,0,18316,8852,9464,0
Las Vegas,Weekly,5/3/2020,organic,1.5,16043,650,651,0,14742,6976,7766,0
Las Vegas,Weekly,4/26/2020,organic,1.49,12006,459,568,0,10978,6349,4628,0
Las Vegas,Weekly,6/14/2020,organic,1.5,16833,777,514,0,15543,8383,7160,0
Las Vegas,Weekly,6/7/2020,organic,1.48,15324,757,497,0,14070,5476,8595,0
Las Vegas,Weekly,5/31/2020,organic,1.48,16630,854,565,0,15210,4847,10363,0
Las Vegas,Weekly,5/24/2020,organic,1.5,19807,762,549,0,18496,9110,9387,0
Las Vegas,Weekly,7/12/2020,organic,1.46,18682.64,822.31,311.06,0,17549.27,9588.67,7960.6,0
Las Vegas,Weekly,7/5/2020,organic,1.48,18343.77,671.79,310.59,0,17361.39,9544.8,7816.59,0
Las Vegas,Weekly,6/28/2020,organic,1.47,18247.46,674.65,323.73,0,17249.08,10079.37,7169.71,0
Las Vegas,Weekly,6/21/2020,organic,1.43,19987.53,752.33,525.6,0,18709.6,10538.2,8171.4,0
