data/data sets/avocado0915.csv
region,Timeframe,Date,type,AveragePrice,Total Volume,4046,4225,4770,Total Bags,Small Bags,Large Bags,XLarge Bags
Los Angeles,Weekly,1/6/2020,organic,1.56,123537.29,13617.74,2064.03,0,107855.52,84073.47,23782.05,0
Los Angeles,Weekly,1/12/2020,organic,1.78,151586.44,15641.55,1962.3,0,133982.59,98496.8,35485.79,0
Los Angeles,Weekly,1/19/2020,organic,1.8,149635.06,12823.78,1999.56,1.62,134810.1,100415.81,34394.29,0
Los Angeles,Weekly,1/26/2020,organic,1.64,131989.56,10736.93,1881.37,0,119371.26,95170.54,24200.72,0
Los Angeles,Weekly,2/2/2020,organic,1.63,134778.12,8054.88,1703.18,0,125020.06,93396.15,31623.91,0
Los Angeles,Weekly,2/9/2020,organic,1.57,131489.66,10333.65,1861.42,0,119294.59,86630.79,32663.8,0
Los Angeles,Weekly,2/16/2020,organic,1.58,137579.08,12627.7,1950.48,1.64,122999.26,111807.22,11192.04,0
Los Angeles,Weekly,2/23/2020,organic,1.55,145429.78,14161.46,1833.2,1.64,129433.48,116780.84,12652.64,0
Los Angeles,Weekly,3/1/2020,organic,1.69,194378.69,11812.7,9640.45,57.83,172867.71,135303.17,37564.54,0
Los Angeles,Weekly,3/8/2020,organic,1.94,103060.35,7047.67,3511.31,11.62,92489.75,79034.64,13455.11,0
Los Angeles,Weekly,3/15/2020,organic,2.1,187548.61,11473.26,3680.99,1.64,172392.72,108462.15,63930.57,0
Los Angeles,Weekly,3/22/2020,organic,1.98,143956.48,6650.97,2450.46,12.08,134842.97,87518.02,47324.95,0
Los Angeles,Weekly,4/19/2020,organic,1.59,189722.88,14802.54,7181.34,15.92,167723.08,66092.71,101630.37,0
Los Angeles,Weekly,4/12/2020,organic,1.58,195864.44,17769.35,3963.35,44.58,174087.16,69026.71,105060.45,0
Los Angeles,Weekly,4/5/2020,organic,1.63,199221,15713.81,5445.59,31.84,178029.76,79515,98514.76,0
Los Angeles,Weekly,3/29/2020,organic,1.7,151064.25,6239.64,5730.17,31.84,139062.6,48523.81,90538.79,0
Los Angeles,Weekly,5/17/2020,organic,1.59,216945,10646,8273,11,198016,76148,121867,0
Los Angeles,Weekly,5/10/2020,organic,1.47,229894,12112,3655,11,214115,94812,119302,0
Los Angeles,Weekly,5/3/2020,organic,1.73,165443,10894,16098,68,138383,82228,56155,0
Los Angeles,Weekly,4/26/2020,organic,1.53,196946,10716,16694,46,169490,73290,96199,0
Los Angeles,Weekly,6/14/2020,organic,1.73,198419,9592,2341,14,186472,74195,112277,0
Los Angeles,Weekly,6/7/2020,organic,1.68,201582,10007,2284,26,189265,80829,108436,0
Los Angeles,Weekly,5/31/2020,organic,1.64,189144,9876,2540,11,176717,86603,90113,0
Los Angeles,Weekly,5/24/2020,organic,1.69,229258,11139,3086,45,214989,93798,121192,0
Los Angeles,Weekly,7/12/2020,organic,1.74,179453.27,9943.34,2297.49,8.04,167204.4,64674.41,102529.99,0
Los Angeles,Weekly,7/5/2020,organic,1.78,192707.41,11227.38,2389.74,16.06,179074.23,53319.1,125755.13,0
Los Angeles,Weekly,6/28/2020,organic,1.58,175853.92,8882.64,2755.32,0,164215.96,57237.58,106978.38,0
Los Angeles,Weekly,6/21/2020,organic,1.66,198345.26,9146.84,2521.78,1.61,186675.03,52178.6,134496.43,0
Louisville,Weekly,1/6/2020,organic,0.92,11720.86,0,1125,0,10595.86,7495.5,3100.36,0
Louisville,Weekly,1/12/2020,organic,1.05,8423.95,0,968.7,0,7455.25,4102.97,3352.28,0
Louisville,Weekly,1/19/2020,organic,1.12,4461.15,0,755.47,0,3705.68,2069.42,1636.26,0
Louisville,Weekly,1/26/2020,organic,1.29,6063.2,0,677.55,0,5385.65,3877.31,1508.34,0
Louisville,Weekly,2/2/2020,organic,1.2,6091.23,2.4,819.84,0,5268.99,3102.51,2166.48,0
Louisville,Weekly,2/9/2020,organic,1.11,4776.62,0,877.09,0,3899.53,2783.85,1115.68,0
Louisville,Weekly,2/16/2020,organic,0.95,9627.89,6.06,728,0,8893.83,7024.35,1869.48,0
Louisville,Weekly,2/23/2020,organic,1.13,6232.27,0,811.08,0,5421.19,4085.48,1335.71,0
Louisville,Weekly,3/1/2020,organic,1.07,6775.42,0,671.99,0,6103.43,5209.31,894.12,0
Louisville,Weekly,3/8/2020,organic,1.06,12055.36,1.21,845.89,0,11208.26,8262.31,2945.95,0
Louisville,Weekly,3/15/2020,organic,1.13,12007.53,7.28,877.33,0,11122.92,8325.76,2797.16,0
Louisville,Weekly,3/22/2020,organic,1.02,12927.05,0,582.01,0,12345.04,11305.35,1039.69,0
Louisville,Weekly,4/19/2020,organic,1.22,11805.57,0,975.01,0,10830.56,4006.27,6824.29,0
Louisville,Weekly,4/12/2020,organic,1.21,10324.28,1.2,930.59,0,9392.49,3400.71,5991.78,0
Louisville,Weekly,4/5/2020,organic,1.19,10774.03,0,676.03,0,10098,3816.71,6281.29,0
Louisville,Weekly,3/29/2020,organic,1.18,8440.71,0,487.51,0,7953.2,3331.62,4621.58,0
Louisville,Weekly,5/17/2020,organic,1.24,11446,4,806,0,10636,4283,6353,0
Louisville,Weekly,5/10/2020,organic,1.25,12800,1,1246,0,11553,4053,7499,0
Louisville,Weekly,5/3/2020,organic,1.29,13278,7,1657,0,11613,4219,7394,0
Louisville,Weekly,4/26/2020,organic,1.35,15014,5,1231,0,13779,4598,9181,0
Louisville,Weekly,6/14/2020,organic,1.2,13468,0,1005,0,12462,4412,8051,0
Louisville,Weekly,6/7/2020,organic,1.25,12671,6,1010,0,11655,3828,7827,0
Louisville,Weekly,5/31/2020,organic,1.2,13361,3,1167,0,12190,4270,7920,0
Louisville,Weekly,5/24/2020,organic,1.2,13185,7,985,0,12193,5114,7079,0
Louisville,Weekly,7/12/2020,organic,1.57,9362.92,3,1176.65,0,8183.27,253.56,7929.71,0
Louisville,Weekly,7/5/2020,organic,1.5,11022.47,1.23,1190.03,0,9831.21,824.82,9006.39,0
Louisville,Weekly,6/28/2020,organic,1.49,9591.72,1.22,880.19,0,8710.31,1127.92,7582.39,0
Louisville,Weekly,6/21/2020,organic,1.36,11573.98,0,1095.63,0,10478.35,2044.75,8433.6,0
Miami/Ft. Lauderdale,Weekly,1/6/2020,organic,1.19,10196.25,627.89,7.25,0,9561.11,9561.11,0,0
Miami/Ft. Lauderdale,Weekly,1/12/2020,organic,1.18,11472.65,520.85,2.91,0,10948.89,10948.89,0,0
Miami/Ft. Lauderdale,Weekly,1/19/2020,organic,1.18,10393.73,447.49,2.91,0,9943.33,9943.33,0,0
Miami/Ft. Lauderdale,Weekly,1/26/2020,organic,1.18,10938.61,674.17,0,0,10264.44,10264.44,0,0
Miami/Ft. Lauderdale,Weekly,2/2/2020,organic,1.15,9505.88,238.09,0,0,9267.79,9267.79,0,0
Miami/Ft. Lauderdale,Weekly,2/9/2020,organic,1.15,11429.08,431.3,0,0,10997.78,10997.78,0,0
Miami/Ft. Lauderdale,Weekly,2/16/2020,organic,1.16,11991.18,511.18,0,0,11480,11480,0,0
Miami/Ft. Lauderdale,Weekly,2/23/2020,organic,1.16,13396.75,465.88,0,0,12930.87,12930.87,0,0
Miami/Ft. Lauderdale,Weekly,3/1/2020,organic,1.11,15801.26,358.78,4.94,0,15437.54,15434.21,3.33,0
Miami/Ft. Lauderdale,Weekly,3/8/2020,organic,1.18,15229.36,379.94,2.9,0,14846.52,14836.52,10,0
Miami/Ft. Lauderdale,Weekly,3/15/2020,organic,1.21,18949.73,948.59,6.79,0,17994.35,17991.02,3.33,0
Miami/Ft. Lauderdale,Weekly,3/22/2020,organic,1.14,17489.74,369.44,4.75,0,17115.55,17115.55,0,0
Miami/Ft. Lauderdale,Weekly,4/19/2020,organic,1.28,15483.04,714.47,1.41,0,14767.16,14767.16,0,0
Miami/Ft. Lauderdale,Weekly,4/12/2020,organic,1.38,7688.09,714.71,14.05,0,6959.33,6959.33,0,0
Miami/Ft. Lauderdale,Weekly,4/5/2020,organic,1.26,13942.59,659.89,0,0,13282.7,13276.46,6.24,0
Miami/Ft. Lauderdale,Weekly,3/29/2020,organic,1.21,14997.87,612.59,4.79,0,14380.49,14380.49,0,0
Miami/Ft. Lauderdale,Weekly,5/17/2020,organic,1.24,18090,396,8,0,17686,17684,1,0
Miami/Ft. Lauderdale,Weekly,5/10/2020,organic,1.23,18286,379,0,0,17907,17907,0,0
Miami/Ft. Lauderdale,Weekly,5/3/2020,organic,1.3,14662,701,0,0,13961,13961,0,0
Miami/Ft. Lauderdale,Weekly,4/26/2020,organic,1.3,15016,710,1,0,14304,14304,0,0
Miami/Ft. Lauderdale,Weekly,6/14/2020,organic,1.23,16203,391,1,0,15811,15511,300,0
Miami/Ft. Lauderdale,Weekly,6/7/2020,organic,1.26,17335,540,0,0,16794,16794,0,0
Miami/Ft. Lauderdale,Weekly,5/31/2020,organic,1.37,18577,1436,14,0,17128,17128,0,0
Miami/Ft. Lauderdale,Weekly,5/24/2020,organic,1.34,19681,1291,6,0,18384,18381,3,0
Miami/Ft. Lauderdale,Weekly,7/12/2020,organic,1.46,11165.53,263.56,86.75,0,10815.22,9263,1552.22,0
Miami/Ft. Lauderdale,Weekly,7/5/2020,organic,1.15,16925.99,275.31,4.67,0,16646.01,16639.34,6.67,0
Miami/Ft. Lauderdale,Weekly,6/28/2020,organic,1.22,15260.88,308.67,4.87,0,14947.34,14944.01,3.33,0
Miami/Ft. Lauderdale,Weekly,6/21/2020,organic,1.21,16345.66,330.11,0,0,16015.55,15982.22,33.33,0
Midsouth,Weekly,1/6/2020,organic,1.24,244521.86,770.96,28279.6,177.28,215294.02,167039.79,48254.23,0
Midsouth,Weekly,1/12/2020,organic,1.34,219745.34,1021.41,29845.14,291.67,188587.12,138326.69,50260.43,0
Midsouth,Weekly,1/19/2020,organic,1.37,199667.06,2811.93,28829.12,477.68,167548.33,128948.07,38600.26,0
Midsouth,Weekly,1/26/2020,organic,1.39,219646.26,2716.73,26877.31,436.93,189615.29,166216.12,23399.17,0
Midsouth,Weekly,2/2/2020,organic,1.41,218102.74,1757.25,25247.2,269.18,190829.11,142734.43,48094.68,0
Midsouth,Weekly,2/9/2020,organic,1.44,182891.9,2140.21,25404.55,283.24,155063.9,121929.24,33134.66,0
Midsouth,Weekly,2/16/2020,organic,1.31,224120.49,2576.43,24438.93,419.21,196685.92,161047.35,35638.57,0
Midsouth,Weekly,2/23/2020,organic,1.38,215342.83,2752.42,25178.86,356.36,187055.19,152947.16,34108.03,0
Midsouth,Weekly,3/1/2020,organic,1.39,204712.2,2911.9,25436.48,342.28,176008.05,145042.19,30965.86,0
Midsouth,Weekly,3/8/2020,organic,1.37,264192.11,1891.81,28880.68,167.82,233251.8,179207.74,54044.06,0
Midsouth,Weekly,3/15/2020,organic,1.46,291154.92,2852.41,33763.36,262.65,254276.5,197163.6,57112.9,0
Midsouth,Weekly,3/22/2020,organic,1.47,243318.88,2805.96,28587.09,301.59,211624.24,174611.91,37012.33,0
Midsouth,Weekly,4/19/2020,organic,1.44,324406.66,2596.47,32817.55,290.08,288702.56,195214.11,93488.45,0
Midsouth,Weekly,4/12/2020,organic,1.45,305812.22,2899.7,33654.37,223.63,269026.61,167825.36,101201.25,0
Midsouth,Weekly,4/5/2020,organic,1.49,316908.63,3388.9,32592.39,238.91,280682.66,172599.9,108072.02,10.74
Midsouth,Weekly,3/29/2020,organic,1.43,255834.33,2991.23,30057.3,313.18,222472.62,139771.08,82692.62,8.92
Midsouth,Weekly,5/17/2020,organic,1.45,317813,3306,31349,273,282884,189524,93360,0
Midsouth,Weekly,5/10/2020,organic,1.45,339792,3226,34018,304,302245,183047,119198,0
Midsouth,Weekly,5/3/2020,organic,1.34,360779,4273,37478,421,318606,190820,127786,0
Midsouth,Weekly,4/26/2020,organic,1.46,345078,1913,32589,269,310307,181906,128401,0
Midsouth,Weekly,6/14/2020,organic,1.44,309589,2979,36691,201,269719,150687,119032,0
Midsouth,Weekly,6/7/2020,organic,1.44,315280,2896,34948,219,277217,153434,123783,0
Midsouth,Weekly,5/31/2020,organic,1.44,303419,2959,34926,312,265222,143147,122074,0
Midsouth,Weekly,5/24/2020,organic,1.37,323658,2980,36039,264,284375,183672,100703,0
Midsouth,Weekly,7/12/2020,organic,1.59,283237.48,2895.94,34640.1,222.48,245478.96,141232.96,104246,0
Midsouth,Weekly,7/5/2020,organic,1.57,295498.92,3407.49,34333.61,321.96,257435.86,151757.42,105678.44,0
Midsouth,Weekly,6/28/2020,organic,1.54,294346.78,2552.84,33764.87,213.38,257815.69,159252.59,98563.1,0
Midsouth,Weekly,6/21/2020,organic,1.53,284153.67,2985.91,35629.36,255.42,245282.98,137083.11,108199.87,0
Nashville,Weekly,1/6/2020,organic,1.14,19720.43,76.88,1542.89,0,18100.66,11870.44,6230.22,0
Nashville,Weekly,1/12/2020,organic,1.22,18870.64,34.51,1826.84,0,17009.29,7822.15,9187.14,0
Nashville,Weekly,1/19/2020,organic,1.26,11348.07,47.44,1226.89,0,10073.74,5401.94,4671.8,0
Nashville,Weekly,1/26/2020,organic,1.46,11378.93,84.15,1016.7,0,10278.08,7498.33,2779.75,0
Nashville,Weekly,2/2/2020,organic,1.52,12287.83,19.43,1505.38,0,10763.02,3521.61,7241.41,0
Nashville,Weekly,2/9/2020,organic,1.45,7629.47,16.45,1352.07,0,6260.95,1657.25,4603.7,0
Nashville,Weekly,2/16/2020,organic,1.16,18551.58,17.65,1373.4,0,17160.53,8718.29,8442.24,0
Nashville,Weekly,2/23/2020,organic,1.43,8874.84,31.68,1295.5,0,7547.66,1967.6,5580.06,0
Nashville,Weekly,3/1/2020,organic,1.21,10550.17,16.1,1068.93,0,9465.14,7133.58,2331.56,0
Nashville,Weekly,3/8/2020,organic,1.19,20279.7,77.07,1116.48,0,19086.15,12066.24,7019.91,0
Nashville,Weekly,3/15/2020,organic,1.51,14768.8,72.56,1341.73,0,13354.51,6648.4,6706.11,0
Nashville,Weekly,3/22/2020,organic,1.47,11321.4,32.33,1248.07,0,10041,7624.4,2416.6,0
Nashville,Weekly,4/19/2020,organic,1.47,16775.02,68.08,1400.58,0,15306.36,4010.16,11296.2,0
Nashville,Weekly,4/12/2020,organic,1.34,16290.64,45.16,877.48,0,15368,3151.83,12216.17,0
Nashville,Weekly,4/5/2020,organic,1.57,20415.17,41.89,1507.01,0,18866.27,2682.83,16183.44,0
Nashville,Weekly,3/29/2020,organic,1.61,13090.43,84.67,1008.82,0,11996.94,2822.24,9174.7,0
Nashville,Weekly,5/17/2020,organic,1.54,17421,112,1167,0,16142,3245,12898,0
Nashville,Weekly,5/10/2020,organic,1.55,22875,85,2368,0,20423,1776,18647,0
Nashville,Weekly,5/3/2020,organic,1.5,22999,73,2970,0,19956,3220,16736,0
Nashville,Weekly,4/26/2020,organic,1.58,21597,40,1629,0,19927,2778,17149,0
Nashville,Weekly,6/14/2020,organic,1.36,24447,78,1533,0,22835,4072,18763,0
Nashville,Weekly,6/7/2020,organic,1.45,22262,114,1488,0,20660,1900,18760,0
Nashville,Weekly,5/31/2020,organic,1.42,22808,51,1564,0,21192,1644,19548,0
Nashville,Weekly,5/24/2020,organic,1.43,20472,94,1712,0,18666,3013,15653,0
Nashville,Weekly,7/12/2020,organic,1.58,19584.5,77.11,2095.23,0,17412.16,1991.14,15421.02,0
Nashville,Weekly,7/5/2020,organic,1.48,21636.06,104.81,1495.88,0,20035.37,3626.45,16408.92,0
Nashville,Weekly,6/28/2020,organic,1.43,20466.02,105.38,1330.38,0,19030.26,4022.91,15007.35,0
Nashville,Weekly,6/21/2020,organic,1.37,23510.17,113.12,1775.28,0,21621.77,4510.47,17111.3,0
New Orleans/Mobile,Weekly,1/6/2020,organic,1.35,3134.52,52.94,1,0,3080.58,3080.58,0,0
New Orleans/Mobile,Weekly,1/12/2020,organic,1.28,3692.22,69.79,0,0,3622.43,3622.43,0,0
New Orleans/Mobile,Weekly,1/19/2020,organic,1.26,3546.16,139.31,0,0,3406.85,3406.85,0,0
New Orleans/Mobile,Weekly,1/26/2020,organic,1.14,4727.08,267.08,3,0,4457,4457,0,0
New Orleans/Mobile,Weekly,2/2/2020,organic,1.18,3859.99,510.33,0,0,3349.66,3349.66,0,0
New Orleans/Mobile,Weekly,2/9/2020,organic,1.09,3907.8,376.03,0,0,3531.77,3531.77,0,0
New Orleans/Mobile,Weekly,2/16/2020,organic,1.17,4149.35,180.45,1,0,3967.9,3967.9,0,0
New Orleans/Mobile,Weekly,2/23/2020,organic,1.2,5675.6,234.89,0,0,5440.71,4675.56,765.15,0
New Orleans/Mobile,Weekly,3/1/2020,organic,1.21,8956.38,590.34,0,0,8366.04,4295.62,4070.42,0
New Orleans/Mobile,Weekly,3/8/2020,organic,1.19,6253.26,484.68,2.22,0,5766.36,4297.12,1469.24,0
New Orleans/Mobile,Weekly,3/15/2020,organic,1.33,8455.72,198.83,1,0,8255.89,6895.41,1360.48,0
New Orleans/Mobile,Weekly,3/22/2020,organic,1.29,9811.44,420.26,0,0,9391.18,6227.35,3163.83,0
New Orleans/Mobile,Weekly,4/19/2020,organic,1.4,5331.12,1003.4,0,0,4327.72,4221.69,106.03,0
New Orleans/Mobile,Weekly,4/12/2020,organic,1.31,4805.32,196.18,0,0,4609.14,4341.79,267.35,0
New Orleans/Mobile,Weekly,4/5/2020,organic,1.29,5688.46,302.54,8.89,0,5377.03,4202.38,1174.65,0
New Orleans/Mobile,Weekly,3/29/2020,organic,1.33,7251.32,462.53,0,0,6788.79,4171.17,2617.62,0
New Orleans/Mobile,Weekly,5/17/2020,organic,1.37,3744,484,0,0,3260,3213,47,0
New Orleans/Mobile,Weekly,5/10/2020,organic,1.32,2844,656,0,0,2188,2171,17,0
New Orleans/Mobile,Weekly,5/3/2020,organic,1.35,4638,681,0,0,3957,3933,24,0
New Orleans/Mobile,Weekly,4/26/2020,organic,1.37,4678,574,0,0,4104,3963,141,0
New Orleans/Mobile,Weekly,6/14/2020,organic,1.43,5302,156,0,0,5147,5147,0,0
New Orleans/Mobile,Weekly,6/7/2020,organic,1.42,6407,630,0,0,5777,5737,40,0
New Orleans/Mobile,Weekly,5/31/2020,organic,1.42,5495,330,0,0,5165,5165,0,0
New Orleans/Mobile,Weekly,5/24/2020,organic,1.37,4605,406,0,0,4199,4199,0,0
New Orleans/Mobile,Weekly,7/12/2020,organic,1.46,8062.58,103.21,0,0,7959.37,2884.69,5074.68,0
New Orleans/Mobile,Weekly,7/5/2020,organic,1.31,9639.15,122.61,0,0,9516.54,5323.51,4193.03,0
New Orleans/Mobile,Weekly,6/28/2020,organic,1.35,4915.86,107.6,0,0,4808.26,4808.26,0,0
New Orleans/Mobile,Weekly,6/21/2020,organic,1.4,5567.68,196.2,0,0,5371.48,5371.48,0,0
New York,Weekly,1/6/2020,organic,1.56,76275.77,19319.89,12398.18,117.8,44439.9,40619.93,3819.97,0
New York,Weekly,1/12/2020,organic,1.59,93522.32,25244.34,13958.89,484.33,53834.76,49162.11,4672.65,0
New York,Weekly,1/19/2020,organic,1.39,137227.21,43278.39,23416.67,21.64,70510.51,65687.56,4822.95,0
New York,Weekly,1/26/2020,organic,1.66,96534.17,19104.55,13504.42,122.2,63803,59272.4,4530.6,0
New York,Weekly,2/2/2020,organic,1.56,116908.61,23472.67,29109.39,643.48,63683.07,56726.49,6956.58,0
New York,Weekly,2/9/2020,organic,1.67,73982.61,12321.59,9271.99,618.5,51770.53,47830.97,3939.56,0
New York,Weekly,2/16/2020,organic,1.69,73108.12,10611.27,9052.01,632.49,52812.35,49033,3777.35,2
New York,Weekly,2/23/2020,organic,1.73,64224.77,12479.54,11269.18,80.76,40395.29,37806.97,2584.33,3.99
New York,Weekly,3/1/2020,organic,1.69,199760.8,65926.99,82654.98,14.32,51164.51,43870.9,7291.62,1.99
New York,Weekly,3/8/2020,organic,1.87,98222.11,24147.7,22117.94,3.61,51952.86,45701.51,6251.35,0
New York,Weekly,3/15/2020,organic,1.92,108261.31,20598.29,18855.62,1.79,68805.61,61983.79,6821.82,0
New York,Weekly,3/22/2020,organic,1.91,93316.82,12938.88,14206.53,0,66171.41,60093.57,6077.84,0
New York,Weekly,4/19/2020,organic,1.84,121338.29,12272.54,14829.09,933.66,93303,87616.08,5684.99,1.93
New York,Weekly,4/12/2020,organic,1.85,128514.35,9438.3,12608.86,135.6,106331.59,98010.38,8313.48,7.73
New York,Weekly,4/5/2020,organic,1.88,134647.34,16876.46,20093.93,5.21,97671.74,92907.38,4725.73,38.63
New York,Weekly,3/29/2020,organic,1.78,127936.22,15404.62,18200.93,0,94330.67,90342.37,3951.6,36.7
New York,Weekly,5/17/2020,organic,1.79,155461,27955,29457,168,97881,92520,5360,0
New York,Weekly,5/10/2020,organic,1.98,120055,25518,28169,267,66101,61342,4759,0
New York,Weekly,5/3/2020,organic,2,86400,13127,14554,862,57857,56028,1829,0
New York,Weekly,4/26/2020,organic,1.85,102376,12526,12540,734,76575,71672,4899,4
New York,Weekly,6/14/2020,organic,1.92,119894,9178,19919,1885,88913,87434,1477,2
New York,Weekly,6/7/2020,organic,1.86,127407,18479,20971,713,87244,84264,2980,0
New York,Weekly,5/31/2020,organic,1.86,115848,14029,18236,193,83390,80096,3294,0
New York,Weekly,5/24/2020,organic,1.83,147717,19919,20112,297,107390,104168,3222,0
New York,Weekly,7/12/2020,organic,1.93,107483.09,10109.83,15183.16,1920.51,80269.59,79834.53,435.06,0
New York,Weekly,7/5/2020,organic,1.91,114709.23,10459.21,16217.82,1912.67,86119.53,85844.55,274.98,0
New York,Weekly,6/28/2020,organic,1.89,115905.45,9786.29,15790.76,1727.27,88601.13,87754.25,846.88,0
New York,Weekly,6/21/2020,organic,1.89,119962.56,10560.91,18275.08,1902.44,89224.13,88385.99,838.14,0
