data/data sets/avocado0915.csv
region,Timeframe,Date,type,AveragePrice,Total Volume,4046,4225,4770,Total Bags,Small Bags,Large Bags,XLarge Bags
Northeast,Weekly,1/6/2020,organic,1.49,229043.43,28509.35,30162.97,111.32,170259.79,127082.82,43176.97,0
Northeast,Weekly,1/12/2020,organic,1.46,272979.89,35520.83,33468.94,420.63,203569.49,156331.54,47237.95,0
Northeast,Weekly,1/19/2020,organic,1.36,343827.37,66207.43,51242.33,18.86,226358.75,184101.36,42257.39,0
Northeast,Weekly,1/26/2020,organic,1.5,281205.65,29320.11,29754.21,106.84,222024.49,193885.83,28138.66,0
Northeast,Weekly,2/2/2020,organic,1.46,293338.83,33369.92,44997.42,568.7,214402.79,179502.43,34900.36,0
Northeast,Weekly,2/9/2020,organic,1.5,252616.77,19534.09,24363.9,550.33,208168.45,166353.43,41815.02,0
Northeast,Weekly,2/16/2020,organic,1.54,244926.53,17120.34,22620.48,554.85,204630.86,162738.88,41890.23,1.75
Northeast,Weekly,2/23/2020,organic,1.49,245585.06,19123.45,26161.51,70.99,200229.11,163076.58,37149.02,3.51
Northeast,Weekly,3/1/2020,organic,1.6,410999.2,82822.88,108071.99,15.77,220088.56,174999.87,45086.94,1.75
Northeast,Weekly,3/8/2020,organic,1.67,292069.05,34911.53,41095.73,6.36,216055.43,172873.84,43181.59,0
Northeast,Weekly,3/15/2020,organic,1.72,329301.14,30168.15,40523.64,3.16,258606.19,210504.85,48101.34,0
Northeast,Weekly,3/22/2020,organic,1.71,291909.3,22189.57,28315.77,4.55,241399.41,197447.75,43951.66,0
Northeast,Weekly,4/19/2020,organic,1.72,365685.71,26018.75,36969.93,843.38,301853.65,257555.49,44296.45,1.71
Northeast,Weekly,4/12/2020,organic,1.73,391206.16,20021.93,29408.11,123.33,341652.79,284484.06,57153.32,15.41
Northeast,Weekly,4/5/2020,organic,1.75,391537.74,29227.36,42228.54,10.79,320071.05,270563.68,49445.73,61.64
Northeast,Weekly,3/29/2020,organic,1.65,348583.02,26666.24,34377.14,1.54,287538.1,243296.26,44077.45,164.39
Northeast,Weekly,5/17/2020,organic,1.71,384318,47029,57842,210,279237,252700,26537,0
Northeast,Weekly,5/10/2020,organic,1.81,341957,46765,58270,268,236654,210722,25932,0
Northeast,Weekly,5/3/2020,organic,1.77,290609,26247,34728,777,228857,205582,23275,0
Northeast,Weekly,4/26/2020,organic,1.7,321121,24558,32946,668,262949,230901,32045,3
Northeast,Weekly,6/14/2020,organic,1.83,303482,18234,42084,1675,241489,221545,19943,2
Northeast,Weekly,6/7/2020,organic,1.76,338598,32193,47685,683,258036,234137,23899,0
Northeast,Weekly,5/31/2020,organic,1.75,324027,26558,44481,180,252808,226189,26619,0
Northeast,Weekly,5/24/2020,organic,1.75,373973,35648,44732,270,293323,267509,25813,0
Northeast,Weekly,7/12/2020,organic,1.83,308326.05,19117.07,33044.84,1699.62,254464.52,231273.72,23190.8,0
Northeast,Weekly,7/5/2020,organic,1.81,321632.44,20813.28,30831.24,1692.87,268295.05,247219.79,21075.26,0
Northeast,Weekly,6/28/2020,organic,1.81,317539.6,19713.63,29903.4,1576.64,266345.93,244982.08,21363.85,0
Northeast,Weekly,6/21/2020,organic,1.81,337339.1,21248.9,39740.74,1688.5,274660.96,251635.99,23024.97,0
Northern New England,Weekly,1/6/2020,organic,1.56,23410.33,41.38,691.26,0,22677.69,11447.53,11230.16,0
Northern New England,Weekly,1/12/2020,organic,1.5,27335.89,97.73,615.73,0,26622.43,13358.72,13263.71,0
Northern New England,Weekly,1/19/2020,organic,1.57,22326.48,74.46,577.16,0,21674.86,11156.1,10518.76,0
Northern New England,Weekly,1/26/2020,organic,1.45,26226.68,81.57,629.41,0,25515.7,18434.97,7080.73,0
Northern New England,Weekly,2/2/2020,organic,1.62,21289.77,13.21,652.4,0,20624.16,13547.31,7076.85,0
Northern New England,Weekly,2/9/2020,organic,1.45,31341.93,53.69,809.07,0,30479.17,12526.64,17952.53,0
Northern New England,Weekly,2/16/2020,organic,1.59,25187.04,38.76,716.09,0,24432.19,12454.3,11977.89,0
Northern New England,Weekly,2/23/2020,organic,1.58,26148.91,81.33,486.11,0,25581.47,12131.78,13449.69,0
Northern New England,Weekly,3/1/2020,organic,1.51,31973.47,57,823.74,0,31092.73,14207.29,16885.44,0
Northern New England,Weekly,3/8/2020,organic,1.64,29316.41,44.42,658.97,0,28613.02,13459.21,15153.81,0
Northern New England,Weekly,3/15/2020,organic,1.69,33566.29,61.56,934.02,0,32570.71,16159.61,16411.1,0
Northern New England,Weekly,3/22/2020,organic,1.7,28805.62,98.41,844.54,0,27862.67,14770.51,13092.16,0
Northern New England,Weekly,4/19/2020,organic,1.74,31365.21,326.17,1375.58,0,29663.46,16124.79,13538.67,0
Northern New England,Weekly,4/12/2020,organic,1.74,36171.61,327.36,1108.2,0,34736.05,18794.49,15941.56,0
Northern New England,Weekly,4/5/2020,organic,1.75,33823.35,128.89,949.19,0,32745.27,18685.8,14059.47,0
Northern New England,Weekly,3/29/2020,organic,1.69,22598.48,50.23,358.76,0,22189.49,12748.2,9441.29,0
Northern New England,Weekly,5/17/2020,organic,1.75,33038,58,830,0,32149,19090,13059,0
Northern New England,Weekly,5/10/2020,organic,1.77,33376,107,945,0,32324,18986,13338,0
Northern New England,Weekly,5/3/2020,organic,1.77,34957,66,922,0,33969,19021,14949,0
Northern New England,Weekly,4/26/2020,organic,1.7,30835,103,988,0,29743,15661,14083,0
Northern New England,Weekly,6/14/2020,organic,1.73,32619,170,628,0,31821,18726,13094,0
Northern New England,Weekly,6/7/2020,organic,1.76,34923,171,813,0,33940,20219,13721,0
Northern New England,Weekly,5/31/2020,organic,1.77,39600,128,1274,0,38198,22418,15780,0
Northern New England,Weekly,5/24/2020,organic,1.78,39999,52,1090,0,38857,23902,14956,0
Northern New England,Weekly,7/12/2020,organic,1.7,37017.37,82.5,1105.1,0,35829.77,18707.24,17122.53,0
Northern New England,Weekly,7/5/2020,organic,1.74,39659.08,68.2,1083.59,0,38507.29,22777.62,15729.67,0
Northern New England,Weekly,6/28/2020,organic,1.72,36682.99,69.3,916.77,0,35696.92,20435.38,15261.54,0
Northern New England,Weekly,6/21/2020,organic,1.67,34894.3,105.9,718.65,0,34069.75,18868.51,15201.24,0
Orlando,Weekly,1/6/2020,organic,1.14,9328.25,101.58,0,0,9226.67,9226.67,0,0
Orlando,Weekly,1/12/2020,organic,1.13,9914.56,124.56,0,0,9790,9790,0,0
Orlando,Weekly,1/19/2020,organic,1.14,9255.2,175.2,0,0,9080,9080,0,0
Orlando,Weekly,1/26/2020,organic,1.13,9035.85,108.41,3,0,8924.44,8924.44,0,0
Orlando,Weekly,2/2/2020,organic,1.12,9227.62,51.78,1.4,0,9174.44,9174.44,0,0
Orlando,Weekly,2/9/2020,organic,1.1,9073.84,89.4,0,0,8984.44,8984.44,0,0
Orlando,Weekly,2/16/2020,organic,1.13,10033.87,84.98,0,0,9948.89,9948.89,0,0
Orlando,Weekly,2/23/2020,organic,1.13,10490.36,76.74,0,0,10413.62,10413.62,0,0
Orlando,Weekly,3/1/2020,organic,1.11,11946.16,102.29,4.44,0,11839.43,11839.43,0,0
Orlando,Weekly,3/8/2020,organic,1.14,11330.47,147.82,0,0,11182.65,11182.65,0,0
Orlando,Weekly,3/15/2020,organic,1.16,13239.4,169.83,2.39,0,13067.18,13063.85,3.33,0
Orlando,Weekly,3/22/2020,organic,1.11,13613.32,206.34,0,0,13406.98,13406.98,0,0
Orlando,Weekly,4/19/2020,organic,1.2,9273.63,296.8,0,0,8976.83,8976.83,0,0
Orlando,Weekly,4/12/2020,organic,1.18,7942.62,96.58,0,0,7846.04,7846.04,0,0
Orlando,Weekly,4/5/2020,organic,1.17,11028.12,158.31,0,0,10869.81,10869.81,0,0
Orlando,Weekly,3/29/2020,organic,1.16,11418.24,230.38,0,0,11187.86,11187.86,0,0
Orlando,Weekly,5/17/2020,organic,1.19,14563,218,0,0,14345,14345,0,0
Orlando,Weekly,5/10/2020,organic,1.21,13344,361,2,0,12981,12981,0,0
Orlando,Weekly,5/3/2020,organic,1.2,11761,260,0,0,11500,11500,0,0
Orlando,Weekly,4/26/2020,organic,1.22,12710,467,3,0,12240,12240,0,0
Orlando,Weekly,6/14/2020,organic,1.19,13241,60,0,0,13181,13181,0,0
Orlando,Weekly,6/7/2020,organic,1.19,14563,119,0,0,14444,14444,0,0
Orlando,Weekly,5/31/2020,organic,1.18,14352,220,0,0,14132,14132,0,0
Orlando,Weekly,5/24/2020,organic,1.18,15305,294,0,0,15012,15012,0,0
Orlando,Weekly,7/12/2020,organic,1.32,9250.99,130.17,2.17,0,9118.65,8324.21,794.44,0
Orlando,Weekly,7/5/2020,organic,1.17,11893.21,151.98,3.36,0,11737.87,11724.54,13.33,0
Orlando,Weekly,6/28/2020,organic,1.18,12235.23,111.77,2.27,0,12121.19,12121.19,0,0
Orlando,Weekly,6/21/2020,organic,1.19,11909.29,58.59,1.12,0,11849.58,11849.58,0,0
Philadelphia,Weekly,1/6/2020,organic,1.45,23759.79,1978.46,3873.19,0,17908.14,15296.63,2611.51,0
Philadelphia,Weekly,1/12/2020,organic,1.37,32591.73,2807.76,4687.02,0,25096.95,21855.05,3241.9,0
Philadelphia,Weekly,1/19/2020,organic,1.23,43427.09,7616.38,6939.02,0,28871.69,26230.72,2640.97,0
Philadelphia,Weekly,1/26/2020,organic,1.36,35621.51,3045.18,3759.79,0,28816.54,25839.05,2977.49,0
Philadelphia,Weekly,2/2/2020,organic,1.34,34499.33,2150.3,2992.09,0,29356.94,25725.88,3631.06,0
Philadelphia,Weekly,2/9/2020,organic,1.42,29242.39,1471.27,3148.61,0,24622.51,21039.74,3582.77,0
Philadelphia,Weekly,2/16/2020,organic,1.46,28225.43,1660.22,3159.74,0,23405.47,20384.23,3021.24,0
Philadelphia,Weekly,2/23/2020,organic,1.46,27722.83,1871.18,3738.54,0,22113.11,19773.24,2339.87,0
Philadelphia,Weekly,3/1/2020,organic,1.63,39399.25,8514.45,7265.53,0,23619.27,19283.78,4335.49,0
Philadelphia,Weekly,3/8/2020,organic,1.69,32485.54,3974.12,4342.97,0,24168.45,20360.31,3808.14,0
Philadelphia,Weekly,3/15/2020,organic,1.76,34158.86,3251.14,4410.68,0,26497.04,22741.77,3755.27,0
Philadelphia,Weekly,3/22/2020,organic,1.71,35558.08,2282.88,3541.47,0,29733.73,24958.99,4774.74,0
Philadelphia,Weekly,4/19/2020,organic,1.73,40703.39,2792.68,5379.97,0,32530.74,27499.62,5031.12,0
Philadelphia,Weekly,4/12/2020,organic,1.77,38370.28,1438.51,3976.09,0,32955.68,25258.24,7690.51,6.93
Philadelphia,Weekly,4/5/2020,organic,1.76,37975,2789.13,5722.37,0,29463.5,25088.34,4343.3,31.86
Philadelphia,Weekly,3/29/2020,organic,1.62,40369.61,2756.02,4058.91,0,33554.68,29318.37,4121.59,114.72
Philadelphia,Weekly,5/17/2020,organic,1.74,36968,5045,5132,25,26766,22885,3881,0
Philadelphia,Weekly,5/10/2020,organic,1.79,37497,4226,7243,7,26020,22635,3386,0
Philadelphia,Weekly,5/3/2020,organic,1.71,36288,2638,4776,2,28871,26579,2292,0
Philadelphia,Weekly,4/26/2020,organic,1.65,42900,2552,4456,5,35887,31272,4615,0
Philadelphia,Weekly,6/14/2020,organic,1.77,26192,1902,4920,0,19369,17493,1876,0
Philadelphia,Weekly,6/7/2020,organic,1.78,30769,4135,5303,18,21313,18695,2618,0
Philadelphia,Weekly,5/31/2020,organic,1.78,29139,3412,5777,0,19949,17137,2812,0
Philadelphia,Weekly,5/24/2020,organic,1.75,34192,4439,5083,0,24670,21848,2822,0
Philadelphia,Weekly,7/12/2020,organic,1.77,29872,2026.22,3802.24,0,24043.54,22341.79,1701.75,0
Philadelphia,Weekly,7/5/2020,organic,1.75,31974.43,1977.68,4179.47,0,25817.28,24450.26,1367.02,0
Philadelphia,Weekly,6/28/2020,organic,1.76,32304.64,1946.93,3861.46,0,26496.25,24768.36,1727.89,0
Philadelphia,Weekly,6/21/2020,organic,1.74,32815.94,2333.85,4610.08,1.28,25870.73,23818.39,2052.34,0
Phoenix/Tucson,Weekly,1/6/2020,organic,1.35,25650.7,3258.12,1267.81,0,21124.77,18172.48,2952.29,0
Phoenix/Tucson,Weekly,1/12/2020,organic,1.39,22069.14,2243.67,1255.16,0,18570.31,16459.82,2110.49,0
Phoenix/Tucson,Weekly,1/19/2020,organic,1.37,24915.76,3075.3,2845.25,0,18995.21,18525.98,469.23,0
Phoenix/Tucson,Weekly,1/26/2020,organic,1.44,24615.71,4464.07,1263.96,0,18887.68,16035.87,2851.81,0
Phoenix/Tucson,Weekly,2/2/2020,organic,1.47,24152.99,2343.98,906.3,0,20902.71,17626.31,3276.4,0
Phoenix/Tucson,Weekly,2/9/2020,organic,1.41,27745.07,2950.91,923.11,0,23871.05,19922.45,3948.6,0
Phoenix/Tucson,Weekly,2/16/2020,organic,1.45,23743.9,3071.59,1013.81,0,19658.5,16838.54,2819.96,0
Phoenix/Tucson,Weekly,2/23/2020,organic,1.47,27420.71,3715.63,879.99,0,22825.09,19114.34,3710.75,0
Phoenix/Tucson,Weekly,3/1/2020,organic,1.55,23341.49,1957.32,903.64,0,20480.53,17094.2,3386.33,0
Phoenix/Tucson,Weekly,3/8/2020,organic,1.6,20698.23,1587.38,930.48,0,18180.37,16202.54,1977.83,0
Phoenix/Tucson,Weekly,3/15/2020,organic,1.6,22312.33,2245.18,1054.46,0,19012.69,18885.42,127.27,0
Phoenix/Tucson,Weekly,3/22/2020,organic,1.53,22178.47,2533,1093.91,0,18551.56,16542.81,2008.75,0
Phoenix/Tucson,Weekly,4/19/2020,organic,1.49,26704.27,2794.47,1969.99,1.16,21938.65,9963.47,11975.18,0
Phoenix/Tucson,Weekly,4/12/2020,organic,1.47,25342.38,4250.42,1835.8,2.31,19253.85,6214.44,13039.41,0
Phoenix/Tucson,Weekly,4/5/2020,organic,1.51,28242.64,2102.29,1513.06,0,24627.29,12855.18,11772.11,0
Phoenix/Tucson,Weekly,3/29/2020,organic,1.48,21361.32,1769.97,2537.96,0,17053.39,12095.98,4957.41,0
Phoenix/Tucson,Weekly,5/17/2020,organic,1.42,30550,2152,1231,0,27168,12364,14804,0
Phoenix/Tucson,Weekly,5/10/2020,organic,1.42,31947,2129,1474,0,28344,13724,14620,0
Phoenix/Tucson,Weekly,5/3/2020,organic,1.5,26213,2264,2285,1,21663,9923,11740,0
Phoenix/Tucson,Weekly,4/26/2020,organic,1.54,21310,1966,1252,2,18089,8394,9695,0
Phoenix/Tucson,Weekly,6/14/2020,organic,1.47,28524,1758,1583,0,25183,13794,11389,0
Phoenix/Tucson,Weekly,6/7/2020,organic,1.45,27210,2177,1759,0,23274,10475,12799,0
Phoenix/Tucson,Weekly,5/31/2020,organic,1.44,29538,2258,2256,0,25023,10153,14870,0
Phoenix/Tucson,Weekly,5/24/2020,organic,1.47,30699,2455,1326,0,26918,12320,14598,0
Phoenix/Tucson,Weekly,7/12/2020,organic,1.37,29819.38,2472.07,947.51,0,26399.8,15725.69,10674.11,0
Phoenix/Tucson,Weekly,7/5/2020,organic,1.36,29584.31,2342.02,1005.6,0,26236.69,15098.5,11138.19,0
Phoenix/Tucson,Weekly,6/28/2020,organic,1.37,28044.21,2067.45,1161.51,0,24815.25,14411.29,10403.96,0
Phoenix/Tucson,Weekly,6/21/2020,organic,1.39,32900.62,2106.6,2072.6,0,28721.42,16569.63,12151.79,0
Pittsburgh,Weekly,1/6/2020,organic,1.23,14095.94,1506.46,6.55,0,12582.93,12582.93,0,0
Pittsburgh,Weekly,1/12/2020,organic,1.19,14351.94,1757.76,8.22,0,12585.96,12585.96,0,0
Pittsburgh,Weekly,1/19/2020,organic,1.1,17075.66,2240.14,9.86,0,14825.66,14825.66,0,0
Pittsburgh,Weekly,1/26/2020,organic,1.14,15255.67,1490.84,24.63,0,13740.2,13740.2,0,0
Pittsburgh,Weekly,2/2/2020,organic,1.1,17434.83,2645.8,26.31,0,14762.72,14762.72,0,0
Pittsburgh,Weekly,2/9/2020,organic,1.14,17584.98,1765.06,11.55,0,15808.37,15808.37,0,0
Pittsburgh,Weekly,2/16/2020,organic,1.14,17839.59,1479.01,14.92,0,16345.66,16345.66,0,0
Pittsburgh,Weekly,2/23/2020,organic,1.22,17647.19,1370.06,6.68,0,16270.45,16270.45,0,0
Pittsburgh,Weekly,3/1/2020,organic,1.18,17996.96,1586.69,14.64,0,16395.63,16395.63,0,0
Pittsburgh,Weekly,3/8/2020,organic,1.1,17973.5,2036.4,18.76,0,15918.34,15918.34,0,0
Pittsburgh,Weekly,3/15/2020,organic,1.23,26360.29,2370.23,20.66,0,23969.4,23969.4,0,0
Pittsburgh,Weekly,3/22/2020,organic,1.2,23547.72,2377.28,3.35,0,21167.09,21167.09,0,0
Pittsburgh,Weekly,4/19/2020,organic,1.13,17135.18,2926.49,0,0,14208.69,14180.74,27.95,0
Pittsburgh,Weekly,4/12/2020,organic,1.22,23755.78,3434.85,0,0,20320.93,20158.85,162.08,0
Pittsburgh,Weekly,4/5/2020,organic,1.21,23924.44,4085.76,18.44,0,19820.24,19276.24,544,0
Pittsburgh,Weekly,3/29/2020,organic,1.25,20105.07,3825.2,10.06,0,16269.81,16258.63,11.18,0
Pittsburgh,Weekly,5/17/2020,organic,1.1,18529,2977,10,0,15542,15542,0,0
Pittsburgh,Weekly,5/10/2020,organic,1.07,16057,3259,3,0,12795,12750,45,0
Pittsburgh,Weekly,5/3/2020,organic,1.11,17196,3940,30,0,13226,13192,34,0
Pittsburgh,Weekly,4/26/2020,organic,1.09,17757,3455,13,0,14288,14283,6,0
Pittsburgh,Weekly,6/14/2020,organic,1.39,15386,2486,12,0,12888,12877,11,0
Pittsburgh,Weekly,6/7/2020,organic,1.19,22845,2139,5,0,20702,20673,29,0
Pittsburgh,Weekly,5/31/2020,organic,1.18,22275,3265,3,0,19006,18989,17,0
Pittsburgh,Weekly,5/24/2020,organic,1.15,21744,2671,8,0,19065,18958,106,0
Pittsburgh,Weekly,7/12/2020,organic,1.51,11347.85,3119.06,13.74,0,8215.05,8208.38,6.67,0
Pittsburgh,Weekly,7/5/2020,organic,1.49,14416.87,3825.78,10.3,0,10580.79,10547.46,33.33,0
Pittsburgh,Weekly,6/28/2020,organic,1.5,12663.88,3104.11,13.72,0,9546.05,9546.05,0,0
Pittsburgh,Weekly,6/21/2020,organic,1.46,14154.91,3296,5.14,0,10853.77,10853.77,0,0
Plains,Weekly,1/6/2020,organic,1.35,56875.33,4545.52,5570.62,4.32,46754.87,37333.77,9421.1,0
Plains,Weekly,1/12/2020,organic,1.29,61166.56,4851.98,5445.32,12.95,50856.31,42508.35,8347.96,0
Plains,Weekly,1/19/2020,organic,1.21,91341.04,31250.69,5250.24,25.84,54814.27,45428.57,9385.7,0
Plains,Weekly,1/26/2020,organic,1.39,61648.64,6825.09,4562.07,0,50261.48,42022.75,8238.73,0
Plains,Weekly,2/2/2020,organic,1.35,59997.11,3644.97,4739.43,6.47,51606.24,42100.55,9505.69,0
Plains,Weekly,2/9/2020,organic,1.27,58709.62,3854.76,4019.97,4.32,50830.57,44320.15,6510.42,0
Plains,Weekly,2/16/2020,organic,1.26,60684.2,4431.52,3874.12,0,52378.56,46002.68,6375.88,0
Plains,Weekly,2/23/2020,organic,1.23,87115.3,23391.18,6201.29,4.32,57518.51,47047.8,10470.71,0
Plains,Weekly,3/1/2020,organic,1.48,74180.97,7561.47,7934.3,15.22,58669.98,43782.09,14887.89,0
Plains,Weekly,3/8/2020,organic,1.53,73335.03,6562.09,9276.56,23.91,57472.47,41272.82,16199.65,0
Plains,Weekly,3/15/2020,organic,1.6,74728.1,8099.33,6519.79,41.21,60067.77,46906.82,13160.95,0
Plains,Weekly,3/22/2020,organic,1.53,76946.6,20975.04,7910.37,120.62,47940.57,36594.25,11346.32,0
Plains,Weekly,4/19/2020,organic,1.65,70187.66,18065.65,4443.67,10.49,47667.85,35077.71,12590.14,0
Plains,Weekly,4/12/2020,organic,1.51,87536.49,26049.32,5117.68,25.18,56344.31,43079.06,13265.25,0
Plains,Weekly,4/5/2020,organic,1.46,78518.43,6562.29,4786.26,35.6,67134.28,48288.33,18845.95,0
Plains,Weekly,3/29/2020,organic,1.5,60864.43,6074.78,4253.73,20.94,50514.98,34643.41,15871.57,0
Plains,Weekly,5/17/2020,organic,1.53,70586,12051,3114,19,55403,45975,9427,0
Plains,Weekly,5/10/2020,organic,1.54,74189,11896,4003,34,58257,47000,11258,0
Plains,Weekly,5/3/2020,organic,1.61,59650,13220,3174,40,43217,33122,10094,0
Plains,Weekly,4/26/2020,organic,1.71,62868,15331,4451,25,43061,31198,11863,0
Plains,Weekly,6/14/2020,organic,1.52,68476,9683,3790,17,54986,42162,12824,0
Plains,Weekly,6/7/2020,organic,1.51,74444,10963,4030,51,59400,48195,11206,0
Plains,Weekly,5/31/2020,organic,1.51,78390,13256,3813,210,61111,50667,10444,0
Plains,Weekly,5/24/2020,organic,1.43,92545,23347,5940,667,62591,52822,9770,0
Plains,Weekly,7/12/2020,organic,1.41,73486.06,11323.9,3163.94,25.45,58972.77,46562.09,12410.68,0
Plains,Weekly,7/5/2020,organic,1.45,77393.47,16316.99,3619.8,21.2,57435.48,47698.18,9737.3,0
Plains,Weekly,6/28/2020,organic,1.44,71258.08,13672.16,3495.8,72.08,54018.04,44011.58,10006.46,0
Plains,Weekly,6/21/2020,organic,1.49,73737.12,10958.39,4222.84,33.96,58521.93,45052.39,13469.54,0
