data/data sets/avocado0915.csv
region,Timeframe,Date,type,AveragePrice,Total Volume,4046,4225,4770,Total Bags,Small Bags,Large Bags,XLarge Bags
Portland,Weekly,1/6/2020,organic,1.6,29529.65,196.79,10562.55,0,18770.31,6483.67,12206.08,80.56
Portland,Weekly,1/12/2020,organic,1.59,40775.29,196.94,7128.18,0,33450.17,13024.79,20352.54,72.84
Portland,Weekly,1/19/2020,organic,1.58,38342.07,77.62,6213.02,0,32051.43,11184.21,20809.72,57.5
Portland,Weekly,1/26/2020,organic,1.86,32521.51,43.33,11911.23,0,20566.95,12435.1,8128,3.85
Portland,Weekly,2/2/2020,organic,1.43,47644.78,151.7,6370.82,0,41122.26,14268.34,26853.92,0
Portland,Weekly,2/9/2020,organic,1.61,50823.48,92.72,6031.41,3.49,44695.86,19725.42,24931.67,38.77
Portland,Weekly,2/16/2020,organic,1.81,43391.05,118.89,6821.83,0,36450.33,14499.12,21947.32,3.89
Portland,Weekly,2/23/2020,organic,1.66,48059.05,176.73,8090.32,3.48,39788.52,19554.96,20233.56,0
Portland,Weekly,3/1/2020,organic,1.89,37873.79,162.33,4665.38,0,33046.08,14433.38,18610.76,1.94
Portland,Weekly,3/8/2020,organic,2.08,30235.69,241.71,5182.99,0,24810.99,12149.21,12619.19,42.59
Portland,Weekly,3/15/2020,organic,2.05,52357.8,207.2,6553.59,1.73,45595.28,19289.3,26304.06,1.92
Portland,Weekly,3/22/2020,organic,2.06,45776.48,148.38,7206.72,0,38421.38,19553.35,18825.72,42.31
Portland,Weekly,4/19/2020,organic,1.84,57327.28,360.95,6603.34,1.71,50361.28,11823.71,38537.57,0
Portland,Weekly,4/12/2020,organic,1.84,60172.48,157.2,6922.03,0,53093.25,19238.9,33395.55,458.8
Portland,Weekly,4/5/2020,organic,1.83,51356.32,215.89,5787.78,0,45352.65,23735.59,21617.06,0
Portland,Weekly,3/29/2020,organic,1.85,48275.79,308.41,5194.95,0,42772.43,25535.89,17236.54,0
Portland,Weekly,5/17/2020,organic,1.89,57251,507,12578,0,44166,12244,31922,0
Portland,Weekly,5/10/2020,organic,1.68,69197,326,10906,22,57943,11082,46838,23
Portland,Weekly,5/3/2020,organic,1.69,65595,355,8550,0,56690,22554,34117,19
Portland,Weekly,4/26/2020,organic,1.85,56926,233,7768,0,48925,11659,37266,0
Portland,Weekly,6/14/2020,organic,1.7,56997,502,9635,2,46859,14666,32192,0
Portland,Weekly,6/7/2020,organic,1.83,62477,299,7074,0,55105,13326,41779,0
Portland,Weekly,5/31/2020,organic,1.83,55317,388,6545,0,48384,12383,36001,0
Portland,Weekly,5/24/2020,organic,1.85,56748,392,7059,0,49297,11721,37576,0
Portland,Weekly,7/12/2020,organic,1.71,57192.57,359.91,6795.44,3.43,50033.79,10634.17,39073.99,325.63
Portland,Weekly,7/5/2020,organic,1.85,54273.53,465.1,6435.21,0,47373.22,10268.11,36498.49,606.62
Portland,Weekly,6/28/2020,organic,1.86,45973.37,422.15,6568.17,0,38983.05,10997.05,27980.3,5.7
Portland,Weekly,6/21/2020,organic,1.65,53635.8,401.09,7712.86,0,45521.85,11602.8,33919.05,0
Raleigh/Greensboro,Weekly,1/6/2020,organic,1.87,17410.53,2.21,3630.53,48.5,13729.29,9999.87,3729.42,0
Raleigh/Greensboro,Weekly,1/12/2020,organic,2.08,14694.23,206.66,3682.27,94.82,10710.48,8726.24,1984.24,0
Raleigh/Greensboro,Weekly,1/19/2020,organic,1.97,15448.73,987.5,3642.6,238.7,10579.93,7688.21,2891.72,0
Raleigh/Greensboro,Weekly,1/26/2020,organic,1.86,17992.59,933.59,3548.17,194.06,13316.77,11532.12,1784.65,0
Raleigh/Greensboro,Weekly,2/2/2020,organic,1.88,18209.86,571.91,2827.96,103.54,14706.45,11290.25,3416.2,0
Raleigh/Greensboro,Weekly,2/9/2020,organic,1.88,17134.71,839.22,3048.42,122.98,13124.09,10683.38,2440.71,0
Raleigh/Greensboro,Weekly,2/16/2020,organic,1.83,17601.98,993.29,2885.9,186.85,13535.94,11752.98,1782.96,0
Raleigh/Greensboro,Weekly,2/23/2020,organic,1.85,19130.62,1074.87,3172.9,167.37,14715.48,11892.03,2823.45,0
Raleigh/Greensboro,Weekly,3/1/2020,organic,1.87,17160.4,971.38,3368.06,168.03,12652.93,8926.56,3726.37,0
Raleigh/Greensboro,Weekly,3/8/2020,organic,2.05,16874.29,553.13,3727.78,69.72,12523.66,8698.77,3824.89,0
Raleigh/Greensboro,Weekly,3/15/2020,organic,2.07,21297.52,974.96,3887.47,89.62,16345.47,12394.92,3950.55,0
Raleigh/Greensboro,Weekly,3/22/2020,organic,1.92,18909.98,1017,3538.97,92.71,14261.3,10643.08,3618.22,0
Raleigh/Greensboro,Weekly,4/19/2020,organic,1.53,27463.28,864.41,3943.85,93.2,22561.82,17568.92,4992.9,0
Raleigh/Greensboro,Weekly,4/12/2020,organic,1.51,26600.41,727.74,4405.13,47.19,21420.35,16918.91,4501.44,0
Raleigh/Greensboro,Weekly,4/5/2020,organic,1.57,25669.76,1020.31,3855.37,68.42,20725.66,15376.6,5349.06,0
Raleigh/Greensboro,Weekly,3/29/2020,organic,1.57,25448.14,978.09,4088.08,104.74,20277.23,14887.8,5389.43,0
Raleigh/Greensboro,Weekly,5/17/2020,organic,1.46,30748,1032,3786,98,25833,22848,2985,0
Raleigh/Greensboro,Weekly,5/10/2020,organic,1.48,28391,928,3564,129,23770,19265,4505,0
Raleigh/Greensboro,Weekly,5/3/2020,organic,1.25,34929,1473,3962,151,29343,22554,6789,0
Raleigh/Greensboro,Weekly,4/26/2020,organic,1.55,24193,525,4282,92,19294,14344,4950,0
Raleigh/Greensboro,Weekly,6/14/2020,organic,1.51,28968,997,5100,83,22789,14850,7939,0
Raleigh/Greensboro,Weekly,6/7/2020,organic,1.49,30098,910,5056,79,24054,15202,8852,0
Raleigh/Greensboro,Weekly,5/31/2020,organic,1.53,26747,970,4992,103,20681,12685,7996,0
Raleigh/Greensboro,Weekly,5/24/2020,organic,1.5,28174,860,5076,87,22150,18123,4028,0
Raleigh/Greensboro,Weekly,7/12/2020,organic,1.53,28853.57,980.17,4719.88,57.19,23096.33,21273.38,1822.95,0
Raleigh/Greensboro,Weekly,7/5/2020,organic,1.52,30326.57,1308.23,5017.91,115.28,23885.15,21714,2171.15,0
Raleigh/Greensboro,Weekly,6/28/2020,organic,1.5,30343.96,984.11,4829.03,68.19,24462.63,21496.41,2966.22,0
Raleigh/Greensboro,Weekly,6/21/2020,organic,1.58,23099.89,982.1,4944.62,93.15,17080.02,12047.56,5032.46,0
Richmond/Norfolk,Weekly,1/6/2020,organic,0.94,28332.88,19.89,2018.97,21.04,26272.98,22532.82,3740.16,0
Richmond/Norfolk,Weekly,1/12/2020,organic,1.21,20628.64,41,2239.67,9.25,18338.72,14336.84,4001.88,0
Richmond/Norfolk,Weekly,1/19/2020,organic,1.54,14071.6,29.19,1869.51,7.96,12164.94,9278.93,2886.01,0
Richmond/Norfolk,Weekly,1/26/2020,organic,1.24,21960.69,111.92,1634.61,5.32,20208.84,18482.27,1726.57,0
Richmond/Norfolk,Weekly,2/2/2020,organic,1.61,16148.26,57.98,1683.14,14.66,14392.48,11414.75,2977.73,0
Richmond/Norfolk,Weekly,2/9/2020,organic,1.5,14300.25,26.86,1494.9,11.9,12766.59,10839.77,1926.82,0
Richmond/Norfolk,Weekly,2/16/2020,organic,1.44,15755.67,16.64,1394.75,21.29,14322.99,13074.93,1248.06,0
Richmond/Norfolk,Weekly,2/23/2020,organic,1.31,18556.66,6.65,1736.85,2.66,16810.5,15547.1,1263.4,0
Richmond/Norfolk,Weekly,3/1/2020,organic,1.49,14209.82,22.24,1489.14,7.96,12690.48,11194.92,1495.56,0
Richmond/Norfolk,Weekly,3/8/2020,organic,1.36,23160.49,38.06,1850.37,5.29,21266.77,17309.6,3957.17,0
Richmond/Norfolk,Weekly,3/15/2020,organic,1.4,25824.57,27.78,2108.49,9.23,23679.07,20981.77,2697.3,0
Richmond/Norfolk,Weekly,3/22/2020,organic,1.72,16190.6,47.78,1716.94,12.43,14413.45,11410.99,3002.46,0
Richmond/Norfolk,Weekly,4/19/2020,organic,1.33,26084.96,25.13,2203.92,16.83,23839.08,15463.18,8375.9,0
Richmond/Norfolk,Weekly,4/12/2020,organic,1.44,23039.89,57.62,2336,9.06,20637.21,11359.16,9278.05,0
Richmond/Norfolk,Weekly,4/5/2020,organic,1.54,24805.69,92.28,2900.58,9.06,21803.77,11757.8,10045.97,0
Richmond/Norfolk,Weekly,3/29/2020,organic,1.38,18989.42,46.55,1768.84,7.77,17166.26,7278.97,9887.29,0
Richmond/Norfolk,Weekly,5/17/2020,organic,1.41,20498,24,2076,10,18388,11247,7141,0
Richmond/Norfolk,Weekly,5/10/2020,organic,1.43,23823,70,2425,3,21325,10671,10654,0
Richmond/Norfolk,Weekly,5/3/2020,organic,1.29,24957,24,2684,19,22230,6726,15504,0
Richmond/Norfolk,Weekly,4/26/2020,organic,1.42,27336,52,2261,13,25011,9092,15918,0
Richmond/Norfolk,Weekly,6/14/2020,organic,1.37,21098,26,2332,7,18733,8421,10312,0
Richmond/Norfolk,Weekly,6/7/2020,organic,1.42,20021,25,2168,9,17818,7365,10453,0
Richmond/Norfolk,Weekly,5/31/2020,organic,1.44,19151,24,2055,24,17048,7454,9594,0
Richmond/Norfolk,Weekly,5/24/2020,organic,1.42,20621,59,2511,8,18043,10766,7277,0
Richmond/Norfolk,Weekly,7/12/2020,organic,1.45,23100.94,25.3,2155.7,10.63,20909.31,8428.48,12480.83,0
Richmond/Norfolk,Weekly,7/5/2020,organic,1.47,25067.09,35.22,2439.55,9.25,22583.07,11844.86,10738.21,0
Richmond/Norfolk,Weekly,6/28/2020,organic,1.41,24479.68,22.88,2076.09,2.64,22378.07,11998.37,10379.7,0
Richmond/Norfolk,Weekly,6/21/2020,organic,1.39,21630.69,60.63,2379.2,7.91,19182.95,9250.19,9932.76,0
Roanoke,Weekly,1/6/2020,organic,0.87,18932.7,7.12,1306.4,0,17619.18,13335.65,4283.53,0
Roanoke,Weekly,1/12/2020,organic,1.05,16050.51,33.8,1789.98,0,14226.73,7990.62,6236.11,0
Roanoke,Weekly,1/19/2020,organic,1.08,13672.93,9.72,1420.29,0,12242.92,8123.04,4119.88,0
Roanoke,Weekly,1/26/2020,organic,1.13,18204.04,25.79,1377.28,0,16800.97,14152.26,2648.71,0
Roanoke,Weekly,2/2/2020,organic,1.28,13128.54,7.29,1382.08,0,11739.17,6944.78,4794.39,0
Roanoke,Weekly,2/9/2020,organic,1.22,10283.75,22.97,1219.21,0,9041.57,5969.52,3072.05,0
Roanoke,Weekly,2/16/2020,organic,1.07,12926.94,11.53,1291.88,0,11623.53,9144.67,2478.86,0
Roanoke,Weekly,2/23/2020,organic,1.13,12891.99,21.51,1172.05,0,11698.43,8821.09,2877.34,0
Roanoke,Weekly,3/1/2020,organic,1.15,11590.04,18.63,991.01,0,10580.4,8132.54,2447.86,0
Roanoke,Weekly,3/8/2020,organic,1.05,21567,11.41,1409.69,0,20145.9,15076.39,5069.51,0
Roanoke,Weekly,3/15/2020,organic,1.14,18435.47,52.77,1326.83,0,17055.87,12413.1,4642.77,0
Roanoke,Weekly,3/22/2020,organic,1.27,12069.19,35.53,1167.48,0,10866.18,8728.44,2137.74,0
Roanoke,Weekly,4/19/2020,organic,1.28,16563.61,7.11,2045.2,0,14511.3,7326,7185.3,0
Roanoke,Weekly,4/12/2020,organic,1.36,17394.46,22.74,1688.47,0,15683.25,6318.67,9364.58,0
Roanoke,Weekly,4/5/2020,organic,1.32,18004.71,33.58,1590.4,0,16380.73,7448.85,8931.88,0
Roanoke,Weekly,3/29/2020,organic,1.35,13817.67,41.31,1398.42,0,12377.94,5867.23,6510.71,0
Roanoke,Weekly,5/17/2020,organic,1.27,20826,23,2005,0,18798,7773,11025,0
Roanoke,Weekly,5/10/2020,organic,1.32,21334,24,2200,0,19110,7590,11519,0
Roanoke,Weekly,5/3/2020,organic,1.27,20268,43,2369,0,17855,6958,10897,0
Roanoke,Weekly,4/26/2020,organic,1.35,19467,48,1593,0,17826,7230,10595,0
Roanoke,Weekly,6/14/2020,organic,1.2,21051,19,2052,0,18980,8057,10924,0
Roanoke,Weekly,6/7/2020,organic,1.26,20395,31,1535,0,18830,7749,11080,0
Roanoke,Weekly,5/31/2020,organic,1.29,18869,26,1365,0,17479,7030,10449,0
Roanoke,Weekly,5/24/2020,organic,1.26,20191,21,1816,0,18353,8658,9695,0
Roanoke,Weekly,7/12/2020,organic,1.56,17179.36,43.65,2092.23,0,15043.48,3539.1,11504.38,0
Roanoke,Weekly,7/5/2020,organic,1.49,18263.99,11.6,1808.19,0,16444.2,4206.03,12238.17,0
Roanoke,Weekly,6/28/2020,organic,1.46,16572.21,8.69,1743.56,0,14819.96,4938.82,9881.14,0
Roanoke,Weekly,6/21/2020,organic,1.32,17413.75,20.18,1813.44,0,15580.13,5634.53,9945.6,0
Sacramento,Weekly,1/6/2020,organic,1.75,17627.39,2019.3,2555.47,0,13052.62,13043.26,9.36,0
Sacramento,Weekly,1/12/2020,organic,1.73,14862.41,1978.13,2523.62,0,10360.66,10354.41,6.25,0
Sacramento,Weekly,1/19/2020,organic,1.73,15450.98,1887.98,2295.86,0,11267.14,11264,3.14,0
Sacramento,Weekly,1/26/2020,organic,1.69,15658.57,1742.58,1881.04,0,12034.95,12031.81,3.14,0
Sacramento,Weekly,2/2/2020,organic,1.7,17145.13,1498.08,2666.93,0,12980.12,12972.25,7.87,0
Sacramento,Weekly,2/9/2020,organic,1.73,18931.78,2940.38,2744.48,0,13246.92,13229.58,17.34,0
Sacramento,Weekly,2/16/2020,organic,1.79,17858.11,2162.97,2375.44,0,13319.7,13302.39,17.31,0
Sacramento,Weekly,2/23/2020,organic,1.74,19064.89,2924.27,3819.91,0,12320.71,12314.43,6.28,0
Sacramento,Weekly,3/1/2020,organic,1.79,20461.82,4134.53,3816.38,1.41,12509.5,12498.51,10.99,0
Sacramento,Weekly,3/8/2020,organic,1.77,19967.13,3554.95,3632.85,8.5,12770.83,12733.52,37.31,0
Sacramento,Weekly,3/15/2020,organic,1.75,24996.16,4875.16,5060.02,1.41,15059.57,15031.55,28.02,0
Sacramento,Weekly,3/22/2020,organic,1.69,18822.9,3259.67,3623.76,0,11939.47,11936.54,2.93,0
Sacramento,Weekly,4/19/2020,organic,1.89,18296.86,6012.58,4098.36,11.01,8174.91,7893.42,281.49,0
Sacramento,Weekly,4/12/2020,organic,1.99,18560.26,7050.86,4145.7,2.75,7360.95,7357.89,3.06,0
Sacramento,Weekly,4/5/2020,organic,1.85,21003.42,6479.2,3325.1,6.88,11192.24,11189.18,3.06,0
Sacramento,Weekly,3/29/2020,organic,1.82,19837.17,5095.34,3060.74,2.75,11678.34,11675.28,3.06,0
Sacramento,Weekly,5/17/2020,organic,1.87,18161,3511,3421,7,11223,11198,25,0
Sacramento,Weekly,5/10/2020,organic,1.97,16145,3757,3722,1,8665,8548,117,0
Sacramento,Weekly,5/3/2020,organic,1.96,14789,3311,3821,14,7643,7049,594,0
Sacramento,Weekly,4/26/2020,organic,1.9,16436,4568,4363,6,7499,6526,973,0
Sacramento,Weekly,6/14/2020,organic,1.84,18896,3915,3910,11,11061,11056,4,0
Sacramento,Weekly,6/7/2020,organic,1.91,20678,6377,3998,0,10303,10283,20,0
Sacramento,Weekly,5/31/2020,organic,1.89,20693,6428,4005,8,10252,10252,0,0
Sacramento,Weekly,5/24/2020,organic,1.91,20458,4061,3482,0,12915,12913,2,0
Sacramento,Weekly,7/12/2020,organic,1.65,24102.6,3596.42,3658.33,0,16847.85,16535.29,312.56,0
Sacramento,Weekly,7/5/2020,organic,1.83,26605.16,6682.72,4242.38,0,15680.06,14428.83,1251.23,0
Sacramento,Weekly,6/28/2020,organic,1.79,20817.45,5037.99,3360.02,9.4,12410.04,12404.07,5.97,0
Sacramento,Weekly,6/21/2020,organic,1.46,28776.1,4018.94,3272.99,1.35,21482.82,21448.29,34.53,0
San Diego,Weekly,1/6/2020,organic,1.63,27263.25,913.6,838.39,0,25511.26,14415.75,11095.51,0
San Diego,Weekly,1/12/2020,organic,1.8,34982.33,1139.06,1023.82,0,32819.45,18255.88,14563.57,0
San Diego,Weekly,1/19/2020,organic,1.79,36225.12,1030.24,1039.07,0,34155.81,21476.89,12678.92,0
San Diego,Weekly,1/26/2020,organic,1.72,27585.4,820.2,929.47,0,25835.73,17990.33,7845.4,0
San Diego,Weekly,2/2/2020,organic,1.81,34872.98,768.02,908.6,0,33196.36,21552.23,11644.13,0
San Diego,Weekly,2/9/2020,organic,1.65,31907.27,830.27,876.59,0,30200.41,19482.77,10717.64,0
San Diego,Weekly,2/16/2020,organic,1.61,31403.9,836.62,1034.59,0,29532.69,26813.03,2719.66,0
San Diego,Weekly,2/23/2020,organic,1.62,33326.76,877.33,1078.28,0,31371.15,26834.44,4536.71,0
San Diego,Weekly,3/1/2020,organic,1.82,42440.33,985.34,2306.07,39.97,39108.95,23858.71,15250.24,0
San Diego,Weekly,3/8/2020,organic,2.12,21689.11,861.26,1100.59,5.21,19722.05,15474.75,4247.3,0
San Diego,Weekly,3/15/2020,organic,2.34,37445.42,1266.7,1313.43,1.72,34863.57,16014.5,18849.07,0
San Diego,Weekly,3/22/2020,organic,1.99,35365.14,527.16,1033.79,0,33804.19,19781.82,14022.37,0
San Diego,Weekly,4/19/2020,organic,1.75,35295.72,2168.71,1880.54,5.04,31241.43,9979.53,21261.9,0
San Diego,Weekly,4/12/2020,organic,1.95,38357.66,2045.46,1510.71,6.71,34794.78,11455.19,23339.59,0
San Diego,Weekly,4/5/2020,organic,1.92,39301.55,1952.18,2229.14,43.64,35076.59,14335.04,20741.55,0
San Diego,Weekly,3/29/2020,organic,2.1,22658.52,521.36,1963.93,6.71,20166.52,3834.03,16332.49,0
San Diego,Weekly,5/17/2020,organic,1.81,43803,1081,3166,2,39554,10400,29155,0
San Diego,Weekly,5/10/2020,organic,1.67,43958,1425,1892,0,40641,15060,25581,0
San Diego,Weekly,5/3/2020,organic,1.93,36465,1322,6387,0,28755,12242,16513,0
San Diego,Weekly,4/26/2020,organic,1.79,35800,1468,5460,2,28869,9311,19559,0
San Diego,Weekly,6/14/2020,organic,1.85,40888,1197,1109,0,38582,10479,28103,0
San Diego,Weekly,6/7/2020,organic,1.97,37644,1073,968,10,35593,11033,24560,0
San Diego,Weekly,5/31/2020,organic,1.88,36061,1399,1061,10,33591,12711,20880,0
San Diego,Weekly,5/24/2020,organic,1.98,41829,1445,1121,2,39260,13284,25977,0
San Diego,Weekly,7/12/2020,organic,1.98,36413.78,1422.43,1115.51,0,33875.84,9922.5,23953.34,0
San Diego,Weekly,7/5/2020,organic,1.99,39211.97,1608.62,1203.07,8.48,36391.8,7085.25,29306.55,0
San Diego,Weekly,6/28/2020,organic,1.58,38068.14,1388.88,1287.13,1.7,35390.43,9229.48,26160.95,0
San Diego,Weekly,6/21/2020,organic,1.78,42579.32,1071.72,1316.86,1.69,40189.05,7341.97,32847.08,0
