data/data sets/avocado0915.csv
region,Timeframe,Date,type,AveragePrice,Total Volume,4046,4225,4770,Total Bags,Small Bags,Large Bags,XLarge Bags
San Francisco,Weekly,1/6/2020,organic,1.98,67140.53,4048.98,5368.47,0,57723.08,57644.75,78.33,0
San Francisco,Weekly,1/12/2020,organic,2.03,52045.62,5607.84,5382.79,0,41054.99,40969.59,85.4,0
San Francisco,Weekly,1/19/2020,organic,2.03,55185.39,6835.53,5017.46,0,43332.4,43303.85,28.55,0
San Francisco,Weekly,1/26/2020,organic,2,58211.27,3308.83,4281.27,0,50621.17,50503.3,117.87,0
San Francisco,Weekly,2/2/2020,organic,1.85,66734.09,3018.71,5531.09,0,58184.29,58051.11,133.18,0
San Francisco,Weekly,2/9/2020,organic,1.96,64805.27,3616.39,5596.23,0,55592.65,55452.14,140.51,0
San Francisco,Weekly,2/16/2020,organic,2.07,62205.75,6872.29,5683.01,0,49650.45,49546.97,103.48,0
San Francisco,Weekly,2/23/2020,organic,2.03,62746.36,8835.59,7960.51,0,45950.26,45897.75,52.51,0
San Francisco,Weekly,3/1/2020,organic,2.03,73398.21,10379.2,8187.55,19.88,54811.58,54743.6,67.98,0
San Francisco,Weekly,3/8/2020,organic,2.08,72217.27,5081.75,7902.65,3.03,59229.84,59157.47,72.37,0
San Francisco,Weekly,3/15/2020,organic,1.98,95518.17,10562.88,12064.75,13.42,72877.12,72819.13,57.99,0
San Francisco,Weekly,3/22/2020,organic,1.91,69252.56,3648.79,9315.84,0,56287.93,56284.88,3.05,0
San Francisco,Weekly,4/19/2020,organic,1.96,46960.78,10931.42,8696.76,55.14,27277.46,26871.14,406.32,0
San Francisco,Weekly,4/12/2020,organic,2.12,54842.87,15236.95,8970.93,33.38,30601.61,30566.14,35.47,0
San Francisco,Weekly,4/5/2020,organic,2.05,67268.3,13329.09,9048.69,47.89,44842.63,44823.29,19.34,0
San Francisco,Weekly,3/29/2020,organic,1.95,76484.23,8954.97,7307.93,29.02,60192.31,60184.25,8.06,0
San Francisco,Weekly,5/17/2020,organic,1.95,73885,8549,6290,17,59029,58763,266,0
San Francisco,Weekly,5/10/2020,organic,2.15,58080,9335,6717,16,42012,41315,697,0
San Francisco,Weekly,5/3/2020,organic,2.26,49612,10945,6584,1,32082,29931,2151,0
San Francisco,Weekly,4/26/2020,organic,1.91,38434,4222,9822,0,24390,23471,919,0
San Francisco,Weekly,6/14/2020,organic,1.96,75204,12314,8717,28,54145,53484,660,0
San Francisco,Weekly,6/7/2020,organic,1.97,77302,14680,7293,26,55303,54597,706,0
San Francisco,Weekly,5/31/2020,organic,1.97,70495,14006,7900,28,48561,48158,403,0
San Francisco,Weekly,5/24/2020,organic,2.01,83161,10480,6519,10,66152,66057,95,0
San Francisco,Weekly,7/12/2020,organic,2.01,74092.39,11987.92,7187.44,8.78,54908.25,53657.74,1250.51,0
San Francisco,Weekly,7/5/2020,organic,2.01,79382.56,9704.82,7098.57,13.17,62566,56025.24,6540.76,0
San Francisco,Weekly,6/28/2020,organic,2.03,66053.46,15960.4,6545.7,29.27,43518.09,42574.82,943.27,0
San Francisco,Weekly,6/21/2020,organic,1.94,74511.93,12375.64,7040.83,26.35,55069.11,54431.55,637.56,0
Seattle,Weekly,1/6/2020,organic,1.59,40220.62,256.56,11983.69,0,27980.37,11379.41,16583.14,17.82
Seattle,Weekly,1/12/2020,organic,1.81,41949.49,235.35,7606.24,4.01,34103.89,14382.52,19721.37,0
Seattle,Weekly,1/19/2020,organic,1.49,85385.7,172.65,21678.37,11.95,63522.73,5032.28,58484.55,5.9
Seattle,Weekly,1/26/2020,organic,1.48,67461.35,263.71,32480.37,7.99,34709.28,8302.69,26406.59,0
Seattle,Weekly,2/2/2020,organic,1.37,120818.85,339.39,16581.69,16.02,103881.75,8738.52,94994.91,148.32
Seattle,Weekly,2/9/2020,organic,1.37,110615.44,419.35,13510.21,10.72,96675.16,14514.68,82056.28,104.2
Seattle,Weekly,2/16/2020,organic,1.49,91931.99,238.39,13444.72,2.68,78246.2,10315.02,67931.18,0
Seattle,Weekly,2/23/2020,organic,1.55,108460.1,416.31,18165.99,58.81,89818.99,8114.49,81631.73,72.77
Seattle,Weekly,3/1/2020,organic,1.98,69189.79,430.04,8819.27,6.69,59933.79,15950.13,43888.46,95.2
Seattle,Weekly,3/8/2020,organic,1.95,33180.86,441.95,6757.12,2.66,25979.13,18247.66,7731.47,0
Seattle,Weekly,3/15/2020,organic,1.93,98257.56,456.43,16099.15,17.08,81684.9,18269.88,63365.39,49.63
Seattle,Weekly,3/22/2020,organic,1.96,68980.83,388.59,13921.51,22.64,54648.09,13355.86,41292.23,0
Seattle,Weekly,4/19/2020,organic,2.02,70071.82,776,12543.33,26,56726.49,6593.62,50072.21,60.66
Seattle,Weekly,4/12/2020,organic,2.17,75119.96,499.53,9198.87,28.6,65392.96,34633.29,30612.36,147.31
Seattle,Weekly,4/5/2020,organic,2.04,84141.79,652.51,10169.84,11.7,73307.74,51474.99,21822.64,10.11
Seattle,Weekly,3/29/2020,organic,1.95,85816.56,808.49,10134.75,28.6,74844.72,30948.14,43736.27,160.31
Seattle,Weekly,5/17/2020,organic,2.07,72953,829,12352,8,59764,9096,50669,0
Seattle,Weekly,5/10/2020,organic,1.73,127307,795,25993,73,100446,10550,89894,3
Seattle,Weekly,5/3/2020,organic,1.72,122423,932,20420,4,101066,45756,55243,68
Seattle,Weekly,4/26/2020,organic,2.09,63464,729,14706,5,48023,6937,41086,0
Seattle,Weekly,6/14/2020,organic,1.92,70433,589,11437,22,58385,9560,48825,0
Seattle,Weekly,6/7/2020,organic,1.96,71925,632,13052,0,58242,2637,55604,0
Seattle,Weekly,5/31/2020,organic,1.98,70627,625,13791,0,56211,4145,52066,0
Seattle,Weekly,5/24/2020,organic,1.97,75233,976,13755,0,60501,7321,53177,3
Seattle,Weekly,7/12/2020,organic,2.09,58603.3,497.72,7381.76,38.08,50685.74,10726.55,39509.77,449.42
Seattle,Weekly,7/5/2020,organic,2.02,69103.79,599.04,8279.03,60.3,60165.42,7587.66,51333.95,1243.81
Seattle,Weekly,6/28/2020,organic,2.07,60898.12,603.15,9140.19,1.31,51153.47,7448.5,43704.97,0
Seattle,Weekly,6/21/2020,organic,2.04,64087.24,705.66,9504.43,27.42,53849.73,14653.48,39194.8,1.45
South Carolina,Weekly,1/6/2020,organic,1.55,18537.67,55.44,3353.25,47.63,15081.35,10505.61,4575.74,0
South Carolina,Weekly,1/12/2020,organic,1.51,18172.64,246.69,3480.47,52.07,14393.41,10765.49,3627.92,0
South Carolina,Weekly,1/19/2020,organic,1.61,16881.66,580.55,3683.97,110.01,12507.13,8572.61,3934.52,0
South Carolina,Weekly,1/26/2020,organic,1.53,20761.79,558.65,3632.69,130.01,16440.44,13976.22,2464.22,0
South Carolina,Weekly,2/2/2020,organic,1.64,17845.2,483.71,3126.46,66.55,14168.48,5682,8486.48,0
South Carolina,Weekly,2/9/2020,organic,1.61,16831.67,489.69,3103.73,54.23,13184.02,3400.35,9783.67,0
South Carolina,Weekly,2/16/2020,organic,1.52,18796.53,464.08,3028.68,79.17,15224.6,5305.05,9919.55,0
South Carolina,Weekly,2/23/2020,organic,1.65,16659.71,504.81,3111.41,95.73,12947.76,4437.28,8510.48,0
South Carolina,Weekly,3/1/2020,organic,1.59,19426.55,517.45,3015.82,83.71,15809.57,10928.95,4880.62,0
South Carolina,Weekly,3/8/2020,organic,1.54,24097.2,340.11,3441.92,17.95,20297.22,12670.96,7626.26,0
South Carolina,Weekly,3/15/2020,organic,1.68,24348.08,504.07,4094.29,36.95,19712.77,10096.88,9615.89,0
South Carolina,Weekly,3/22/2020,organic,1.5,24107.36,456.76,3757.06,64.12,19829.42,13284,6545.42,0
South Carolina,Weekly,4/19/2020,organic,1.52,27123.09,545.4,3155.82,24.95,23396.92,10745.73,12651.19,0
South Carolina,Weekly,4/12/2020,organic,1.52,28047.38,608.6,3903.47,32.29,23503.02,9389.07,14113.95,0
South Carolina,Weekly,4/5/2020,organic,1.52,31181.14,750.97,3474.33,32.29,26923.55,13817.73,13105.82,0
South Carolina,Weekly,3/29/2020,organic,1.52,25881.7,535.44,3938.21,48.03,21360.02,10711.83,10648.19,0
South Carolina,Weekly,5/17/2020,organic,1.49,31574,793,3257,69,27454,10073,17381,0
South Carolina,Weekly,5/10/2020,organic,1.5,31430,749,3210,54,27416,4717,22699,0
South Carolina,Weekly,5/3/2020,organic,1.38,32310,953,3803,73,27481,8296,19185,0
South Carolina,Weekly,4/26/2020,organic,1.52,28346,270,3122,15,24939,9097,15842,0
South Carolina,Weekly,6/14/2020,organic,1.5,33131,736,4608,47,27739,14206,13533,0
South Carolina,Weekly,6/7/2020,organic,1.53,31862,662,3973,80,27147,6547,20600,0
South Carolina,Weekly,5/31/2020,organic,1.56,30360,917,4027,44,25371,4076,21295,0
South Carolina,Weekly,5/24/2020,organic,1.49,31768,762,3981,47,26978,9827,17151,0
South Carolina,Weekly,7/12/2020,organic,1.64,28389.98,745.45,4111.49,50.61,23482.43,13754.17,9728.26,0
South Carolina,Weekly,7/5/2020,organic,1.51,32232.21,913.14,3975.19,92.14,27251.74,17813.47,9438.27,0
South Carolina,Weekly,6/28/2020,organic,1.53,30367.84,758.06,4146.42,91.98,25371.38,16460.2,8911.18,0
South Carolina,Weekly,6/21/2020,organic,1.49,32577.24,832.32,4201.52,72.57,27470.83,14730.39,12740.44,0
South Central,Weekly,1/6/2020,organic,1.34,135702,22194.46,1850.62,2192.75,109464.17,82393.54,27070.63,0
South Central,Weekly,1/12/2020,organic,1.35,152589.59,17136.21,2151.7,3055.56,130246.12,96344.6,33901.52,0
South Central,Weekly,1/19/2020,organic,1.33,137373.85,12363.23,1961.76,2658.09,120390.77,87529.96,32860.81,0
South Central,Weekly,1/26/2020,organic,1.34,131314.57,18204.79,1457.13,2749.3,108903.35,76929.66,31973.69,0
South Central,Weekly,2/2/2020,organic,1.33,126275.95,21165.12,1672.22,2881.51,100557.1,69423.97,31133.13,0
South Central,Weekly,2/9/2020,organic,1.3,133497.15,21172.36,1540.62,3230.04,107554.13,75762.41,31791.72,0
South Central,Weekly,2/16/2020,organic,1.25,156634.11,14733.01,1845.39,2987.43,137068.28,106912.54,30155.74,0
South Central,Weekly,2/23/2020,organic,1.32,138677.23,2992.23,2334.5,5275.53,128074.97,101845.5,26229.47,0
South Central,Weekly,3/1/2020,organic,1.4,146643.71,19074.76,2281.93,4561.46,120725.56,113021.13,7704.43,0
South Central,Weekly,3/8/2020,organic,1.42,161415.21,17588.63,2666.22,3679.72,137480.64,123841.87,13638.77,0
South Central,Weekly,3/15/2020,organic,1.48,215192.03,16713.92,2315.9,4867.18,191295.03,176163.82,15131.21,0
South Central,Weekly,3/22/2020,organic,1.46,208358.36,27067.14,1289.51,3223.55,176778.16,162685.37,14092.79,0
South Central,Weekly,4/19/2020,organic,1.28,239742.15,37706.28,2616.66,4500.55,194918.66,110744.72,84173.94,0
South Central,Weekly,4/12/2020,organic,1.35,241695.55,29580.77,2357.02,3173.07,206584.69,125519.76,81064.93,0
South Central,Weekly,4/5/2020,organic,1.33,241111.74,23994.74,2409.41,6094.08,208613.51,123615.93,84997.58,0
South Central,Weekly,3/29/2020,organic,1.35,204175.86,23748.31,1595.8,4019.04,174812.71,110704.38,64108.33,0
South Central,Weekly,5/17/2020,organic,1.33,225767,21848,2634,3764,197521,110974,86548,0
South Central,Weekly,5/10/2020,organic,1.3,228791,28437,2783,2670,194902,104649,90253,0
South Central,Weekly,5/3/2020,organic,1.28,207378,27139,3228,3048,173964,80285,93678,0
South Central,Weekly,4/26/2020,organic,1.32,231138,26973,2760,4463,196942,110378,86564,0
South Central,Weekly,6/14/2020,organic,1.34,236026,14571,3113,4412,213931,140449,73482,0
South Central,Weekly,6/7/2020,organic,1.36,245194,20357,2632,4614,217590,147840,69750,0
South Central,Weekly,5/31/2020,organic,1.33,236150,20856,2958,2621,209714,141023,68691,0
South Central,Weekly,5/24/2020,organic,1.31,232141,18526,3148,2925,207541,123839,83702,0
South Central,Weekly,7/12/2020,organic,1.29,226373.8,11155.73,3221.02,3352.56,208644.49,138751.09,69893.4,0
South Central,Weekly,7/5/2020,organic,1.32,264427.91,16247.57,3211.28,3416.59,241552.47,159707.13,81845.34,0
South Central,Weekly,6/28/2020,organic,1.31,242889.07,14994.59,2743.8,4252.47,220898.21,140355.09,80543.12,0
South Central,Weekly,6/21/2020,organic,1.32,241716.62,14560.43,2945.64,3472.73,220737.82,149739.85,70997.97,0
Southeast,Weekly,1/6/2020,organic,1.29,127700.34,1576.95,11286.49,51.07,114785.83,89447.41,25338.42,0
Southeast,Weekly,1/12/2020,organic,1.24,144286.9,1791.42,13031.03,55.62,129408.83,98627.86,30780.97,0
Southeast,Weekly,1/19/2020,organic,1.25,126013.19,1858.55,13049.16,117.08,110988.4,83199.26,27789.14,0
Southeast,Weekly,1/26/2020,organic,1.29,141103.93,2187.95,11497.93,137.82,127280.23,111558.06,15722.17,0
Southeast,Weekly,2/2/2020,organic,1.38,123768.73,1605.92,11410.98,71.8,110680.03,74168.87,36511.16,0
Southeast,Weekly,2/9/2020,organic,1.28,111686.73,1604.1,10304.26,57.16,99721.21,77005.2,22716.01,0
Southeast,Weekly,2/16/2020,organic,1.19,138225.74,1677.29,9990.98,83.42,126474.05,103560.2,22913.85,0
Southeast,Weekly,2/23/2020,organic,1.28,133372.42,1758.36,10387.69,108.18,121118.19,95971.05,25147.14,0
Southeast,Weekly,3/1/2020,organic,1.26,146398.75,1946.88,10369.85,87.83,133994.19,117661.25,16332.94,0
Southeast,Weekly,3/8/2020,organic,1.29,172279.01,1994.37,11531.47,18.92,158734.25,122794.58,35939.67,0
Southeast,Weekly,3/15/2020,organic,1.38,187998.17,3010.54,12961.77,39.12,171986.74,128140.3,43846.44,0
Southeast,Weekly,3/22/2020,organic,1.27,172782.87,2759.02,11586.43,74.14,158363.28,140717.72,17645.56,0
Southeast,Weekly,4/19/2020,organic,1.41,164132.12,2957.67,10269.19,24.74,150880.52,96661.91,54218.61,0
Southeast,Weekly,4/12/2020,organic,1.45,157704.74,2577.11,12705.03,37.83,142384.77,73665.56,68719.21,0
Southeast,Weekly,4/5/2020,organic,1.41,189176.32,2996.97,11887.17,32,174260.18,105033.06,69227.12,0
Southeast,Weekly,3/29/2020,organic,1.39,169203.96,2862.78,11889.37,55.72,154396.09,101492.84,52903.25,0
Southeast,Weekly,5/17/2020,organic,1.36,181469,2845,8906,60,169657,111142,58514,0
Southeast,Weekly,5/10/2020,organic,1.38,188370,2798,10845,47,174681,95611,79070,0
Southeast,Weekly,5/3/2020,organic,1.36,176887,3686,13022,63,160116,95503,64613,0
Southeast,Weekly,4/26/2020,organic,1.46,184647,3084,10270,15,171279,98333,72945,0
Southeast,Weekly,6/14/2020,organic,1.36,183323,2140,10056,46,171081,110368,60714,0
Southeast,Weekly,6/7/2020,organic,1.4,188771,2834,8821,69,177047,105283,71763,0
Southeast,Weekly,5/31/2020,organic,1.42,182341,5128,8949,39,168225,95059,73166,0
Southeast,Weekly,5/24/2020,organic,1.37,189057,5573,9719,40,173725,109871,63854,0
Southeast,Weekly,7/12/2020,organic,1.54,151723.75,2075.72,10592.22,45.38,139010.43,71433.44,67576.99,0
Southeast,Weekly,7/5/2020,organic,1.38,179713.02,2523.59,9616.57,82.12,167490.74,111901.92,55588.82,0
Southeast,Weekly,6/28/2020,organic,1.39,170889.93,2063.79,9093.86,81.77,159650.51,108928.42,50722.09,0
Southeast,Weekly,6/21/2020,organic,1.36,180137.34,2187.24,9556.53,64.23,168329.34,109847.98,58481.36,0
Spokane,Weekly,1/6/2020,organic,1.73,3356.13,48.45,931.1,0,2376.58,2243.16,133.42,0
Spokane,Weekly,1/12/2020,organic,1.37,4438.6,55.3,1008.13,0,3375.17,1810.76,1564.41,0
Spokane,Weekly,1/19/2020,organic,1.62,5156.77,25.52,867.68,0,4263.57,872.74,3390.83,0
Spokane,Weekly,1/26/2020,organic,1.63,4704.77,14.98,1200.66,0,3489.13,1296.6,2192.53,0
Spokane,Weekly,2/2/2020,organic,1.56,5512.7,21.47,783.62,0,4707.61,1651.84,3055.77,0
Spokane,Weekly,2/9/2020,organic,1.5,6321.06,15.18,780.62,0,5525.26,2819.58,2705.68,0
Spokane,Weekly,2/16/2020,organic,1.82,5762.91,17.25,765.61,0,4980.05,2727.54,2252.51,0
Spokane,Weekly,2/23/2020,organic,1.81,5167.17,15.13,652.96,0,4499.08,2726.14,1772.94,0
Spokane,Weekly,3/1/2020,organic,1.82,5159.48,21.68,544.07,0,4593.73,2442.99,2150.74,0
Spokane,Weekly,3/8/2020,organic,1.61,5679.01,30.53,547.3,0,5101.18,4182.95,918.23,0
Spokane,Weekly,3/15/2020,organic,2.08,6001.64,69.53,621.46,0,5310.65,3321.22,1989.43,0
Spokane,Weekly,3/22/2020,organic,1.97,5334.76,26.76,800.69,0,4507.31,2201.99,2305.32,0
Spokane,Weekly,4/19/2020,organic,1.89,8047.32,19.2,812.64,0,7215.48,1831.06,5382.05,2.37
Spokane,Weekly,4/12/2020,organic,1.84,8931.39,40.53,789.18,0,8101.68,4115.5,3983.81,2.37
Spokane,Weekly,4/5/2020,organic,1.89,7238.54,125.84,718.79,0,6393.91,4149.61,2244.3,0
Spokane,Weekly,3/29/2020,organic,1.87,7867.79,113.04,748.65,0,7006.1,3548.41,3457.69,0
Spokane,Weekly,5/17/2020,organic,1.85,8283,53,1212,0,7019,3269,3749,0
Spokane,Weekly,5/10/2020,organic,1.85,10083,94,1487,0,8503,2827,5676,0
Spokane,Weekly,5/3/2020,organic,1.8,8929,13,870,0,8046,3467,4579,0
Spokane,Weekly,4/26/2020,organic,1.88,7690,17,759,0,6914,1595,5318,0
Spokane,Weekly,6/14/2020,organic,1.73,8372,57,943,0,7372,1788,5584,0
Spokane,Weekly,6/7/2020,organic,1.88,8658,36,697,0,7925,1023,6902,0
Spokane,Weekly,5/31/2020,organic,1.91,7642,25,1105,0,6511,1149,5362,0
Spokane,Weekly,5/24/2020,organic,1.99,8925,73,770,0,8082,3255,4828,0
Spokane,Weekly,7/12/2020,organic,1.79,8713.44,42.63,867.54,0,7803.27,3173.07,4554.41,75.79
Spokane,Weekly,7/5/2020,organic,1.9,11854.13,80.93,828.44,0,10944.76,4498.97,6116.88,328.91
Spokane,Weekly,6/28/2020,organic,1.95,7631.37,21.28,795.8,0,6814.29,1043.23,5771.06,0
Spokane,Weekly,6/21/2020,organic,1.74,8142.91,23.39,903.52,0,7216,1596.49,5619.51,0
