data/data sets/avocado0915.csv
region,Timeframe,Date,type,AveragePrice,Total Volume,4046,4225,4770,Total Bags,Small Bags,Large Bags,XLarge Bags
St. Louis,Weekly,1/6/2020,organic,2.07,7833.62,1229.32,2310.66,0,4293.64,2039.26,2254.38,0
St. Louis,Weekly,1/12/2020,organic,1.95,8091.67,1095.71,2084.13,0,4911.83,2833.33,2078.5,0
St. Louis,Weekly,1/19/2020,organic,1.3,25244.97,19209.95,1943.75,0,4091.27,1726.17,2365.1,0
St. Louis,Weekly,1/26/2020,organic,2.09,9071.57,2851.65,1776.6,0,4443.32,2220,2223.32,0
St. Louis,Weekly,2/2/2020,organic,2.11,6837.84,1075.04,1390.3,0,4372.5,2471.11,1901.39,0
St. Louis,Weekly,2/9/2020,organic,1.82,5097.36,833.9,1175.21,0,3088.25,2966.67,121.58,0
St. Louis,Weekly,2/16/2020,organic,1.79,4634.25,1077.27,822.54,0,2734.44,2734.44,0,0
St. Louis,Weekly,2/23/2020,organic,1.24,23426.6,14609.59,2804.6,8.56,6003.85,3318.99,2684.86,0
St. Louis,Weekly,3/1/2020,organic,1.98,12498.11,1535.21,3281.47,7.14,7674.29,2863.61,4810.68,0
St. Louis,Weekly,3/8/2020,organic,1.89,14459.04,1173.48,4104.3,11.48,9169.78,2935.78,6234,0
St. Louis,Weekly,3/15/2020,organic,2.06,12415.9,1943.48,2584.14,15.77,7872.51,3467.68,4404.83,0
St. Louis,Weekly,3/22/2020,organic,2.15,9490.32,1646.91,1580.92,0,6262.49,3499.31,2763.18,0
St. Louis,Weekly,4/19/2020,organic,2.12,10150.01,1717.38,2210.45,5.57,6216.61,3522.22,2694.39,0
St. Louis,Weekly,4/12/2020,organic,2.1,7909.06,1259.74,1547.46,9.75,5092.11,2866.65,2225.46,0
St. Louis,Weekly,4/5/2020,organic,2.21,8834.54,1906.81,1956.95,15.32,4955.46,2340,2615.46,0
St. Louis,Weekly,3/29/2020,organic,2.25,6879.82,1328.99,1484.78,0,4066.05,2129.99,1936.06,0
St. Louis,Weekly,5/17/2020,organic,2.02,8478,1536,1468,0,5473,3373,2100,0
St. Louis,Weekly,5/10/2020,organic,2.06,9686,1763,1735,7,6181,3579,2602,0
St. Louis,Weekly,5/3/2020,organic,2.02,9268,1915,1572,10,5771,3566,2205,0
St. Louis,Weekly,4/26/2020,organic,2.21,10067,1586,2320,6,6156,2961,3195,0
St. Louis,Weekly,6/14/2020,organic,1.96,9948,1041,2031,1,6874,4202,2672,0
St. Louis,Weekly,6/7/2020,organic,2.09,9162,1274,2107,0,5781,3114,2666,0
St. Louis,Weekly,5/31/2020,organic,2.03,8489,1355,1602,0,5532,3421,2111,0
St. Louis,Weekly,5/24/2020,organic,2.03,8461,1285,1549,0,5626,3496,2131,0
St. Louis,Weekly,7/12/2020,organic,1.99,7086.82,1061.56,1399.76,8.61,4616.89,2733.33,1883.56,0
St. Louis,Weekly,7/5/2020,organic,2.02,8903.58,1621.32,1760.75,8.6,5512.91,2997.78,2515.13,0
St. Louis,Weekly,6/28/2020,organic,1.93,8183.94,1188.13,1558.53,41.5,5395.78,3333.33,2062.45,0
St. Louis,Weekly,6/21/2020,organic,1.95,8934.65,1195.32,1808.5,10.01,5920.82,3555.56,2365.26,0
Syracuse,Weekly,1/6/2020,organic,1.17,4228.66,86.67,83.77,0,4058.22,990.95,3067.27,0
Syracuse,Weekly,1/12/2020,organic,1.2,4401.25,168.26,93.78,0,4139.21,954.87,3184.34,0
Syracuse,Weekly,1/19/2020,organic,1.27,3650.33,80.19,52.43,0,3517.71,749.48,2768.23,0
Syracuse,Weekly,1/26/2020,organic,1.43,3266.78,120.44,97.02,0,3049.32,1744.95,1304.37,0
Syracuse,Weekly,2/2/2020,organic,1.3,3754.61,422.56,112.81,0,3219.24,1793.96,1425.28,0
Syracuse,Weekly,2/9/2020,organic,1.47,3898.57,249.02,124.68,0,3524.87,2085.83,1439.04,0
Syracuse,Weekly,2/16/2020,organic,1.45,3824.42,135.39,153.53,0,3535.5,1158.1,2377.4,0
Syracuse,Weekly,2/23/2020,organic,1.21,5302.14,81.8,113.14,0,5107.2,2757.44,2349.76,0
Syracuse,Weekly,3/1/2020,organic,1.46,4043.96,163.55,215.54,1.4,3663.47,2489.36,1174.11,0
Syracuse,Weekly,3/8/2020,organic,1.46,4352.27,95.88,111.39,0,4145,2430.99,1714.01,0
Syracuse,Weekly,3/15/2020,organic,1.47,4956.54,145.38,120.38,0,4690.78,2822.86,1867.92,0
Syracuse,Weekly,3/22/2020,organic,1.55,3507.46,288.59,117.9,0,3100.97,1071.22,2029.75,0
Syracuse,Weekly,4/19/2020,organic,1.67,5661.65,589.66,157.52,4.15,4910.32,3432.09,1478.23,0
Syracuse,Weekly,4/12/2020,organic,1.66,5955.06,502.54,153.67,0,5298.85,3439.15,1859.7,0
Syracuse,Weekly,4/5/2020,organic,1.62,5338.71,228.86,141.21,0,4968.64,2575.17,2393.47,0
Syracuse,Weekly,3/29/2020,organic,1.5,4695.35,234.81,105.21,0,4355.33,1268.13,3087.2,0
Syracuse,Weekly,5/17/2020,organic,1.63,1798,249,143,0,1407,1111,295,0
Syracuse,Weekly,5/10/2020,organic,1.51,2043,306,198,6,1533,1164,369,0
Syracuse,Weekly,5/3/2020,organic,1.62,2062,181,133,0,1747,1231,517,0
Syracuse,Weekly,4/26/2020,organic,1.68,2862,400,173,6,2283,1758,525,0
Syracuse,Weekly,6/14/2020,organic,1.63,1696,221,81,0,1394,1137,257,0
Syracuse,Weekly,6/7/2020,organic,1.68,1867,345,116,0,1406,1016,390,0
Syracuse,Weekly,5/31/2020,organic,1.66,1931,317,128,0,1486,1105,381,0
Syracuse,Weekly,5/24/2020,organic,1.67,2157,425,150,0,1582,1153,429,0
Syracuse,Weekly,7/12/2020,organic,1.65,4515.61,372.59,185.66,0,3957.36,3387.03,570.33,0
Syracuse,Weekly,7/5/2020,organic,1.61,4280.86,271.58,109.67,0,3899.61,3392.39,507.22,0
Syracuse,Weekly,6/28/2020,organic,1.64,4328.89,378.82,112.1,0,3837.97,3404.28,433.69,0
Syracuse,Weekly,6/21/2020,organic,1.66,5062.17,284.81,118.78,0,4658.58,4213.15,445.43,0
Tampa,Weekly,1/6/2020,organic,1.15,9233.65,165.09,3,0,9065.56,9065.56,0,0
Tampa,Weekly,1/12/2020,organic,1.15,10241.99,214.22,0,0,10027.77,10027.77,0,0
Tampa,Weekly,1/19/2020,organic,1.15,8500.38,138.17,0,0,8362.21,8362.21,0,0
Tampa,Weekly,1/26/2020,organic,1.15,9497.86,123.53,1,0,9373.33,9373.33,0,0
Tampa,Weekly,2/2/2020,organic,1.15,8706.35,175.24,0,0,8531.11,8531.11,0,0
Tampa,Weekly,2/9/2020,organic,1.13,8041.47,123.7,0,0,7917.77,7917.77,0,0
Tampa,Weekly,2/16/2020,organic,1.15,9532.04,159.6,0,0,9372.44,9372.44,0,0
Tampa,Weekly,2/23/2020,organic,1.14,9516.62,162.88,0,0,9353.74,9353.74,0,0
Tampa,Weekly,3/1/2020,organic,1.09,14394.89,116.75,1,0,14277.14,14270.47,6.67,0
Tampa,Weekly,3/8/2020,organic,1.12,13873.97,163.83,0,0,13710.14,13710.14,0,0
Tampa,Weekly,3/15/2020,organic,1.16,13494.22,162.34,0,0,13331.88,13331.88,0,0
Tampa,Weekly,3/22/2020,organic,1.07,15127.03,237.36,0,0,14889.67,14889.67,0,0
Tampa,Weekly,4/19/2020,organic,1.19,10230.83,272.38,2.59,0,9955.86,9955.86,0,0
Tampa,Weekly,4/12/2020,organic,1.19,8651.07,311.58,0,0,8339.49,8339.49,0,0
Tampa,Weekly,4/5/2020,organic,1.18,11944.41,341.21,5.19,0,11598.01,11598.01,0,0
Tampa,Weekly,3/29/2020,organic,1.15,12375.84,366.07,0,0,12009.77,12009.77,0,0
Tampa,Weekly,5/17/2020,organic,1.19,14134,200,0,0,13933,13933,0,0
Tampa,Weekly,5/10/2020,organic,1.2,13095,262,0,0,12832,12832,0,0
Tampa,Weekly,5/3/2020,organic,1.22,12175,446,0,0,11728,11728,0,0
Tampa,Weekly,4/26/2020,organic,1.2,12214,430,0,0,11784,11784,0,0
Tampa,Weekly,6/14/2020,organic,1.2,12823,244,0,0,12579,12579,0,0
Tampa,Weekly,6/7/2020,organic,1.2,13864,321,0,0,13543,13543,0,0
Tampa,Weekly,5/31/2020,organic,1.21,14349,494,2,0,13853,13853,0,0
Tampa,Weekly,5/24/2020,organic,1.23,15526,949,0,0,14577,14577,0,0
Tampa,Weekly,7/12/2020,organic,1.16,10941.71,174.56,0,0,10767.15,10401.59,365.56,0
Tampa,Weekly,7/5/2020,organic,1.16,11411.13,152.81,0,0,11258.32,11211.65,46.67,0
Tampa,Weekly,6/28/2020,organic,1.19,11852.73,156.06,0,0,11696.67,11696.67,0,0
Tampa,Weekly,6/21/2020,organic,1.19,11130.7,110.61,0,0,11020.09,11020.09,0,0
Total U.S.,Weekly,1/6/2020,organic,1.4,1661847.67,111735.11,180465.83,3006.45,1366605,1060725.23,305796.57,83.2
Total U.S.,Weekly,1/12/2020,organic,1.41,1960946.8,152181.51,164251.09,4714.51,1639770.67,1282533.77,357168.72,68.18
Total U.S.,Weekly,1/19/2020,organic,1.35,2058102.35,211748.69,184267.17,4167.88,1657863.84,1298598.3,359200.35,65.19
Total U.S.,Weekly,1/26/2020,organic,1.44,1701009.45,108818.36,166076.47,4202.12,1421897.31,1190893.61,230944.34,59.36
Total U.S.,Weekly,2/2/2020,organic,1.39,1880070.18,102256.45,164462.5,4846.62,1608494.46,1196781.92,411511.17,201.37
Total U.S.,Weekly,2/9/2020,organic,1.43,1707021.21,92588.79,138334.93,5031.51,1471034.45,1122901.88,347950.71,181.86
Total U.S.,Weekly,2/16/2020,organic,1.44,1732031.05,87183.78,127566.95,4814.6,1512340.96,1216659.79,295664.17,17
Total U.S.,Weekly,2/23/2020,organic,1.41,1871904.09,105003.23,150837.39,6789.04,1609225.47,1298135.07,311012.52,77.88
Total U.S.,Weekly,3/1/2020,organic,1.54,1982156.27,166117.62,235288.29,6603.79,1574057.38,1263531.12,310425.88,100.38
Total U.S.,Weekly,3/8/2020,organic,1.56,1785038.66,102732.94,163756.07,4944.72,1513508.71,1224311.12,289152.22,45.37
Total U.S.,Weekly,3/15/2020,organic,1.66,2278473.29,118431.74,186208.86,6453.38,1967299.84,1521407.28,445840.08,52.48
Total U.S.,Weekly,3/22/2020,organic,1.59,1883052.28,113678.33,156134.06,5409.85,1607681.81,1308780.67,298854.12,47.02
Total U.S.,Weekly,4/19/2020,organic,1.58,2182476.51,178159.04,180706.16,7018.65,1816592.66,1034500.25,782012.66,79.75
Total U.S.,Weekly,4/12/2020,organic,1.61,2191132.46,181767.25,167492.89,4618.03,1837246.38,1066196.32,770183.37,866.69
Total U.S.,Weekly,4/5/2020,organic,1.6,2239685.17,151730.68,176576.05,8165.51,1903189.58,1198167.29,704929.28,93.01
Total U.S.,Weekly,3/29/2020,organic,1.59,1904234.87,108627.11,160024.78,5930.32,1629641.7,1033147.13,596157.67,336.9
Total U.S.,Weekly,5/17/2020,organic,1.58,2271254,150100,198457,5429,1917250,1121691,795559,0
Total U.S.,Weekly,5/10/2020,organic,1.56,2388687,167266,223077,4442,1993895,1087768,906107,20
Total U.S.,Weekly,5/3/2020,organic,1.56,2157708,141181,217577,5659,1793276,1064429,728577,270
Total U.S.,Weekly,4/26/2020,organic,1.58,2135665,135549,200030,6809,1793277,1019488,773782,6
Total U.S.,Weekly,6/14/2020,organic,1.59,2192761,108037,184227,7759,1892718,1099094,793622,2
Total U.S.,Weekly,6/7/2020,organic,1.59,2268714,139122,179556,7020,1943011,1114499,828512,0
Total U.S.,Weekly,5/31/2020,organic,1.59,2182589,136497,179966,4366,1861760,1077348,784411,1
Total U.S.,Weekly,5/24/2020,organic,1.59,2345443,144844,178455,5449,2016671,1197701,818967,3
Total U.S.,Weekly,7/12/2020,organic,1.64,2071489.81,137270.51,160186.45,6506.73,1767512.03,1032775.83,733650.89,1085.31
Total U.S.,Weekly,7/5/2020,organic,1.63,2239483.59,147332.86,159243.48,7125.74,1925781.51,1122656.11,800243.48,2881.92
Total U.S.,Weekly,6/28/2020,organic,1.59,2083765.75,143548.5,154745.67,7785.77,1777681.88,1069612.68,708061.87,7.33
Total U.S.,Weekly,6/21/2020,organic,1.59,2240038.17,123964.22,173127.6,6587.39,1936332.22,1122846.75,813482.54,2.93
West,Weekly,1/6/2020,organic,1.51,274540.27,23699.1,35818.42,469.71,214553.04,170725.09,43744.75,83.2
West,Weekly,1/12/2020,organic,1.26,493633.15,55368.84,28441.01,831.82,408991.48,348174.48,60748.82,68.18
West,Weekly,1/19/2020,organic,1.19,559212.7,62029.53,44795.39,789.95,451597.83,345160.78,106371.86,65.19
West,Weekly,1/26/2020,organic,1.44,337570.19,25168.68,60280.38,771.23,251349.9,196496.21,54794.33,59.36
West,Weekly,2/2/2020,organic,1.4,406502.88,18069.67,34000.76,1048.97,353383.48,197149.25,156032.86,201.37
West,Weekly,2/9/2020,organic,1.47,384422.48,16993.11,30148.27,906.42,336374.68,195596.26,140596.56,181.86
West,Weekly,2/16/2020,organic,1.6,327231.33,13718.55,30742.1,760.25,282010.43,161211.27,120783.91,15.25
West,Weekly,2/23/2020,organic,1.58,357405.93,15309.87,36828.78,965.76,304301.52,170586.64,133640.51,74.37
West,Weekly,3/1/2020,organic,1.74,295461.25,12266.57,24072.25,1433.93,257688.5,169552.23,88037.64,98.63
West,Weekly,3/8/2020,organic,1.7,247855.22,12391.68,21982.32,990.9,212490.32,174530.8,37914.15,45.37
West,Weekly,3/15/2020,organic,1.8,376214.58,15352.53,34765.33,1198.27,324898.45,211616.88,113229.09,52.48
West,Weekly,3/22/2020,organic,1.81,278879.98,13168.97,30988.95,1665.8,233056.26,147924.19,85085.05,47.02
West,Weekly,4/19/2020,organic,1.68,374060.14,38388.48,33879.29,1246.95,300545.42,107885.54,192581.84,78.04
West,Weekly,4/12/2020,organic,1.74,362032.28,38136.12,30066.49,902.68,292926.99,127442.91,164632.8,851.28
West,Weekly,4/5/2020,organic,1.72,358466.4,28226.1,29143.71,1588.61,299507.98,165043.4,134443.95,20.63
West,Weekly,3/29/2020,organic,1.71,319478.21,10238.36,29135.42,1436.43,278668,142226.87,136277.55,163.58
West,Weekly,5/17/2020,organic,1.71,384158,23455,39738,1034,319932,130051,189881,0
West,Weekly,5/10/2020,organic,1.62,471868,31827,52797,1068,386176,138232,247924,20
West,Weekly,5/3/2020,organic,1.61,425524,22573,44469,1217,357264,169597,187398,270
West,Weekly,4/26/2020,organic,1.72,336534,26955,37369,1312,270898,117606,153289,3
West,Weekly,6/14/2020,organic,1.6,398059,17612,37345,1298,341803,151375,190428,0
West,Weekly,6/7/2020,organic,1.65,416725,18770,35471,1318,361167,140555,220613,0
West,Weekly,5/31/2020,organic,1.69,387861,16335,36649,921,333956,135903,198051,1
West,Weekly,5/24/2020,organic,1.69,396682,14899,35913,1215,344654,137184,207467,3
West,Weekly,7/12/2020,organic,1.64,387388.09,47856.87,27231.87,1117.08,311182.27,144427.96,165669,1085.31
West,Weekly,7/5/2020,organic,1.65,418694.55,40509.98,28338.93,1549.89,348295.75,151982.82,193431.01,2881.92
West,Weekly,6/28/2020,organic,1.66,370588.73,41634.93,29566.36,1493.12,297894.32,141586.08,156300.91,7.33
West,Weekly,6/21/2020,organic,1.58,408166.67,29156.32,33693.95,987.57,344328.83,157382.07,186943.83,2.93
West Tex/New Mexico,Weekly,1/6/2020,organic,1.29,25878.23,1716.57,517.78,1298.84,22345.04,20561.19,1783.85,0
West Tex/New Mexico,Weekly,1/12/2020,organic,1.34,24120.9,1187.01,617.72,2043.99,20272.18,18689.79,1582.39,0
West Tex/New Mexico,Weekly,1/19/2020,organic,1.32,26229.1,1382.18,644.9,1774.35,22427.67,21265.82,1161.85,0
West Tex/New Mexico,Weekly,1/26/2020,organic,1.4,26160.83,1372.13,504.69,1758.52,22525.49,20688.41,1837.08,0
West Tex/New Mexico,Weekly,2/2/2020,organic,1.45,22561.81,850.7,571.24,2154.49,18985.38,17287.37,1698.01,0
West Tex/New Mexico,Weekly,2/9/2020,organic,1.44,23598.85,1025.07,505.47,2111.4,19956.91,17814.72,2142.19,0
West Tex/New Mexico,Weekly,2/16/2020,organic,1.4,23521.6,1015.18,506.34,1948.29,20051.79,17795.91,2255.88,0
West Tex/New Mexico,Weekly,2/23/2020,organic,1.5,23908.87,1062.61,633.13,2485.54,19727.59,17774.63,1952.96,0
West Tex/New Mexico,Weekly,3/1/2020,organic,1.6,24587.08,591.97,848.22,3262.91,19883.98,19006.73,877.25,0
West Tex/New Mexico,Weekly,3/8/2020,organic,1.59,24625.72,712.91,1108.31,2489.78,20314.72,19863.74,450.98,0
West Tex/New Mexico,Weekly,3/15/2020,organic,1.62,28102.4,864.02,681.82,3034.14,23522.42,22948.56,573.86,0
West Tex/New Mexico,Weekly,3/22/2020,organic,1.61,27648.04,745.05,405.43,2761.47,23736.09,23086.26,649.83,0
West Tex/New Mexico,Weekly,4/19/2020,organic,1.63,28991.82,1307.4,1007.02,3007.5,23669.9,18937.02,4732.88,0
West Tex/New Mexico,Weekly,4/12/2020,organic,1.72,16063,1632.59,1111.49,2203.91,11115.01,6040.8,5074.21,0
West Tex/New Mexico,Weekly,4/5/2020,organic,1.67,26787.67,721.03,920.86,4109.45,21036.33,15924.92,5111.41,0
West Tex/New Mexico,Weekly,3/29/2020,organic,1.6,24544.94,638.96,693.39,2963.42,20249.17,17197.35,3051.82,0
West Tex/New Mexico,Weekly,5/17/2020,organic,1.58,36881,1147,1243,2645,31846,25621,6225,0
West Tex/New Mexico,Weekly,5/10/2020,organic,1.59,35772,994,983,2103,31691,25484,6208,0
West Tex/New Mexico,Weekly,5/3/2020,organic,1.68,25155,1185,948,2537,20485,15679,4806,0
West Tex/New Mexico,Weekly,4/26/2020,organic,1.73,26519,1096,1042,3263,21118,18122,2996,0
West Tex/New Mexico,Weekly,6/14/2020,organic,1.65,34792,933,1124,3274,29461,24833,4629,0
West Tex/New Mexico,Weekly,6/7/2020,organic,1.67,33257,881,1126,3202,28048,21960,6087,0
West Tex/New Mexico,Weekly,5/31/2020,organic,1.61,32540,1038,1100,2224,28178,21605,6573,0
West Tex/New Mexico,Weekly,5/24/2020,organic,1.61,36906,800,1241,2647,32219,25595,6624,0
West Tex/New Mexico,Weekly,7/12/2020,organic,1.5,34669.26,884.79,1216.06,2626.76,29941.65,25402,4539.65,0
West Tex/New Mexico,Weekly,7/5/2020,organic,1.47,39661.54,831.84,1078.6,3072.38,34678.72,29580.67,5098.05,0
West Tex/New Mexico,Weekly,6/28/2020,organic,1.47,44358.33,779.84,1219.82,3456.72,38901.95,32558.89,6343.06,0
West Tex/New Mexico,Weekly,6/21/2020,organic,1.44,40888.91,1063.53,1192.51,2192.85,36440.02,29753.95,6686.07,0
